scons: Reading SConscript files ...
Using configuation file "/home/marco/Renderers/mitsuba-fork/config.py"
Checking for Qt 5.x... yes
Checking for g++ ...(cached) yes
Checking for C header file png.h... (cached) yes
Checking for C header file jpeglib.h... (cached) yes
Checking for C++ header file ImfRgba.h... (cached) yes
Checking for C++ header file xercesc/dom/DOMLSParser.hpp... (cached) yes
Checking for C++ header file dae.h... (cached) no
COLLADA DOM is missing: not building the COLLADA importer
Checking for C++ header file pyconfig.h... (cached) yes
Checking for C++ header file pyconfig.h... (cached) yes
Checking for C++ header file boost/version.hpp... (cached) yes
Checking for C++ header file Eigen/Core... (cached) yes
Checking for C++ header file fftw3.h... (cached) yes
Checking for C header file GL/gl.h... (cached) yes
Checking for C header file GL/glu.h... (cached) yes
Checking for C header file GL/glext.h... (cached) yes
Checking for C header file GL/glew.h... (cached) yes
Checking for C type GLEWContext... (cached) yes
Checking for C header file X11/extensions/xf86vmode.h... (cached) yes
Checking for Mitsuba version .. 0.6.0
scons: done reading SConscript files.
scons: Building targets ...
g++ -o build/release/bsdfs/blendbsdf.os -c -O3 -Wall -g -pipe -march=nocona -msse2 -ftree-vectorize -mfpmath=sse -funsafe-math-optimizations -fno-rounding-math -fno-signaling-nans -fno-math-errno -fomit-frame-pointer -DMTS_DEBUG -DSINGLE_PRECISION -DSPECTRUM_SAMPLES=3 -DMTS_SSE -DMTS_HAS_COHERENT_RT -fopenmp -fvisibility=hidden -mtls-dialect=gnu2 -fPIC -fPIC -DMTS_HAS_LIBPNG=1 -DMTS_HAS_LIBJPEG=1 -DMTS_HAS_OPENEXR=1 -DMTS_HAS_FFTW=1 -I/usr/include/eigen3 -I/usr/include/OpenEXR -Iinclude src/bsdfs/blendbsdf.cpp
g++ -o build/release/libcore/class.os -c -O3 -Wall -g -pipe -march=nocona -msse2 -ftree-vectorize -mfpmath=sse -funsafe-math-optimizations -fno-rounding-math -fno-signaling-nans -fno-math-errno -fomit-frame-pointer -DMTS_DEBUG -DSINGLE_PRECISION -DSPECTRUM_SAMPLES=3 -DMTS_SSE -DMTS_HAS_COHERENT_RT -fopenmp -fvisibility=hidden -mtls-dialect=gnu2 -fPIC -fPIC -DMTS_BUILD_MODULE=MTS_MODULE_CORE -DMTS_HAS_LIBPNG=1 -DMTS_HAS_LIBJPEG=1 -DMTS_HAS_OPENEXR=1 -DMTS_HAS_FFTW=1 -I/usr/include/OpenEXR -I/usr/include/eigen3 -I/usr/include/OpenEXR -Iinclude src/libcore/class.cpp
g++ -o build/release/libcore/object.os -c -O3 -Wall -g -pipe -march=nocona -msse2 -ftree-vectorize -mfpmath=sse -funsafe-math-optimizations -fno-rounding-math -fno-signaling-nans -fno-math-errno -fomit-frame-pointer -DMTS_DEBUG -DSINGLE_PRECISION -DSPECTRUM_SAMPLES=3 -DMTS_SSE -DMTS_HAS_COHERENT_RT -fopenmp -fvisibility=hidden -mtls-dialect=gnu2 -fPIC -fPIC -DMTS_BUILD_MODULE=MTS_MODULE_CORE -DMTS_HAS_LIBPNG=1 -DMTS_HAS_LIBJPEG=1 -DMTS_HAS_OPENEXR=1 -DMTS_HAS_FFTW=1 -I/usr/include/OpenEXR -I/usr/include/eigen3 -I/usr/include/OpenEXR -Iinclude src/libcore/object.cpp
g++ -o build/release/libcore/statistics.os -c -O3 -Wall -g -pipe -march=nocona -msse2 -ftree-vectorize -mfpmath=sse -funsafe-math-optimizations -fno-rounding-math -fno-signaling-nans -fno-math-errno -fomit-frame-pointer -DMTS_DEBUG -DSINGLE_PRECISION -DSPECTRUM_SAMPLES=3 -DMTS_SSE -DMTS_HAS_COHERENT_RT -fopenmp -fvisibility=hidden -mtls-dialect=gnu2 -fPIC -fPIC -DMTS_BUILD_MODULE=MTS_MODULE_CORE -DMTS_HAS_LIBPNG=1 -DMTS_HAS_LIBJPEG=1 -DMTS_HAS_OPENEXR=1 -DMTS_HAS_FFTW=1 -I/usr/include/OpenEXR -I/usr/include/eigen3 -I/usr/include/OpenEXR -Iinclude src/libcore/statistics.cpp
g++ -o build/release/libcore/thread.os -c -O3 -Wall -g -pipe -march=nocona -msse2 -ftree-vectorize -mfpmath=sse -funsafe-math-optimizations -fno-rounding-math -fno-signaling-nans -fno-math-errno -fomit-frame-pointer -DMTS_DEBUG -DSINGLE_PRECISION -DSPECTRUM_SAMPLES=3 -DMTS_SSE -DMTS_HAS_COHERENT_RT -fopenmp -fvisibility=hidden -mtls-dialect=gnu2 -fPIC -fPIC -DMTS_BUILD_MODULE=MTS_MODULE_CORE -DMTS_HAS_LIBPNG=1 -DMTS_HAS_LIBJPEG=1 -DMTS_HAS_OPENEXR=1 -DMTS_HAS_FFTW=1 -I/usr/include/OpenEXR -I/usr/include/eigen3 -I/usr/include/OpenEXR -Iinclude src/libcore/thread.cpp
g++ -o build/release/libcore/brent.os -c -O3 -Wall -g -pipe -march=nocona -msse2 -ftree-vectorize -mfpmath=sse -funsafe-math-optimizations -fno-rounding-math -fno-signaling-nans -fno-math-errno -fomit-frame-pointer -DMTS_DEBUG -DSINGLE_PRECISION -DSPECTRUM_SAMPLES=3 -DMTS_SSE -DMTS_HAS_COHERENT_RT -fopenmp -fvisibility=hidden -mtls-dialect=gnu2 -fPIC -fPIC -DMTS_BUILD_MODULE=MTS_MODULE_CORE -DMTS_HAS_LIBPNG=1 -DMTS_HAS_LIBJPEG=1 -DMTS_HAS_OPENEXR=1 -DMTS_HAS_FFTW=1 -I/usr/include/OpenEXR -I/usr/include/eigen3 -I/usr/include/OpenEXR -Iinclude src/libcore/brent.cpp
g++ -o build/release/libcore/logger.os -c -O3 -Wall -g -pipe -march=nocona -msse2 -ftree-vectorize -mfpmath=sse -funsafe-math-optimizations -fno-rounding-math -fno-signaling-nans -fno-math-errno -fomit-frame-pointer -DMTS_DEBUG -DSINGLE_PRECISION -DSPECTRUM_SAMPLES=3 -DMTS_SSE -DMTS_HAS_COHERENT_RT -fopenmp -fvisibility=hidden -mtls-dialect=gnu2 -fPIC -fPIC -DMTS_BUILD_MODULE=MTS_MODULE_CORE -DMTS_HAS_LIBPNG=1 -DMTS_HAS_LIBJPEG=1 -DMTS_HAS_OPENEXR=1 -DMTS_HAS_FFTW=1 -I/usr/include/OpenEXR -I/usr/include/eigen3 -I/usr/include/OpenEXR -Iinclude src/libcore/logger.cpp
g++ -o build/release/libcore/appender.os -c -O3 -Wall -g -pipe -march=nocona -msse2 -ftree-vectorize -mfpmath=sse -funsafe-math-optimizations -fno-rounding-math -fno-signaling-nans -fno-math-errno -fomit-frame-pointer -DMTS_DEBUG -DSINGLE_PRECISION -DSPECTRUM_SAMPLES=3 -DMTS_SSE -DMTS_HAS_COHERENT_RT -fopenmp -fvisibility=hidden -mtls-dialect=gnu2 -fPIC -fPIC -DMTS_BUILD_MODULE=MTS_MODULE_CORE -DMTS_HAS_LIBPNG=1 -DMTS_HAS_LIBJPEG=1 -DMTS_HAS_OPENEXR=1 -DMTS_HAS_FFTW=1 -I/usr/include/OpenEXR -I/usr/include/eigen3 -I/usr/include/OpenEXR -Iinclude src/libcore/appender.cpp
g++ -o build/release/libcore/formatter.os -c -O3 -Wall -g -pipe -march=nocona -msse2 -ftree-vectorize -mfpmath=sse -funsafe-math-optimizations -fno-rounding-math -fno-signaling-nans -fno-math-errno -fomit-frame-pointer -DMTS_DEBUG -DSINGLE_PRECISION -DSPECTRUM_SAMPLES=3 -DMTS_SSE -DMTS_HAS_COHERENT_RT -fopenmp -fvisibility=hidden -mtls-dialect=gnu2 -fPIC -fPIC -DMTS_BUILD_MODULE=MTS_MODULE_CORE -DMTS_HAS_LIBPNG=1 -DMTS_HAS_LIBJPEG=1 -DMTS_HAS_OPENEXR=1 -DMTS_HAS_FFTW=1 -I/usr/include/OpenEXR -I/usr/include/eigen3 -I/usr/include/OpenEXR -Iinclude src/libcore/formatter.cpp
g++ -o build/release/libcore/lock.os -c -O3 -Wall -g -pipe -march=nocona -msse2 -ftree-vectorize -mfpmath=sse -funsafe-math-optimizations -fno-rounding-math -fno-signaling-nans -fno-math-errno -fomit-frame-pointer -DMTS_DEBUG -DSINGLE_PRECISION -DSPECTRUM_SAMPLES=3 -DMTS_SSE -DMTS_HAS_COHERENT_RT -fopenmp -fvisibility=hidden -mtls-dialect=gnu2 -fPIC -fPIC -DMTS_BUILD_MODULE=MTS_MODULE_CORE -DMTS_HAS_LIBPNG=1 -DMTS_HAS_LIBJPEG=1 -DMTS_HAS_OPENEXR=1 -DMTS_HAS_FFTW=1 -I/usr/include/OpenEXR -I/usr/include/eigen3 -I/usr/include/OpenEXR -Iinclude src/libcore/lock.cpp
g++ -o build/release/libcore/qmc.os -c -O3 -Wall -g -pipe -march=nocona -msse2 -ftree-vectorize -mfpmath=sse -funsafe-math-optimizations -fno-rounding-math -fno-signaling-nans -fno-math-errno -fomit-frame-pointer -DMTS_DEBUG -DSINGLE_PRECISION -DSPECTRUM_SAMPLES=3 -DMTS_SSE -DMTS_HAS_COHERENT_RT -fopenmp -fvisibility=hidden -mtls-dialect=gnu2 -fPIC -fPIC -DMTS_BUILD_MODULE=MTS_MODULE_CORE -DMTS_HAS_LIBPNG=1 -DMTS_HAS_LIBJPEG=1 -DMTS_HAS_OPENEXR=1 -DMTS_HAS_FFTW=1 -I/usr/include/OpenEXR -I/usr/include/eigen3 -I/usr/include/OpenEXR -Iinclude src/libcore/qmc.cpp
g++ -o build/release/libcore/random.os -c -O3 -Wall -g -pipe -march=nocona -msse2 -ftree-vectorize -mfpmath=sse -funsafe-math-optimizations -fno-rounding-math -fno-signaling-nans -fno-math-errno -fomit-frame-pointer -DMTS_DEBUG -DSINGLE_PRECISION -DSPECTRUM_SAMPLES=3 -DMTS_SSE -DMTS_HAS_COHERENT_RT -fopenmp -fvisibility=hidden -mtls-dialect=gnu2 -fPIC -fPIC -DMTS_BUILD_MODULE=MTS_MODULE_CORE -DMTS_HAS_LIBPNG=1 -DMTS_HAS_LIBJPEG=1 -DMTS_HAS_OPENEXR=1 -DMTS_HAS_FFTW=1 -I/usr/include/OpenEXR -I/usr/include/eigen3 -I/usr/include/OpenEXR -Iinclude src/libcore/random.cpp
g++ -o build/release/libcore/timer.os -c -O3 -Wall -g -pipe -march=nocona -msse2 -ftree-vectorize -mfpmath=sse -funsafe-math-optimizations -fno-rounding-math -fno-signaling-nans -fno-math-errno -fomit-frame-pointer -DMTS_DEBUG -DSINGLE_PRECISION -DSPECTRUM_SAMPLES=3 -DMTS_SSE -DMTS_HAS_COHERENT_RT -fopenmp -fvisibility=hidden -mtls-dialect=gnu2 -fPIC -fPIC -DMTS_BUILD_MODULE=MTS_MODULE_CORE -DMTS_HAS_LIBPNG=1 -DMTS_HAS_LIBJPEG=1 -DMTS_HAS_OPENEXR=1 -DMTS_HAS_FFTW=1 -I/usr/include/OpenEXR -I/usr/include/eigen3 -I/usr/include/OpenEXR -Iinclude src/libcore/timer.cpp
g++ -o build/release/libcore/util.os -c -O3 -Wall -g -pipe -march=nocona -msse2 -ftree-vectorize -mfpmath=sse -funsafe-math-optimizations -fno-rounding-math -fno-signaling-nans -fno-math-errno -fomit-frame-pointer -DMTS_DEBUG -DSINGLE_PRECISION -DSPECTRUM_SAMPLES=3 -DMTS_SSE -DMTS_HAS_COHERENT_RT -fopenmp -fvisibility=hidden -mtls-dialect=gnu2 -fPIC -fPIC -DMTS_BUILD_MODULE=MTS_MODULE_CORE -DMTS_HAS_LIBPNG=1 -DMTS_HAS_LIBJPEG=1 -DMTS_HAS_OPENEXR=1 -DMTS_HAS_FFTW=1 -I/usr/include/OpenEXR -I/usr/include/eigen3 -I/usr/include/OpenEXR -Iinclude src/libcore/util.cpp
g++ -o build/release/libcore/properties.os -c -O3 -Wall -g -pipe -march=nocona -msse2 -ftree-vectorize -mfpmath=sse -funsafe-math-optimizations -fno-rounding-math -fno-signaling-nans -fno-math-errno -fomit-frame-pointer -DMTS_DEBUG -DSINGLE_PRECISION -DSPECTRUM_SAMPLES=3 -DMTS_SSE -DMTS_HAS_COHERENT_RT -fopenmp -fvisibility=hidden -mtls-dialect=gnu2 -fPIC -fPIC -DMTS_BUILD_MODULE=MTS_MODULE_CORE -DMTS_HAS_LIBPNG=1 -DMTS_HAS_LIBJPEG=1 -DMTS_HAS_OPENEXR=1 -DMTS_HAS_FFTW=1 -I/usr/include/OpenEXR -I/usr/include/eigen3 -I/usr/include/OpenEXR -Iinclude src/libcore/properties.cpp
g++ -o build/release/libcore/half.os -c -O3 -Wall -g -pipe -march=nocona -msse2 -ftree-vectorize -mfpmath=sse -funsafe-math-optimizations -fno-rounding-math -fno-signaling-nans -fno-math-errno -fomit-frame-pointer -DMTS_DEBUG -DSINGLE_PRECISION -DSPECTRUM_SAMPLES=3 -DMTS_SSE -DMTS_HAS_COHERENT_RT -fopenmp -fvisibility=hidden -mtls-dialect=gnu2 -fPIC -fPIC -DMTS_BUILD_MODULE=MTS_MODULE_CORE -DMTS_HAS_LIBPNG=1 -DMTS_HAS_LIBJPEG=1 -DMTS_HAS_OPENEXR=1 -DMTS_HAS_FFTW=1 -I/usr/include/OpenEXR -I/usr/include/eigen3 -I/usr/include/OpenEXR -Iinclude src/libcore/half.cpp
g++ -o build/release/libcore/transform.os -c -O3 -Wall -g -pipe -march=nocona -msse2 -ftree-vectorize -mfpmath=sse -funsafe-math-optimizations -fno-rounding-math -fno-signaling-nans -fno-math-errno -fomit-frame-pointer -DMTS_DEBUG -DSINGLE_PRECISION -DSPECTRUM_SAMPLES=3 -DMTS_SSE -DMTS_HAS_COHERENT_RT -fopenmp -fvisibility=hidden -mtls-dialect=gnu2 -fPIC -fPIC -DMTS_BUILD_MODULE=MTS_MODULE_CORE -DMTS_HAS_LIBPNG=1 -DMTS_HAS_LIBJPEG=1 -DMTS_HAS_OPENEXR=1 -DMTS_HAS_FFTW=1 -I/usr/include/OpenEXR -I/usr/include/eigen3 -I/usr/include/OpenEXR -Iinclude src/libcore/transform.cpp
g++ -o build/release/libcore/spectrum.os -c -O3 -Wall -g -pipe -march=nocona -msse2 -ftree-vectorize -mfpmath=sse -funsafe-math-optimizations -fno-rounding-math -fno-signaling-nans -fno-math-errno -fomit-frame-pointer -DMTS_DEBUG -DSINGLE_PRECISION -DSPECTRUM_SAMPLES=3 -DMTS_SSE -DMTS_HAS_COHERENT_RT -fopenmp -fvisibility=hidden -mtls-dialect=gnu2 -fPIC -fPIC -DMTS_BUILD_MODULE=MTS_MODULE_CORE -DMTS_HAS_LIBPNG=1 -DMTS_HAS_LIBJPEG=1 -DMTS_HAS_OPENEXR=1 -DMTS_HAS_FFTW=1 -I/usr/include/OpenEXR -I/usr/include/eigen3 -I/usr/include/OpenEXR -Iinclude src/libcore/spectrum.cpp
g++ -o build/release/libcore/aabb.os -c -O3 -Wall -g -pipe -march=nocona -msse2 -ftree-vectorize -mfpmath=sse -funsafe-math-optimizations -fno-rounding-math -fno-signaling-nans -fno-math-errno -fomit-frame-pointer -DMTS_DEBUG -DSINGLE_PRECISION -DSPECTRUM_SAMPLES=3 -DMTS_SSE -DMTS_HAS_COHERENT_RT -fopenmp -fvisibility=hidden -mtls-dialect=gnu2 -fPIC -fPIC -DMTS_BUILD_MODULE=MTS_MODULE_CORE -DMTS_HAS_LIBPNG=1 -DMTS_HAS_LIBJPEG=1 -DMTS_HAS_OPENEXR=1 -DMTS_HAS_FFTW=1 -I/usr/include/OpenEXR -I/usr/include/eigen3 -I/usr/include/OpenEXR -Iinclude src/libcore/aabb.cpp
g++ -o build/release/libcore/stream.os -c -O3 -Wall -g -pipe -march=nocona -msse2 -ftree-vectorize -mfpmath=sse -funsafe-math-optimizations -fno-rounding-math -fno-signaling-nans -fno-math-errno -fomit-frame-pointer -DMTS_DEBUG -DSINGLE_PRECISION -DSPECTRUM_SAMPLES=3 -DMTS_SSE -DMTS_HAS_COHERENT_RT -fopenmp -fvisibility=hidden -mtls-dialect=gnu2 -fPIC -fPIC -DMTS_BUILD_MODULE=MTS_MODULE_CORE -DMTS_HAS_LIBPNG=1 -DMTS_HAS_LIBJPEG=1 -DMTS_HAS_OPENEXR=1 -DMTS_HAS_FFTW=1 -I/usr/include/OpenEXR -I/usr/include/eigen3 -I/usr/include/OpenEXR -Iinclude src/libcore/stream.cpp
g++ -o build/release/libcore/math.os -c -O3 -Wall -g -pipe -march=nocona -msse2 -ftree-vectorize -mfpmath=sse -funsafe-math-optimizations -fno-rounding-math -fno-signaling-nans -fno-math-errno -fomit-frame-pointer -DMTS_DEBUG -DSINGLE_PRECISION -DSPECTRUM_SAMPLES=3 -DMTS_SSE -DMTS_HAS_COHERENT_RT -fopenmp -fvisibility=hidden -mtls-dialect=gnu2 -fPIC -fPIC -DMTS_BUILD_MODULE=MTS_MODULE_CORE -DMTS_HAS_LIBPNG=1 -DMTS_HAS_LIBJPEG=1 -DMTS_HAS_OPENEXR=1 -DMTS_HAS_FFTW=1 -I/usr/include/OpenEXR -I/usr/include/eigen3 -I/usr/include/OpenEXR -Iinclude src/libcore/math.cpp
g++ -o build/release/libcore/fstream.os -c -O3 -Wall -g -pipe -march=nocona -msse2 -ftree-vectorize -mfpmath=sse -funsafe-math-optimizations -fno-rounding-math -fno-signaling-nans -fno-math-errno -fomit-frame-pointer -DMTS_DEBUG -DSINGLE_PRECISION -DSPECTRUM_SAMPLES=3 -DMTS_SSE -DMTS_HAS_COHERENT_RT -fopenmp -fvisibility=hidden -mtls-dialect=gnu2 -fPIC -fPIC -DMTS_BUILD_MODULE=MTS_MODULE_CORE -DMTS_HAS_LIBPNG=1 -DMTS_HAS_LIBJPEG=1 -DMTS_HAS_OPENEXR=1 -DMTS_HAS_FFTW=1 -I/usr/include/OpenEXR -I/usr/include/eigen3 -I/usr/include/OpenEXR -Iinclude src/libcore/fstream.cpp
g++ -o build/release/libcore/plugin.os -c -O3 -Wall -g -pipe -march=nocona -msse2 -ftree-vectorize -mfpmath=sse -funsafe-math-optimizations -fno-rounding-math -fno-signaling-nans -fno-math-errno -fomit-frame-pointer -DMTS_DEBUG -DSINGLE_PRECISION -DSPECTRUM_SAMPLES=3 -DMTS_SSE -DMTS_HAS_COHERENT_RT -fopenmp -fvisibility=hidden -mtls-dialect=gnu2 -fPIC -fPIC -DMTS_BUILD_MODULE=MTS_MODULE_CORE -DMTS_HAS_LIBPNG=1 -DMTS_HAS_LIBJPEG=1 -DMTS_HAS_OPENEXR=1 -DMTS_HAS_FFTW=1 -I/usr/include/OpenEXR -I/usr/include/eigen3 -I/usr/include/OpenEXR -Iinclude src/libcore/plugin.cpp
g++ -o build/release/libcore/triangle.os -c -O3 -Wall -g -pipe -march=nocona -msse2 -ftree-vectorize -mfpmath=sse -funsafe-math-optimizations -fno-rounding-math -fno-signaling-nans -fno-math-errno -fomit-frame-pointer -DMTS_DEBUG -DSINGLE_PRECISION -DSPECTRUM_SAMPLES=3 -DMTS_SSE -DMTS_HAS_COHERENT_RT -fopenmp -fvisibility=hidden -mtls-dialect=gnu2 -fPIC -fPIC -DMTS_BUILD_MODULE=MTS_MODULE_CORE -DMTS_HAS_LIBPNG=1 -DMTS_HAS_LIBJPEG=1 -DMTS_HAS_OPENEXR=1 -DMTS_HAS_FFTW=1 -I/usr/include/OpenEXR -I/usr/include/eigen3 -I/usr/include/OpenEXR -Iinclude src/libcore/triangle.cpp
g++ -o build/release/libcore/bitmap.os -c -O3 -Wall -g -pipe -march=nocona -msse2 -ftree-vectorize -mfpmath=sse -funsafe-math-optimizations -fno-rounding-math -fno-signaling-nans -fno-math-errno -fomit-frame-pointer -DMTS_DEBUG -DSINGLE_PRECISION -DSPECTRUM_SAMPLES=3 -DMTS_SSE -DMTS_HAS_COHERENT_RT -fopenmp -fvisibility=hidden -mtls-dialect=gnu2 -fPIC -fPIC -DMTS_BUILD_MODULE=MTS_MODULE_CORE -DMTS_HAS_LIBPNG=1 -DMTS_HAS_LIBJPEG=1 -DMTS_HAS_OPENEXR=1 -DMTS_HAS_FFTW=1 -I/usr/include/OpenEXR -I/usr/include/eigen3 -I/usr/include/OpenEXR -Iinclude src/libcore/bitmap.cpp
g++ -o build/release/libcore/fmtconv.os -c -O3 -Wall -g -pipe -march=nocona -msse2 -ftree-vectorize -mfpmath=sse -funsafe-math-optimizations -fno-rounding-math -fno-signaling-nans -fno-math-errno -fomit-frame-pointer -DMTS_DEBUG -DSINGLE_PRECISION -DSPECTRUM_SAMPLES=3 -DMTS_SSE -DMTS_HAS_COHERENT_RT -fopenmp -fvisibility=hidden -mtls-dialect=gnu2 -fPIC -fPIC -DMTS_BUILD_MODULE=MTS_MODULE_CORE -DMTS_HAS_LIBPNG=1 -DMTS_HAS_LIBJPEG=1 -DMTS_HAS_OPENEXR=1 -DMTS_HAS_FFTW=1 -I/usr/include/OpenEXR -I/usr/include/eigen3 -I/usr/include/OpenEXR -Iinclude src/libcore/fmtconv.cpp
g++ -o build/release/libcore/serialization.os -c -O3 -Wall -g -pipe -march=nocona -msse2 -ftree-vectorize -mfpmath=sse -funsafe-math-optimizations -fno-rounding-math -fno-signaling-nans -fno-math-errno -fomit-frame-pointer -DMTS_DEBUG -DSINGLE_PRECISION -DSPECTRUM_SAMPLES=3 -DMTS_SSE -DMTS_HAS_COHERENT_RT -fopenmp -fvisibility=hidden -mtls-dialect=gnu2 -fPIC -fPIC -DMTS_BUILD_MODULE=MTS_MODULE_CORE -DMTS_HAS_LIBPNG=1 -DMTS_HAS_LIBJPEG=1 -DMTS_HAS_OPENEXR=1 -DMTS_HAS_FFTW=1 -I/usr/include/OpenEXR -I/usr/include/eigen3 -I/usr/include/OpenEXR -Iinclude src/libcore/serialization.cpp
g++ -o build/release/libcore/sstream.os -c -O3 -Wall -g -pipe -march=nocona -msse2 -ftree-vectorize -mfpmath=sse -funsafe-math-optimizations -fno-rounding-math -fno-signaling-nans -fno-math-errno -fomit-frame-pointer -DMTS_DEBUG -DSINGLE_PRECISION -DSPECTRUM_SAMPLES=3 -DMTS_SSE -DMTS_HAS_COHERENT_RT -fopenmp -fvisibility=hidden -mtls-dialect=gnu2 -fPIC -fPIC -DMTS_BUILD_MODULE=MTS_MODULE_CORE -DMTS_HAS_LIBPNG=1 -DMTS_HAS_LIBJPEG=1 -DMTS_HAS_OPENEXR=1 -DMTS_HAS_FFTW=1 -I/usr/include/OpenEXR -I/usr/include/eigen3 -I/usr/include/OpenEXR -Iinclude src/libcore/sstream.cpp
g++ -o build/release/libcore/cstream.os -c -O3 -Wall -g -pipe -march=nocona -msse2 -ftree-vectorize -mfpmath=sse -funsafe-math-optimizations -fno-rounding-math -fno-signaling-nans -fno-math-errno -fomit-frame-pointer -DMTS_DEBUG -DSINGLE_PRECISION -DSPECTRUM_SAMPLES=3 -DMTS_SSE -DMTS_HAS_COHERENT_RT -fopenmp -fvisibility=hidden -mtls-dialect=gnu2 -fPIC -fPIC -DMTS_BUILD_MODULE=MTS_MODULE_CORE -DMTS_HAS_LIBPNG=1 -DMTS_HAS_LIBJPEG=1 -DMTS_HAS_OPENEXR=1 -DMTS_HAS_FFTW=1 -I/usr/include/OpenEXR -I/usr/include/eigen3 -I/usr/include/OpenEXR -Iinclude src/libcore/cstream.cpp
g++ -o build/release/libcore/mstream.os -c -O3 -Wall -g -pipe -march=nocona -msse2 -ftree-vectorize -mfpmath=sse -funsafe-math-optimizations -fno-rounding-math -fno-signaling-nans -fno-math-errno -fomit-frame-pointer -DMTS_DEBUG -DSINGLE_PRECISION -DSPECTRUM_SAMPLES=3 -DMTS_SSE -DMTS_HAS_COHERENT_RT -fopenmp -fvisibility=hidden -mtls-dialect=gnu2 -fPIC -fPIC -DMTS_BUILD_MODULE=MTS_MODULE_CORE -DMTS_HAS_LIBPNG=1 -DMTS_HAS_LIBJPEG=1 -DMTS_HAS_OPENEXR=1 -DMTS_HAS_FFTW=1 -I/usr/include/OpenEXR -I/usr/include/eigen3 -I/usr/include/OpenEXR -Iinclude src/libcore/mstream.cpp
g++ -o build/release/libcore/sched.os -c -O3 -Wall -g -pipe -march=nocona -msse2 -ftree-vectorize -mfpmath=sse -funsafe-math-optimizations -fno-rounding-math -fno-signaling-nans -fno-math-errno -fomit-frame-pointer -DMTS_DEBUG -DSINGLE_PRECISION -DSPECTRUM_SAMPLES=3 -DMTS_SSE -DMTS_HAS_COHERENT_RT -fopenmp -fvisibility=hidden -mtls-dialect=gnu2 -fPIC -fPIC -DMTS_BUILD_MODULE=MTS_MODULE_CORE -DMTS_HAS_LIBPNG=1 -DMTS_HAS_LIBJPEG=1 -DMTS_HAS_OPENEXR=1 -DMTS_HAS_FFTW=1 -I/usr/include/OpenEXR -I/usr/include/eigen3 -I/usr/include/OpenEXR -Iinclude src/libcore/sched.cpp
g++ -o build/release/libcore/sched_remote.os -c -O3 -Wall -g -pipe -march=nocona -msse2 -ftree-vectorize -mfpmath=sse -funsafe-math-optimizations -fno-rounding-math -fno-signaling-nans -fno-math-errno -fomit-frame-pointer -DMTS_DEBUG -DSINGLE_PRECISION -DSPECTRUM_SAMPLES=3 -DMTS_SSE -DMTS_HAS_COHERENT_RT -fopenmp -fvisibility=hidden -mtls-dialect=gnu2 -fPIC -fPIC -DMTS_BUILD_MODULE=MTS_MODULE_CORE -DMTS_HAS_LIBPNG=1 -DMTS_HAS_LIBJPEG=1 -DMTS_HAS_OPENEXR=1 -DMTS_HAS_FFTW=1 -I/usr/include/OpenEXR -I/usr/include/eigen3 -I/usr/include/OpenEXR -Iinclude src/libcore/sched_remote.cpp
g++ -o build/release/libcore/sshstream.os -c -O3 -Wall -g -pipe -march=nocona -msse2 -ftree-vectorize -mfpmath=sse -funsafe-math-optimizations -fno-rounding-math -fno-signaling-nans -fno-math-errno -fomit-frame-pointer -DMTS_DEBUG -DSINGLE_PRECISION -DSPECTRUM_SAMPLES=3 -DMTS_SSE -DMTS_HAS_COHERENT_RT -fopenmp -fvisibility=hidden -mtls-dialect=gnu2 -fPIC -fPIC -DMTS_BUILD_MODULE=MTS_MODULE_CORE -DMTS_HAS_LIBPNG=1 -DMTS_HAS_LIBJPEG=1 -DMTS_HAS_OPENEXR=1 -DMTS_HAS_FFTW=1 -I/usr/include/OpenEXR -I/usr/include/eigen3 -I/usr/include/OpenEXR -Iinclude src/libcore/sshstream.cpp
g++ -o build/release/libcore/zstream.os -c -O3 -Wall -g -pipe -march=nocona -msse2 -ftree-vectorize -mfpmath=sse -funsafe-math-optimizations -fno-rounding-math -fno-signaling-nans -fno-math-errno -fomit-frame-pointer -DMTS_DEBUG -DSINGLE_PRECISION -DSPECTRUM_SAMPLES=3 -DMTS_SSE -DMTS_HAS_COHERENT_RT -fopenmp -fvisibility=hidden -mtls-dialect=gnu2 -fPIC -fPIC -DMTS_BUILD_MODULE=MTS_MODULE_CORE -DMTS_HAS_LIBPNG=1 -DMTS_HAS_LIBJPEG=1 -DMTS_HAS_OPENEXR=1 -DMTS_HAS_FFTW=1 -I/usr/include/OpenEXR -I/usr/include/eigen3 -I/usr/include/OpenEXR -Iinclude src/libcore/zstream.cpp
g++ -o build/release/libcore/shvector.os -c -O3 -Wall -g -pipe -march=nocona -msse2 -ftree-vectorize -mfpmath=sse -funsafe-math-optimizations -fno-rounding-math -fno-signaling-nans -fno-math-errno -fomit-frame-pointer -DMTS_DEBUG -DSINGLE_PRECISION -DSPECTRUM_SAMPLES=3 -DMTS_SSE -DMTS_HAS_COHERENT_RT -fopenmp -fvisibility=hidden -mtls-dialect=gnu2 -fPIC -fPIC -DMTS_BUILD_MODULE=MTS_MODULE_CORE -DMTS_HAS_LIBPNG=1 -DMTS_HAS_LIBJPEG=1 -DMTS_HAS_OPENEXR=1 -DMTS_HAS_FFTW=1 -I/usr/include/OpenEXR -I/usr/include/eigen3 -I/usr/include/OpenEXR -Iinclude src/libcore/shvector.cpp
g++ -o build/release/libcore/fresolver.os -c -O3 -Wall -g -pipe -march=nocona -msse2 -ftree-vectorize -mfpmath=sse -funsafe-math-optimizations -fno-rounding-math -fno-signaling-nans -fno-math-errno -fomit-frame-pointer -DMTS_DEBUG -DSINGLE_PRECISION -DSPECTRUM_SAMPLES=3 -DMTS_SSE -DMTS_HAS_COHERENT_RT -fopenmp -fvisibility=hidden -mtls-dialect=gnu2 -fPIC -fPIC -DMTS_BUILD_MODULE=MTS_MODULE_CORE -DMTS_HAS_LIBPNG=1 -DMTS_HAS_LIBJPEG=1 -DMTS_HAS_OPENEXR=1 -DMTS_HAS_FFTW=1 -I/usr/include/OpenEXR -I/usr/include/eigen3 -I/usr/include/OpenEXR -Iinclude src/libcore/fresolver.cpp
g++ -o build/release/libcore/rfilter.os -c -O3 -Wall -g -pipe -march=nocona -msse2 -ftree-vectorize -mfpmath=sse -funsafe-math-optimizations -fno-rounding-math -fno-signaling-nans -fno-math-errno -fomit-frame-pointer -DMTS_DEBUG -DSINGLE_PRECISION -DSPECTRUM_SAMPLES=3 -DMTS_SSE -DMTS_HAS_COHERENT_RT -fopenmp -fvisibility=hidden -mtls-dialect=gnu2 -fPIC -fPIC -DMTS_BUILD_MODULE=MTS_MODULE_CORE -DMTS_HAS_LIBPNG=1 -DMTS_HAS_LIBJPEG=1 -DMTS_HAS_OPENEXR=1 -DMTS_HAS_FFTW=1 -I/usr/include/OpenEXR -I/usr/include/eigen3 -I/usr/include/OpenEXR -Iinclude src/libcore/rfilter.cpp
g++ -o build/release/libcore/quad.os -c -O3 -Wall -g -pipe -march=nocona -msse2 -ftree-vectorize -mfpmath=sse -funsafe-math-optimizations -fno-rounding-math -fno-signaling-nans -fno-math-errno -fomit-frame-pointer -DMTS_DEBUG -DSINGLE_PRECISION -DSPECTRUM_SAMPLES=3 -DMTS_SSE -DMTS_HAS_COHERENT_RT -fopenmp -fvisibility=hidden -mtls-dialect=gnu2 -fPIC -fPIC -DMTS_BUILD_MODULE=MTS_MODULE_CORE -DMTS_HAS_LIBPNG=1 -DMTS_HAS_LIBJPEG=1 -DMTS_HAS_OPENEXR=1 -DMTS_HAS_FFTW=1 -I/usr/include/OpenEXR -I/usr/include/eigen3 -I/usr/include/OpenEXR -Iinclude src/libcore/quad.cpp
g++ -o build/release/libcore/mmap.os -c -O3 -Wall -g -pipe -march=nocona -msse2 -ftree-vectorize -mfpmath=sse -funsafe-math-optimizations -fno-rounding-math -fno-signaling-nans -fno-math-errno -fomit-frame-pointer -DMTS_DEBUG -DSINGLE_PRECISION -DSPECTRUM_SAMPLES=3 -DMTS_SSE -DMTS_HAS_COHERENT_RT -fopenmp -fvisibility=hidden -mtls-dialect=gnu2 -fPIC -fPIC -DMTS_BUILD_MODULE=MTS_MODULE_CORE -DMTS_HAS_LIBPNG=1 -DMTS_HAS_LIBJPEG=1 -DMTS_HAS_OPENEXR=1 -DMTS_HAS_FFTW=1 -I/usr/include/OpenEXR -I/usr/include/eigen3 -I/usr/include/OpenEXR -Iinclude src/libcore/mmap.cpp
g++ -o build/release/libcore/chisquare.os -c -O3 -Wall -g -pipe -march=nocona -msse2 -ftree-vectorize -mfpmath=sse -funsafe-math-optimizations -fno-rounding-math -fno-signaling-nans -fno-math-errno -fomit-frame-pointer -DMTS_DEBUG -DSINGLE_PRECISION -DSPECTRUM_SAMPLES=3 -DMTS_SSE -DMTS_HAS_COHERENT_RT -fopenmp -fvisibility=hidden -mtls-dialect=gnu2 -fPIC -fPIC -DMTS_BUILD_MODULE=MTS_MODULE_CORE -DMTS_HAS_LIBPNG=1 -DMTS_HAS_LIBJPEG=1 -DMTS_HAS_OPENEXR=1 -DMTS_HAS_FFTW=1 -I/usr/include/OpenEXR -I/usr/include/eigen3 -I/usr/include/OpenEXR -Iinclude src/libcore/chisquare.cpp
g++ -o build/release/libcore/warp.os -c -O3 -Wall -g -pipe -march=nocona -msse2 -ftree-vectorize -mfpmath=sse -funsafe-math-optimizations -fno-rounding-math -fno-signaling-nans -fno-math-errno -fomit-frame-pointer -DMTS_DEBUG -DSINGLE_PRECISION -DSPECTRUM_SAMPLES=3 -DMTS_SSE -DMTS_HAS_COHERENT_RT -fopenmp -fvisibility=hidden -mtls-dialect=gnu2 -fPIC -fPIC -DMTS_BUILD_MODULE=MTS_MODULE_CORE -DMTS_HAS_LIBPNG=1 -DMTS_HAS_LIBJPEG=1 -DMTS_HAS_OPENEXR=1 -DMTS_HAS_FFTW=1 -I/usr/include/OpenEXR -I/usr/include/eigen3 -I/usr/include/OpenEXR -Iinclude src/libcore/warp.cpp
g++ -o build/release/libcore/vmf.os -c -O3 -Wall -g -pipe -march=nocona -msse2 -ftree-vectorize -mfpmath=sse -funsafe-math-optimizations -fno-rounding-math -fno-signaling-nans -fno-math-errno -fomit-frame-pointer -DMTS_DEBUG -DSINGLE_PRECISION -DSPECTRUM_SAMPLES=3 -DMTS_SSE -DMTS_HAS_COHERENT_RT -fopenmp -fvisibility=hidden -mtls-dialect=gnu2 -fPIC -fPIC -DMTS_BUILD_MODULE=MTS_MODULE_CORE -DMTS_HAS_LIBPNG=1 -DMTS_HAS_LIBJPEG=1 -DMTS_HAS_OPENEXR=1 -DMTS_HAS_FFTW=1 -I/usr/include/OpenEXR -I/usr/include/eigen3 -I/usr/include/OpenEXR -Iinclude src/libcore/vmf.cpp
g++ -o build/release/libcore/tls.os -c -O3 -Wall -g -pipe -march=nocona -msse2 -ftree-vectorize -mfpmath=sse -funsafe-math-optimizations -fno-rounding-math -fno-signaling-nans -fno-math-errno -fomit-frame-pointer -DMTS_DEBUG -DSINGLE_PRECISION -DSPECTRUM_SAMPLES=3 -DMTS_SSE -DMTS_HAS_COHERENT_RT -fopenmp -fvisibility=hidden -mtls-dialect=gnu2 -fPIC -fPIC -DMTS_BUILD_MODULE=MTS_MODULE_CORE -DMTS_HAS_LIBPNG=1 -DMTS_HAS_LIBJPEG=1 -DMTS_HAS_OPENEXR=1 -DMTS_HAS_FFTW=1 -I/usr/include/OpenEXR -I/usr/include/eigen3 -I/usr/include/OpenEXR -Iinclude src/libcore/tls.cpp
g++ -o build/release/libcore/ssemath.os -c -O3 -Wall -g -pipe -march=nocona -msse2 -ftree-vectorize -mfpmath=sse -funsafe-math-optimizations -fno-rounding-math -fno-signaling-nans -fno-math-errno -fomit-frame-pointer -DMTS_DEBUG -DSINGLE_PRECISION -DSPECTRUM_SAMPLES=3 -DMTS_SSE -DMTS_HAS_COHERENT_RT -fopenmp -fvisibility=hidden -mtls-dialect=gnu2 -fPIC -fPIC -DMTS_BUILD_MODULE=MTS_MODULE_CORE -DMTS_HAS_LIBPNG=1 -DMTS_HAS_LIBJPEG=1 -DMTS_HAS_OPENEXR=1 -DMTS_HAS_FFTW=1 -I/usr/include/OpenEXR -I/usr/include/eigen3 -I/usr/include/OpenEXR -Iinclude src/libcore/ssemath.cpp
g++ -o build/release/libcore/spline.os -c -O3 -Wall -g -pipe -march=nocona -msse2 -ftree-vectorize -mfpmath=sse -funsafe-math-optimizations -fno-rounding-math -fno-signaling-nans -fno-math-errno -fomit-frame-pointer -DMTS_DEBUG -DSINGLE_PRECISION -DSPECTRUM_SAMPLES=3 -DMTS_SSE -DMTS_HAS_COHERENT_RT -fopenmp -fvisibility=hidden -mtls-dialect=gnu2 -fPIC -fPIC -DMTS_BUILD_MODULE=MTS_MODULE_CORE -DMTS_HAS_LIBPNG=1 -DMTS_HAS_LIBJPEG=1 -DMTS_HAS_OPENEXR=1 -DMTS_HAS_FFTW=1 -I/usr/include/OpenEXR -I/usr/include/eigen3 -I/usr/include/OpenEXR -Iinclude src/libcore/spline.cpp
g++ -o build/release/libcore/track.os -c -O3 -Wall -g -pipe -march=nocona -msse2 -ftree-vectorize -mfpmath=sse -funsafe-math-optimizations -fno-rounding-math -fno-signaling-nans -fno-math-errno -fomit-frame-pointer -DMTS_DEBUG -DSINGLE_PRECISION -DSPECTRUM_SAMPLES=3 -DMTS_SSE -DMTS_HAS_COHERENT_RT -fopenmp -fvisibility=hidden -mtls-dialect=gnu2 -fPIC -fPIC -DMTS_BUILD_MODULE=MTS_MODULE_CORE -DMTS_HAS_LIBPNG=1 -DMTS_HAS_LIBJPEG=1 -DMTS_HAS_OPENEXR=1 -DMTS_HAS_FFTW=1 -I/usr/include/OpenEXR -I/usr/include/eigen3 -I/usr/include/OpenEXR -Iinclude src/libcore/track.cpp
g++ -o build/release/librender/bsdf.os -c -O3 -Wall -g -pipe -march=nocona -msse2 -ftree-vectorize -mfpmath=sse -funsafe-math-optimizations -fno-rounding-math -fno-signaling-nans -fno-math-errno -fomit-frame-pointer -DMTS_DEBUG -DSINGLE_PRECISION -DSPECTRUM_SAMPLES=3 -DMTS_SSE -DMTS_HAS_COHERENT_RT -fopenmp -fvisibility=hidden -mtls-dialect=gnu2 -fPIC -fPIC -DMTS_HAS_LIBPNG=1 -DMTS_HAS_LIBJPEG=1 -DMTS_HAS_OPENEXR=1 -DMTS_HAS_FFTW=1 -DMTS_BUILD_MODULE=MTS_MODULE_RENDER -I/usr/include/eigen3 -I/usr/include/OpenEXR -Iinclude src/librender/bsdf.cpp
g++ -o build/release/librender/film.os -c -O3 -Wall -g -pipe -march=nocona -msse2 -ftree-vectorize -mfpmath=sse -funsafe-math-optimizations -fno-rounding-math -fno-signaling-nans -fno-math-errno -fomit-frame-pointer -DMTS_DEBUG -DSINGLE_PRECISION -DSPECTRUM_SAMPLES=3 -DMTS_SSE -DMTS_HAS_COHERENT_RT -fopenmp -fvisibility=hidden -mtls-dialect=gnu2 -fPIC -fPIC -DMTS_HAS_LIBPNG=1 -DMTS_HAS_LIBJPEG=1 -DMTS_HAS_OPENEXR=1 -DMTS_HAS_FFTW=1 -DMTS_BUILD_MODULE=MTS_MODULE_RENDER -I/usr/include/eigen3 -I/usr/include/OpenEXR -Iinclude src/librender/film.cpp
g++ -o build/release/librender/integrator.os -c -O3 -Wall -g -pipe -march=nocona -msse2 -ftree-vectorize -mfpmath=sse -funsafe-math-optimizations -fno-rounding-math -fno-signaling-nans -fno-math-errno -fomit-frame-pointer -DMTS_DEBUG -DSINGLE_PRECISION -DSPECTRUM_SAMPLES=3 -DMTS_SSE -DMTS_HAS_COHERENT_RT -fopenmp -fvisibility=hidden -mtls-dialect=gnu2 -fPIC -fPIC -DMTS_HAS_LIBPNG=1 -DMTS_HAS_LIBJPEG=1 -DMTS_HAS_OPENEXR=1 -DMTS_HAS_FFTW=1 -DMTS_BUILD_MODULE=MTS_MODULE_RENDER -I/usr/include/eigen3 -I/usr/include/OpenEXR -Iinclude src/librender/integrator.cpp
g++ -o build/release/librender/emitter.os -c -O3 -Wall -g -pipe -march=nocona -msse2 -ftree-vectorize -mfpmath=sse -funsafe-math-optimizations -fno-rounding-math -fno-signaling-nans -fno-math-errno -fomit-frame-pointer -DMTS_DEBUG -DSINGLE_PRECISION -DSPECTRUM_SAMPLES=3 -DMTS_SSE -DMTS_HAS_COHERENT_RT -fopenmp -fvisibility=hidden -mtls-dialect=gnu2 -fPIC -fPIC -DMTS_HAS_LIBPNG=1 -DMTS_HAS_LIBJPEG=1 -DMTS_HAS_OPENEXR=1 -DMTS_HAS_FFTW=1 -DMTS_BUILD_MODULE=MTS_MODULE_RENDER -I/usr/include/eigen3 -I/usr/include/OpenEXR -Iinclude src/librender/emitter.cpp
g++ -o build/release/librender/sensor.os -c -O3 -Wall -g -pipe -march=nocona -msse2 -ftree-vectorize -mfpmath=sse -funsafe-math-optimizations -fno-rounding-math -fno-signaling-nans -fno-math-errno -fomit-frame-pointer -DMTS_DEBUG -DSINGLE_PRECISION -DSPECTRUM_SAMPLES=3 -DMTS_SSE -DMTS_HAS_COHERENT_RT -fopenmp -fvisibility=hidden -mtls-dialect=gnu2 -fPIC -fPIC -DMTS_HAS_LIBPNG=1 -DMTS_HAS_LIBJPEG=1 -DMTS_HAS_OPENEXR=1 -DMTS_HAS_FFTW=1 -DMTS_BUILD_MODULE=MTS_MODULE_RENDER -I/usr/include/eigen3 -I/usr/include/OpenEXR -Iinclude src/librender/sensor.cpp
g++ -o build/release/librender/skdtree.os -c -O3 -Wall -g -pipe -march=nocona -msse2 -ftree-vectorize -mfpmath=sse -funsafe-math-optimizations -fno-rounding-math -fno-signaling-nans -fno-math-errno -fomit-frame-pointer -DMTS_DEBUG -DSINGLE_PRECISION -DSPECTRUM_SAMPLES=3 -DMTS_SSE -DMTS_HAS_COHERENT_RT -fopenmp -fvisibility=hidden -mtls-dialect=gnu2 -fPIC -fPIC -DMTS_HAS_LIBPNG=1 -DMTS_HAS_LIBJPEG=1 -DMTS_HAS_OPENEXR=1 -DMTS_HAS_FFTW=1 -DMTS_BUILD_MODULE=MTS_MODULE_RENDER -I/usr/include/eigen3 -I/usr/include/OpenEXR -Iinclude src/librender/skdtree.cpp
g++ -o build/release/librender/medium.os -c -O3 -Wall -g -pipe -march=nocona -msse2 -ftree-vectorize -mfpmath=sse -funsafe-math-optimizations -fno-rounding-math -fno-signaling-nans -fno-math-errno -fomit-frame-pointer -DMTS_DEBUG -DSINGLE_PRECISION -DSPECTRUM_SAMPLES=3 -DMTS_SSE -DMTS_HAS_COHERENT_RT -fopenmp -fvisibility=hidden -mtls-dialect=gnu2 -fPIC -fPIC -DMTS_HAS_LIBPNG=1 -DMTS_HAS_LIBJPEG=1 -DMTS_HAS_OPENEXR=1 -DMTS_HAS_FFTW=1 -DMTS_BUILD_MODULE=MTS_MODULE_RENDER -I/usr/include/eigen3 -I/usr/include/OpenEXR -Iinclude src/librender/medium.cpp
g++ -o build/release/librender/renderjob.os -c -O3 -Wall -g -pipe -march=nocona -msse2 -ftree-vectorize -mfpmath=sse -funsafe-math-optimizations -fno-rounding-math -fno-signaling-nans -fno-math-errno -fomit-frame-pointer -DMTS_DEBUG -DSINGLE_PRECISION -DSPECTRUM_SAMPLES=3 -DMTS_SSE -DMTS_HAS_COHERENT_RT -fopenmp -fvisibility=hidden -mtls-dialect=gnu2 -fPIC -fPIC -DMTS_HAS_LIBPNG=1 -DMTS_HAS_LIBJPEG=1 -DMTS_HAS_OPENEXR=1 -DMTS_HAS_FFTW=1 -DMTS_BUILD_MODULE=MTS_MODULE_RENDER -I/usr/include/eigen3 -I/usr/include/OpenEXR -Iinclude src/librender/renderjob.cpp
g++ -o build/release/librender/imageproc.os -c -O3 -Wall -g -pipe -march=nocona -msse2 -ftree-vectorize -mfpmath=sse -funsafe-math-optimizations -fno-rounding-math -fno-signaling-nans -fno-math-errno -fomit-frame-pointer -DMTS_DEBUG -DSINGLE_PRECISION -DSPECTRUM_SAMPLES=3 -DMTS_SSE -DMTS_HAS_COHERENT_RT -fopenmp -fvisibility=hidden -mtls-dialect=gnu2 -fPIC -fPIC -DMTS_HAS_LIBPNG=1 -DMTS_HAS_LIBJPEG=1 -DMTS_HAS_OPENEXR=1 -DMTS_HAS_FFTW=1 -DMTS_BUILD_MODULE=MTS_MODULE_RENDER -I/usr/include/eigen3 -I/usr/include/OpenEXR -Iinclude src/librender/imageproc.cpp
g++ -o build/release/librender/rectwu.os -c -O3 -Wall -g -pipe -march=nocona -msse2 -ftree-vectorize -mfpmath=sse -funsafe-math-optimizations -fno-rounding-math -fno-signaling-nans -fno-math-errno -fomit-frame-pointer -DMTS_DEBUG -DSINGLE_PRECISION -DSPECTRUM_SAMPLES=3 -DMTS_SSE -DMTS_HAS_COHERENT_RT -fopenmp -fvisibility=hidden -mtls-dialect=gnu2 -fPIC -fPIC -DMTS_HAS_LIBPNG=1 -DMTS_HAS_LIBJPEG=1 -DMTS_HAS_OPENEXR=1 -DMTS_HAS_FFTW=1 -DMTS_BUILD_MODULE=MTS_MODULE_RENDER -I/usr/include/eigen3 -I/usr/include/OpenEXR -Iinclude src/librender/rectwu.cpp
g++ -o build/release/librender/renderproc.os -c -O3 -Wall -g -pipe -march=nocona -msse2 -ftree-vectorize -mfpmath=sse -funsafe-math-optimizations -fno-rounding-math -fno-signaling-nans -fno-math-errno -fomit-frame-pointer -DMTS_DEBUG -DSINGLE_PRECISION -DSPECTRUM_SAMPLES=3 -DMTS_SSE -DMTS_HAS_COHERENT_RT -fopenmp -fvisibility=hidden -mtls-dialect=gnu2 -fPIC -fPIC -DMTS_HAS_LIBPNG=1 -DMTS_HAS_LIBJPEG=1 -DMTS_HAS_OPENEXR=1 -DMTS_HAS_FFTW=1 -DMTS_BUILD_MODULE=MTS_MODULE_RENDER -I/usr/include/eigen3 -I/usr/include/OpenEXR -Iinclude src/librender/renderproc.cpp
g++ -o build/release/librender/imageblock.os -c -O3 -Wall -g -pipe -march=nocona -msse2 -ftree-vectorize -mfpmath=sse -funsafe-math-optimizations -fno-rounding-math -fno-signaling-nans -fno-math-errno -fomit-frame-pointer -DMTS_DEBUG -DSINGLE_PRECISION -DSPECTRUM_SAMPLES=3 -DMTS_SSE -DMTS_HAS_COHERENT_RT -fopenmp -fvisibility=hidden -mtls-dialect=gnu2 -fPIC -fPIC -DMTS_HAS_LIBPNG=1 -DMTS_HAS_LIBJPEG=1 -DMTS_HAS_OPENEXR=1 -DMTS_HAS_FFTW=1 -DMTS_BUILD_MODULE=MTS_MODULE_RENDER -I/usr/include/eigen3 -I/usr/include/OpenEXR -Iinclude src/librender/imageblock.cpp
g++ -o build/release/librender/particleproc.os -c -O3 -Wall -g -pipe -march=nocona -msse2 -ftree-vectorize -mfpmath=sse -funsafe-math-optimizations -fno-rounding-math -fno-signaling-nans -fno-math-errno -fomit-frame-pointer -DMTS_DEBUG -DSINGLE_PRECISION -DSPECTRUM_SAMPLES=3 -DMTS_SSE -DMTS_HAS_COHERENT_RT -fopenmp -fvisibility=hidden -mtls-dialect=gnu2 -fPIC -fPIC -DMTS_HAS_LIBPNG=1 -DMTS_HAS_LIBJPEG=1 -DMTS_HAS_OPENEXR=1 -DMTS_HAS_FFTW=1 -DMTS_BUILD_MODULE=MTS_MODULE_RENDER -I/usr/include/eigen3 -I/usr/include/OpenEXR -Iinclude src/librender/particleproc.cpp
g++ -o build/release/librender/renderqueue.os -c -O3 -Wall -g -pipe -march=nocona -msse2 -ftree-vectorize -mfpmath=sse -funsafe-math-optimizations -fno-rounding-math -fno-signaling-nans -fno-math-errno -fomit-frame-pointer -DMTS_DEBUG -DSINGLE_PRECISION -DSPECTRUM_SAMPLES=3 -DMTS_SSE -DMTS_HAS_COHERENT_RT -fopenmp -fvisibility=hidden -mtls-dialect=gnu2 -fPIC -fPIC -DMTS_HAS_LIBPNG=1 -DMTS_HAS_LIBJPEG=1 -DMTS_HAS_OPENEXR=1 -DMTS_HAS_FFTW=1 -DMTS_BUILD_MODULE=MTS_MODULE_RENDER -I/usr/include/eigen3 -I/usr/include/OpenEXR -Iinclude src/librender/renderqueue.cpp
g++ -o build/release/librender/scene.os -c -O3 -Wall -g -pipe -march=nocona -msse2 -ftree-vectorize -mfpmath=sse -funsafe-math-optimizations -fno-rounding-math -fno-signaling-nans -fno-math-errno -fomit-frame-pointer -DMTS_DEBUG -DSINGLE_PRECISION -DSPECTRUM_SAMPLES=3 -DMTS_SSE -DMTS_HAS_COHERENT_RT -fopenmp -fvisibility=hidden -mtls-dialect=gnu2 -fPIC -fPIC -DMTS_HAS_LIBPNG=1 -DMTS_HAS_LIBJPEG=1 -DMTS_HAS_OPENEXR=1 -DMTS_HAS_FFTW=1 -DMTS_BUILD_MODULE=MTS_MODULE_RENDER -I/usr/include/eigen3 -I/usr/include/OpenEXR -Iinclude src/librender/scene.cpp
g++ -o build/release/librender/subsurface.os -c -O3 -Wall -g -pipe -march=nocona -msse2 -ftree-vectorize -mfpmath=sse -funsafe-math-optimizations -fno-rounding-math -fno-signaling-nans -fno-math-errno -fomit-frame-pointer -DMTS_DEBUG -DSINGLE_PRECISION -DSPECTRUM_SAMPLES=3 -DMTS_SSE -DMTS_HAS_COHERENT_RT -fopenmp -fvisibility=hidden -mtls-dialect=gnu2 -fPIC -fPIC -DMTS_HAS_LIBPNG=1 -DMTS_HAS_LIBJPEG=1 -DMTS_HAS_OPENEXR=1 -DMTS_HAS_FFTW=1 -DMTS_BUILD_MODULE=MTS_MODULE_RENDER -I/usr/include/eigen3 -I/usr/include/OpenEXR -Iinclude src/librender/subsurface.cpp
g++ -o build/release/librender/texture.os -c -O3 -Wall -g -pipe -march=nocona -msse2 -ftree-vectorize -mfpmath=sse -funsafe-math-optimizations -fno-rounding-math -fno-signaling-nans -fno-math-errno -fomit-frame-pointer -DMTS_DEBUG -DSINGLE_PRECISION -DSPECTRUM_SAMPLES=3 -DMTS_SSE -DMTS_HAS_COHERENT_RT -fopenmp -fvisibility=hidden -mtls-dialect=gnu2 -fPIC -fPIC -DMTS_HAS_LIBPNG=1 -DMTS_HAS_LIBJPEG=1 -DMTS_HAS_OPENEXR=1 -DMTS_HAS_FFTW=1 -DMTS_BUILD_MODULE=MTS_MODULE_RENDER -I/usr/include/eigen3 -I/usr/include/OpenEXR -Iinclude src/librender/texture.cpp
g++ -o build/release/librender/shape.os -c -O3 -Wall -g -pipe -march=nocona -msse2 -ftree-vectorize -mfpmath=sse -funsafe-math-optimizations -fno-rounding-math -fno-signaling-nans -fno-math-errno -fomit-frame-pointer -DMTS_DEBUG -DSINGLE_PRECISION -DSPECTRUM_SAMPLES=3 -DMTS_SSE -DMTS_HAS_COHERENT_RT -fopenmp -fvisibility=hidden -mtls-dialect=gnu2 -fPIC -fPIC -DMTS_HAS_LIBPNG=1 -DMTS_HAS_LIBJPEG=1 -DMTS_HAS_OPENEXR=1 -DMTS_HAS_FFTW=1 -DMTS_BUILD_MODULE=MTS_MODULE_RENDER -I/usr/include/eigen3 -I/usr/include/OpenEXR -Iinclude src/librender/shape.cpp
g++ -o build/release/librender/trimesh.os -c -O3 -Wall -g -pipe -march=nocona -msse2 -ftree-vectorize -mfpmath=sse -funsafe-math-optimizations -fno-rounding-math -fno-signaling-nans -fno-math-errno -fomit-frame-pointer -DMTS_DEBUG -DSINGLE_PRECISION -DSPECTRUM_SAMPLES=3 -DMTS_SSE -DMTS_HAS_COHERENT_RT -fopenmp -fvisibility=hidden -mtls-dialect=gnu2 -fPIC -fPIC -DMTS_HAS_LIBPNG=1 -DMTS_HAS_LIBJPEG=1 -DMTS_HAS_OPENEXR=1 -DMTS_HAS_FFTW=1 -DMTS_BUILD_MODULE=MTS_MODULE_RENDER -I/usr/include/eigen3 -I/usr/include/OpenEXR -Iinclude src/librender/trimesh.cpp
g++ -o build/release/librender/sampler.os -c -O3 -Wall -g -pipe -march=nocona -msse2 -ftree-vectorize -mfpmath=sse -funsafe-math-optimizations -fno-rounding-math -fno-signaling-nans -fno-math-errno -fomit-frame-pointer -DMTS_DEBUG -DSINGLE_PRECISION -DSPECTRUM_SAMPLES=3 -DMTS_SSE -DMTS_HAS_COHERENT_RT -fopenmp -fvisibility=hidden -mtls-dialect=gnu2 -fPIC -fPIC -DMTS_HAS_LIBPNG=1 -DMTS_HAS_LIBJPEG=1 -DMTS_HAS_OPENEXR=1 -DMTS_HAS_FFTW=1 -DMTS_BUILD_MODULE=MTS_MODULE_RENDER -I/usr/include/eigen3 -I/usr/include/OpenEXR -Iinclude src/librender/sampler.cpp
g++ -o build/release/librender/util.os -c -O3 -Wall -g -pipe -march=nocona -msse2 -ftree-vectorize -mfpmath=sse -funsafe-math-optimizations -fno-rounding-math -fno-signaling-nans -fno-math-errno -fomit-frame-pointer -DMTS_DEBUG -DSINGLE_PRECISION -DSPECTRUM_SAMPLES=3 -DMTS_SSE -DMTS_HAS_COHERENT_RT -fopenmp -fvisibility=hidden -mtls-dialect=gnu2 -fPIC -fPIC -DMTS_HAS_LIBPNG=1 -DMTS_HAS_LIBJPEG=1 -DMTS_HAS_OPENEXR=1 -DMTS_HAS_FFTW=1 -DMTS_BUILD_MODULE=MTS_MODULE_RENDER -I/usr/include/eigen3 -I/usr/include/OpenEXR -Iinclude src/librender/util.cpp
g++ -o build/release/librender/irrcache.os -c -O3 -Wall -g -pipe -march=nocona -msse2 -ftree-vectorize -mfpmath=sse -funsafe-math-optimizations -fno-rounding-math -fno-signaling-nans -fno-math-errno -fomit-frame-pointer -DMTS_DEBUG -DSINGLE_PRECISION -DSPECTRUM_SAMPLES=3 -DMTS_SSE -DMTS_HAS_COHERENT_RT -fopenmp -fvisibility=hidden -mtls-dialect=gnu2 -fPIC -fPIC -DMTS_HAS_LIBPNG=1 -DMTS_HAS_LIBJPEG=1 -DMTS_HAS_OPENEXR=1 -DMTS_HAS_FFTW=1 -DMTS_BUILD_MODULE=MTS_MODULE_RENDER -I/usr/include/eigen3 -I/usr/include/OpenEXR -Iinclude src/librender/irrcache.cpp
g++ -o build/release/librender/testcase.os -c -O3 -Wall -g -pipe -march=nocona -msse2 -ftree-vectorize -mfpmath=sse -funsafe-math-optimizations -fno-rounding-math -fno-signaling-nans -fno-math-errno -fomit-frame-pointer -DMTS_DEBUG -DSINGLE_PRECISION -DSPECTRUM_SAMPLES=3 -DMTS_SSE -DMTS_HAS_COHERENT_RT -fopenmp -fvisibility=hidden -mtls-dialect=gnu2 -fPIC -fPIC -DMTS_HAS_LIBPNG=1 -DMTS_HAS_LIBJPEG=1 -DMTS_HAS_OPENEXR=1 -DMTS_HAS_FFTW=1 -DMTS_BUILD_MODULE=MTS_MODULE_RENDER -I/usr/include/eigen3 -I/usr/include/OpenEXR -Iinclude src/librender/testcase.cpp
g++ -o build/release/librender/photonmap.os -c -O3 -Wall -g -pipe -march=nocona -msse2 -ftree-vectorize -mfpmath=sse -funsafe-math-optimizations -fno-rounding-math -fno-signaling-nans -fno-math-errno -fomit-frame-pointer -DMTS_DEBUG -DSINGLE_PRECISION -DSPECTRUM_SAMPLES=3 -DMTS_SSE -DMTS_HAS_COHERENT_RT -fopenmp -fvisibility=hidden -mtls-dialect=gnu2 -fPIC -fPIC -DMTS_HAS_LIBPNG=1 -DMTS_HAS_LIBJPEG=1 -DMTS_HAS_OPENEXR=1 -DMTS_HAS_FFTW=1 -DMTS_BUILD_MODULE=MTS_MODULE_RENDER -I/usr/include/eigen3 -I/usr/include/OpenEXR -Iinclude src/librender/photonmap.cpp
g++ -o build/release/librender/gatherproc.os -c -O3 -Wall -g -pipe -march=nocona -msse2 -ftree-vectorize -mfpmath=sse -funsafe-math-optimizations -fno-rounding-math -fno-signaling-nans -fno-math-errno -fomit-frame-pointer -DMTS_DEBUG -DSINGLE_PRECISION -DSPECTRUM_SAMPLES=3 -DMTS_SSE -DMTS_HAS_COHERENT_RT -fopenmp -fvisibility=hidden -mtls-dialect=gnu2 -fPIC -fPIC -DMTS_HAS_LIBPNG=1 -DMTS_HAS_LIBJPEG=1 -DMTS_HAS_OPENEXR=1 -DMTS_HAS_FFTW=1 -DMTS_BUILD_MODULE=MTS_MODULE_RENDER -I/usr/include/eigen3 -I/usr/include/OpenEXR -Iinclude src/librender/gatherproc.cpp
g++ -o build/release/librender/volume.os -c -O3 -Wall -g -pipe -march=nocona -msse2 -ftree-vectorize -mfpmath=sse -funsafe-math-optimizations -fno-rounding-math -fno-signaling-nans -fno-math-errno -fomit-frame-pointer -DMTS_DEBUG -DSINGLE_PRECISION -DSPECTRUM_SAMPLES=3 -DMTS_SSE -DMTS_HAS_COHERENT_RT -fopenmp -fvisibility=hidden -mtls-dialect=gnu2 -fPIC -fPIC -DMTS_HAS_LIBPNG=1 -DMTS_HAS_LIBJPEG=1 -DMTS_HAS_OPENEXR=1 -DMTS_HAS_FFTW=1 -DMTS_BUILD_MODULE=MTS_MODULE_RENDER -I/usr/include/eigen3 -I/usr/include/OpenEXR -Iinclude src/librender/volume.cpp
g++ -o build/release/librender/vpl.os -c -O3 -Wall -g -pipe -march=nocona -msse2 -ftree-vectorize -mfpmath=sse -funsafe-math-optimizations -fno-rounding-math -fno-signaling-nans -fno-math-errno -fomit-frame-pointer -DMTS_DEBUG -DSINGLE_PRECISION -DSPECTRUM_SAMPLES=3 -DMTS_SSE -DMTS_HAS_COHERENT_RT -fopenmp -fvisibility=hidden -mtls-dialect=gnu2 -fPIC -fPIC -DMTS_HAS_LIBPNG=1 -DMTS_HAS_LIBJPEG=1 -DMTS_HAS_OPENEXR=1 -DMTS_HAS_FFTW=1 -DMTS_BUILD_MODULE=MTS_MODULE_RENDER -I/usr/include/eigen3 -I/usr/include/OpenEXR -Iinclude src/librender/vpl.cpp
g++ -o build/release/librender/shader.os -c -O3 -Wall -g -pipe -march=nocona -msse2 -ftree-vectorize -mfpmath=sse -funsafe-math-optimizations -fno-rounding-math -fno-signaling-nans -fno-math-errno -fomit-frame-pointer -DMTS_DEBUG -DSINGLE_PRECISION -DSPECTRUM_SAMPLES=3 -DMTS_SSE -DMTS_HAS_COHERENT_RT -fopenmp -fvisibility=hidden -mtls-dialect=gnu2 -fPIC -fPIC -DMTS_HAS_LIBPNG=1 -DMTS_HAS_LIBJPEG=1 -DMTS_HAS_OPENEXR=1 -DMTS_HAS_FFTW=1 -DMTS_BUILD_MODULE=MTS_MODULE_RENDER -I/usr/include/eigen3 -I/usr/include/OpenEXR -Iinclude src/librender/shader.cpp
g++ -o build/release/librender/scenehandler.os -c -O3 -Wall -g -pipe -march=nocona -msse2 -ftree-vectorize -mfpmath=sse -funsafe-math-optimizations -fno-rounding-math -fno-signaling-nans -fno-math-errno -fomit-frame-pointer -DMTS_DEBUG -DSINGLE_PRECISION -DSPECTRUM_SAMPLES=3 -DMTS_SSE -DMTS_HAS_COHERENT_RT -fopenmp -fvisibility=hidden -mtls-dialect=gnu2 -fPIC -fPIC -DMTS_HAS_LIBPNG=1 -DMTS_HAS_LIBJPEG=1 -DMTS_HAS_OPENEXR=1 -DMTS_HAS_FFTW=1 -DMTS_BUILD_MODULE=MTS_MODULE_RENDER -I/usr/include/eigen3 -I/usr/include/OpenEXR -Iinclude src/librender/scenehandler.cpp
g++ -o build/release/librender/intersection.os -c -O3 -Wall -g -pipe -march=nocona -msse2 -ftree-vectorize -mfpmath=sse -funsafe-math-optimizations -fno-rounding-math -fno-signaling-nans -fno-math-errno -fomit-frame-pointer -DMTS_DEBUG -DSINGLE_PRECISION -DSPECTRUM_SAMPLES=3 -DMTS_SSE -DMTS_HAS_COHERENT_RT -fopenmp -fvisibility=hidden -mtls-dialect=gnu2 -fPIC -fPIC -DMTS_HAS_LIBPNG=1 -DMTS_HAS_LIBJPEG=1 -DMTS_HAS_OPENEXR=1 -DMTS_HAS_FFTW=1 -DMTS_BUILD_MODULE=MTS_MODULE_RENDER -I/usr/include/eigen3 -I/usr/include/OpenEXR -Iinclude src/librender/intersection.cpp
g++ -o build/release/librender/common.os -c -O3 -Wall -g -pipe -march=nocona -msse2 -ftree-vectorize -mfpmath=sse -funsafe-math-optimizations -fno-rounding-math -fno-signaling-nans -fno-math-errno -fomit-frame-pointer -DMTS_DEBUG -DSINGLE_PRECISION -DSPECTRUM_SAMPLES=3 -DMTS_SSE -DMTS_HAS_COHERENT_RT -fopenmp -fvisibility=hidden -mtls-dialect=gnu2 -fPIC -fPIC -DMTS_HAS_LIBPNG=1 -DMTS_HAS_LIBJPEG=1 -DMTS_HAS_OPENEXR=1 -DMTS_HAS_FFTW=1 -DMTS_BUILD_MODULE=MTS_MODULE_RENDER -I/usr/include/eigen3 -I/usr/include/OpenEXR -Iinclude src/librender/common.cpp
g++ -o build/release/librender/phase.os -c -O3 -Wall -g -pipe -march=nocona -msse2 -ftree-vectorize -mfpmath=sse -funsafe-math-optimizations -fno-rounding-math -fno-signaling-nans -fno-math-errno -fomit-frame-pointer -DMTS_DEBUG -DSINGLE_PRECISION -DSPECTRUM_SAMPLES=3 -DMTS_SSE -DMTS_HAS_COHERENT_RT -fopenmp -fvisibility=hidden -mtls-dialect=gnu2 -fPIC -fPIC -DMTS_HAS_LIBPNG=1 -DMTS_HAS_LIBJPEG=1 -DMTS_HAS_OPENEXR=1 -DMTS_HAS_FFTW=1 -DMTS_BUILD_MODULE=MTS_MODULE_RENDER -I/usr/include/eigen3 -I/usr/include/OpenEXR -Iinclude src/librender/phase.cpp
g++ -o build/release/librender/noise.os -c -O3 -Wall -g -pipe -march=nocona -msse2 -ftree-vectorize -mfpmath=sse -funsafe-math-optimizations -fno-rounding-math -fno-signaling-nans -fno-math-errno -fomit-frame-pointer -DMTS_DEBUG -DSINGLE_PRECISION -DSPECTRUM_SAMPLES=3 -DMTS_SSE -DMTS_HAS_COHERENT_RT -fopenmp -fvisibility=hidden -mtls-dialect=gnu2 -fPIC -fPIC -DMTS_HAS_LIBPNG=1 -DMTS_HAS_LIBJPEG=1 -DMTS_HAS_OPENEXR=1 -DMTS_HAS_FFTW=1 -DMTS_BUILD_MODULE=MTS_MODULE_RENDER -I/usr/include/eigen3 -I/usr/include/OpenEXR -Iinclude src/librender/noise.cpp
g++ -o build/release/librender/photon.os -c -O3 -Wall -g -pipe -march=nocona -msse2 -ftree-vectorize -mfpmath=sse -funsafe-math-optimizations -fno-rounding-math -fno-signaling-nans -fno-math-errno -fomit-frame-pointer -DMTS_DEBUG -DSINGLE_PRECISION -DSPECTRUM_SAMPLES=3 -DMTS_SSE -DMTS_HAS_COHERENT_RT -fopenmp -fvisibility=hidden -mtls-dialect=gnu2 -fPIC -fPIC -DMTS_HAS_LIBPNG=1 -DMTS_HAS_LIBJPEG=1 -DMTS_HAS_OPENEXR=1 -DMTS_HAS_FFTW=1 -DMTS_BUILD_MODULE=MTS_MODULE_RENDER -I/usr/include/eigen3 -I/usr/include/OpenEXR -Iinclude src/librender/photon.cpp
g++ -o build/release/libhw/session.os -c -O3 -Wall -g -pipe -march=nocona -msse2 -ftree-vectorize -mfpmath=sse -funsafe-math-optimizations -fno-rounding-math -fno-signaling-nans -fno-math-errno -fomit-frame-pointer -DMTS_DEBUG -DSINGLE_PRECISION -DSPECTRUM_SAMPLES=3 -DMTS_SSE -DMTS_HAS_COHERENT_RT -fopenmp -fvisibility=hidden -mtls-dialect=gnu2 -fPIC -fPIC -DGLEW_MX -DMTS_HAS_LIBPNG=1 -DMTS_HAS_LIBJPEG=1 -DMTS_HAS_OPENEXR=1 -DMTS_HAS_FFTW=1 -DMTS_BUILD_MODULE=MTS_MODULE_HW -I/usr/include/eigen3 -I/usr/include/OpenEXR -Iinclude src/libhw/session.cpp
g++ -o build/release/libhw/device.os -c -O3 -Wall -g -pipe -march=nocona -msse2 -ftree-vectorize -mfpmath=sse -funsafe-math-optimizations -fno-rounding-math -fno-signaling-nans -fno-math-errno -fomit-frame-pointer -DMTS_DEBUG -DSINGLE_PRECISION -DSPECTRUM_SAMPLES=3 -DMTS_SSE -DMTS_HAS_COHERENT_RT -fopenmp -fvisibility=hidden -mtls-dialect=gnu2 -fPIC -fPIC -DGLEW_MX -DMTS_HAS_LIBPNG=1 -DMTS_HAS_LIBJPEG=1 -DMTS_HAS_OPENEXR=1 -DMTS_HAS_FFTW=1 -DMTS_BUILD_MODULE=MTS_MODULE_HW -I/usr/include/eigen3 -I/usr/include/OpenEXR -Iinclude src/libhw/device.cpp
g++ -o build/release/libhw/gputexture.os -c -O3 -Wall -g -pipe -march=nocona -msse2 -ftree-vectorize -mfpmath=sse -funsafe-math-optimizations -fno-rounding-math -fno-signaling-nans -fno-math-errno -fomit-frame-pointer -DMTS_DEBUG -DSINGLE_PRECISION -DSPECTRUM_SAMPLES=3 -DMTS_SSE -DMTS_HAS_COHERENT_RT -fopenmp -fvisibility=hidden -mtls-dialect=gnu2 -fPIC -fPIC -DGLEW_MX -DMTS_HAS_LIBPNG=1 -DMTS_HAS_LIBJPEG=1 -DMTS_HAS_OPENEXR=1 -DMTS_HAS_FFTW=1 -DMTS_BUILD_MODULE=MTS_MODULE_HW -I/usr/include/eigen3 -I/usr/include/OpenEXR -Iinclude src/libhw/gputexture.cpp
g++ -o build/release/libhw/gpugeometry.os -c -O3 -Wall -g -pipe -march=nocona -msse2 -ftree-vectorize -mfpmath=sse -funsafe-math-optimizations -fno-rounding-math -fno-signaling-nans -fno-math-errno -fomit-frame-pointer -DMTS_DEBUG -DSINGLE_PRECISION -DSPECTRUM_SAMPLES=3 -DMTS_SSE -DMTS_HAS_COHERENT_RT -fopenmp -fvisibility=hidden -mtls-dialect=gnu2 -fPIC -fPIC -DGLEW_MX -DMTS_HAS_LIBPNG=1 -DMTS_HAS_LIBJPEG=1 -DMTS_HAS_OPENEXR=1 -DMTS_HAS_FFTW=1 -DMTS_BUILD_MODULE=MTS_MODULE_HW -I/usr/include/eigen3 -I/usr/include/OpenEXR -Iinclude src/libhw/gpugeometry.cpp
g++ -o build/release/libhw/gpuprogram.os -c -O3 -Wall -g -pipe -march=nocona -msse2 -ftree-vectorize -mfpmath=sse -funsafe-math-optimizations -fno-rounding-math -fno-signaling-nans -fno-math-errno -fomit-frame-pointer -DMTS_DEBUG -DSINGLE_PRECISION -DSPECTRUM_SAMPLES=3 -DMTS_SSE -DMTS_HAS_COHERENT_RT -fopenmp -fvisibility=hidden -mtls-dialect=gnu2 -fPIC -fPIC -DGLEW_MX -DMTS_HAS_LIBPNG=1 -DMTS_HAS_LIBJPEG=1 -DMTS_HAS_OPENEXR=1 -DMTS_HAS_FFTW=1 -DMTS_BUILD_MODULE=MTS_MODULE_HW -I/usr/include/eigen3 -I/usr/include/OpenEXR -Iinclude src/libhw/gpuprogram.cpp
g++ -o build/release/libhw/renderer.os -c -O3 -Wall -g -pipe -march=nocona -msse2 -ftree-vectorize -mfpmath=sse -funsafe-math-optimizations -fno-rounding-math -fno-signaling-nans -fno-math-errno -fomit-frame-pointer -DMTS_DEBUG -DSINGLE_PRECISION -DSPECTRUM_SAMPLES=3 -DMTS_SSE -DMTS_HAS_COHERENT_RT -fopenmp -fvisibility=hidden -mtls-dialect=gnu2 -fPIC -fPIC -DGLEW_MX -DMTS_HAS_LIBPNG=1 -DMTS_HAS_LIBJPEG=1 -DMTS_HAS_OPENEXR=1 -DMTS_HAS_FFTW=1 -DMTS_BUILD_MODULE=MTS_MODULE_HW -I/usr/include/eigen3 -I/usr/include/OpenEXR -Iinclude src/libhw/renderer.cpp
g++ -o build/release/libhw/glrenderer.os -c -O3 -Wall -g -pipe -march=nocona -msse2 -ftree-vectorize -mfpmath=sse -funsafe-math-optimizations -fno-rounding-math -fno-signaling-nans -fno-math-errno -fomit-frame-pointer -DMTS_DEBUG -DSINGLE_PRECISION -DSPECTRUM_SAMPLES=3 -DMTS_SSE -DMTS_HAS_COHERENT_RT -fopenmp -fvisibility=hidden -mtls-dialect=gnu2 -fPIC -fPIC -DGLEW_MX -DMTS_HAS_LIBPNG=1 -DMTS_HAS_LIBJPEG=1 -DMTS_HAS_OPENEXR=1 -DMTS_HAS_FFTW=1 -DMTS_BUILD_MODULE=MTS_MODULE_HW -I/usr/include/eigen3 -I/usr/include/OpenEXR -Iinclude src/libhw/glrenderer.cpp
g++ -o build/release/libhw/glprogram.os -c -O3 -Wall -g -pipe -march=nocona -msse2 -ftree-vectorize -mfpmath=sse -funsafe-math-optimizations -fno-rounding-math -fno-signaling-nans -fno-math-errno -fomit-frame-pointer -DMTS_DEBUG -DSINGLE_PRECISION -DSPECTRUM_SAMPLES=3 -DMTS_SSE -DMTS_HAS_COHERENT_RT -fopenmp -fvisibility=hidden -mtls-dialect=gnu2 -fPIC -fPIC -DGLEW_MX -DMTS_HAS_LIBPNG=1 -DMTS_HAS_LIBJPEG=1 -DMTS_HAS_OPENEXR=1 -DMTS_HAS_FFTW=1 -DMTS_BUILD_MODULE=MTS_MODULE_HW -I/usr/include/eigen3 -I/usr/include/OpenEXR -Iinclude src/libhw/glprogram.cpp
g++ -o build/release/libhw/glgeometry.os -c -O3 -Wall -g -pipe -march=nocona -msse2 -ftree-vectorize -mfpmath=sse -funsafe-math-optimizations -fno-rounding-math -fno-signaling-nans -fno-math-errno -fomit-frame-pointer -DMTS_DEBUG -DSINGLE_PRECISION -DSPECTRUM_SAMPLES=3 -DMTS_SSE -DMTS_HAS_COHERENT_RT -fopenmp -fvisibility=hidden -mtls-dialect=gnu2 -fPIC -fPIC -DGLEW_MX -DMTS_HAS_LIBPNG=1 -DMTS_HAS_LIBJPEG=1 -DMTS_HAS_OPENEXR=1 -DMTS_HAS_FFTW=1 -DMTS_BUILD_MODULE=MTS_MODULE_HW -I/usr/include/eigen3 -I/usr/include/OpenEXR -Iinclude src/libhw/glgeometry.cpp
g++ -o build/release/libhw/gltexture.os -c -O3 -Wall -g -pipe -march=nocona -msse2 -ftree-vectorize -mfpmath=sse -funsafe-math-optimizations -fno-rounding-math -fno-signaling-nans -fno-math-errno -fomit-frame-pointer -DMTS_DEBUG -DSINGLE_PRECISION -DSPECTRUM_SAMPLES=3 -DMTS_SSE -DMTS_HAS_COHERENT_RT -fopenmp -fvisibility=hidden -mtls-dialect=gnu2 -fPIC -fPIC -DGLEW_MX -DMTS_HAS_LIBPNG=1 -DMTS_HAS_LIBJPEG=1 -DMTS_HAS_OPENEXR=1 -DMTS_HAS_FFTW=1 -DMTS_BUILD_MODULE=MTS_MODULE_HW -I/usr/include/eigen3 -I/usr/include/OpenEXR -Iinclude src/libhw/gltexture.cpp
g++ -o build/release/libhw/gpusync.os -c -O3 -Wall -g -pipe -march=nocona -msse2 -ftree-vectorize -mfpmath=sse -funsafe-math-optimizations -fno-rounding-math -fno-signaling-nans -fno-math-errno -fomit-frame-pointer -DMTS_DEBUG -DSINGLE_PRECISION -DSPECTRUM_SAMPLES=3 -DMTS_SSE -DMTS_HAS_COHERENT_RT -fopenmp -fvisibility=hidden -mtls-dialect=gnu2 -fPIC -fPIC -DGLEW_MX -DMTS_HAS_LIBPNG=1 -DMTS_HAS_LIBJPEG=1 -DMTS_HAS_OPENEXR=1 -DMTS_HAS_FFTW=1 -DMTS_BUILD_MODULE=MTS_MODULE_HW -I/usr/include/eigen3 -I/usr/include/OpenEXR -Iinclude src/libhw/gpusync.cpp
g++ -o build/release/libhw/glsync.os -c -O3 -Wall -g -pipe -march=nocona -msse2 -ftree-vectorize -mfpmath=sse -funsafe-math-optimizations -fno-rounding-math -fno-signaling-nans -fno-math-errno -fomit-frame-pointer -DMTS_DEBUG -DSINGLE_PRECISION -DSPECTRUM_SAMPLES=3 -DMTS_SSE -DMTS_HAS_COHERENT_RT -fopenmp -fvisibility=hidden -mtls-dialect=gnu2 -fPIC -fPIC -DGLEW_MX -DMTS_HAS_LIBPNG=1 -DMTS_HAS_LIBJPEG=1 -DMTS_HAS_OPENEXR=1 -DMTS_HAS_FFTW=1 -DMTS_BUILD_MODULE=MTS_MODULE_HW -I/usr/include/eigen3 -I/usr/include/OpenEXR -Iinclude src/libhw/glsync.cpp
g++ -o build/release/libhw/vpl.os -c -O3 -Wall -g -pipe -march=nocona -msse2 -ftree-vectorize -mfpmath=sse -funsafe-math-optimizations -fno-rounding-math -fno-signaling-nans -fno-math-errno -fomit-frame-pointer -DMTS_DEBUG -DSINGLE_PRECISION -DSPECTRUM_SAMPLES=3 -DMTS_SSE -DMTS_HAS_COHERENT_RT -fopenmp -fvisibility=hidden -mtls-dialect=gnu2 -fPIC -fPIC -DGLEW_MX -DMTS_HAS_LIBPNG=1 -DMTS_HAS_LIBJPEG=1 -DMTS_HAS_OPENEXR=1 -DMTS_HAS_FFTW=1 -DMTS_BUILD_MODULE=MTS_MODULE_HW -I/usr/include/eigen3 -I/usr/include/OpenEXR -Iinclude src/libhw/vpl.cpp
g++ -o build/release/libhw/font.os -c -O3 -Wall -g -pipe -march=nocona -msse2 -ftree-vectorize -mfpmath=sse -funsafe-math-optimizations -fno-rounding-math -fno-signaling-nans -fno-math-errno -fomit-frame-pointer -DMTS_DEBUG -DSINGLE_PRECISION -DSPECTRUM_SAMPLES=3 -DMTS_SSE -DMTS_HAS_COHERENT_RT -fopenmp -fvisibility=hidden -mtls-dialect=gnu2 -fPIC -fPIC -DGLEW_MX -DMTS_HAS_LIBPNG=1 -DMTS_HAS_LIBJPEG=1 -DMTS_HAS_OPENEXR=1 -DMTS_HAS_FFTW=1 -DMTS_BUILD_MODULE=MTS_MODULE_HW -I/usr/include/eigen3 -I/usr/include/OpenEXR -Iinclude src/libhw/font.cpp
g++ -o build/release/libhw/viewer.os -c -O3 -Wall -g -pipe -march=nocona -msse2 -ftree-vectorize -mfpmath=sse -funsafe-math-optimizations -fno-rounding-math -fno-signaling-nans -fno-math-errno -fomit-frame-pointer -DMTS_DEBUG -DSINGLE_PRECISION -DSPECTRUM_SAMPLES=3 -DMTS_SSE -DMTS_HAS_COHERENT_RT -fopenmp -fvisibility=hidden -mtls-dialect=gnu2 -fPIC -fPIC -DGLEW_MX -DMTS_HAS_LIBPNG=1 -DMTS_HAS_LIBJPEG=1 -DMTS_HAS_OPENEXR=1 -DMTS_HAS_FFTW=1 -DMTS_BUILD_MODULE=MTS_MODULE_HW -I/usr/include/eigen3 -I/usr/include/OpenEXR -Iinclude src/libhw/viewer.cpp
g++ -o build/release/libhw/basicshader.os -c -O3 -Wall -g -pipe -march=nocona -msse2 -ftree-vectorize -mfpmath=sse -funsafe-math-optimizations -fno-rounding-math -fno-signaling-nans -fno-math-errno -fomit-frame-pointer -DMTS_DEBUG -DSINGLE_PRECISION -DSPECTRUM_SAMPLES=3 -DMTS_SSE -DMTS_HAS_COHERENT_RT -fopenmp -fvisibility=hidden -mtls-dialect=gnu2 -fPIC -fPIC -DGLEW_MX -DMTS_HAS_LIBPNG=1 -DMTS_HAS_LIBJPEG=1 -DMTS_HAS_OPENEXR=1 -DMTS_HAS_FFTW=1 -DMTS_BUILD_MODULE=MTS_MODULE_HW -I/usr/include/eigen3 -I/usr/include/OpenEXR -Iinclude src/libhw/basicshader.cpp
g++ -o build/release/libhw/shadow.os -c -O3 -Wall -g -pipe -march=nocona -msse2 -ftree-vectorize -mfpmath=sse -funsafe-math-optimizations -fno-rounding-math -fno-signaling-nans -fno-math-errno -fomit-frame-pointer -DMTS_DEBUG -DSINGLE_PRECISION -DSPECTRUM_SAMPLES=3 -DMTS_SSE -DMTS_HAS_COHERENT_RT -fopenmp -fvisibility=hidden -mtls-dialect=gnu2 -fPIC -fPIC -DGLEW_MX -DMTS_HAS_LIBPNG=1 -DMTS_HAS_LIBJPEG=1 -DMTS_HAS_OPENEXR=1 -DMTS_HAS_FFTW=1 -DMTS_BUILD_MODULE=MTS_MODULE_HW -I/usr/include/eigen3 -I/usr/include/OpenEXR -Iinclude src/libhw/shadow.cpp
g++ -o build/release/libhw/x11session.os -c -O3 -Wall -g -pipe -march=nocona -msse2 -ftree-vectorize -mfpmath=sse -funsafe-math-optimizations -fno-rounding-math -fno-signaling-nans -fno-math-errno -fomit-frame-pointer -DMTS_DEBUG -DSINGLE_PRECISION -DSPECTRUM_SAMPLES=3 -DMTS_SSE -DMTS_HAS_COHERENT_RT -fopenmp -fvisibility=hidden -mtls-dialect=gnu2 -fPIC -fPIC -DGLEW_MX -DMTS_HAS_LIBPNG=1 -DMTS_HAS_LIBJPEG=1 -DMTS_HAS_OPENEXR=1 -DMTS_HAS_FFTW=1 -DMTS_BUILD_MODULE=MTS_MODULE_HW -I/usr/include/eigen3 -I/usr/include/OpenEXR -Iinclude src/libhw/x11session.cpp
g++ -o build/release/libhw/x11device.os -c -O3 -Wall -g -pipe -march=nocona -msse2 -ftree-vectorize -mfpmath=sse -funsafe-math-optimizations -fno-rounding-math -fno-signaling-nans -fno-math-errno -fomit-frame-pointer -DMTS_DEBUG -DSINGLE_PRECISION -DSPECTRUM_SAMPLES=3 -DMTS_SSE -DMTS_HAS_COHERENT_RT -fopenmp -fvisibility=hidden -mtls-dialect=gnu2 -fPIC -fPIC -DGLEW_MX -DMTS_HAS_LIBPNG=1 -DMTS_HAS_LIBJPEG=1 -DMTS_HAS_OPENEXR=1 -DMTS_HAS_FFTW=1 -DMTS_BUILD_MODULE=MTS_MODULE_HW -I/usr/include/eigen3 -I/usr/include/OpenEXR -Iinclude src/libhw/x11device.cpp
g++ -o build/release/libhw/glxdevice.os -c -O3 -Wall -g -pipe -march=nocona -msse2 -ftree-vectorize -mfpmath=sse -funsafe-math-optimizations -fno-rounding-math -fno-signaling-nans -fno-math-errno -fomit-frame-pointer -DMTS_DEBUG -DSINGLE_PRECISION -DSPECTRUM_SAMPLES=3 -DMTS_SSE -DMTS_HAS_COHERENT_RT -fopenmp -fvisibility=hidden -mtls-dialect=gnu2 -fPIC -fPIC -DGLEW_MX -DMTS_HAS_LIBPNG=1 -DMTS_HAS_LIBJPEG=1 -DMTS_HAS_OPENEXR=1 -DMTS_HAS_FFTW=1 -DMTS_BUILD_MODULE=MTS_MODULE_HW -I/usr/include/eigen3 -I/usr/include/OpenEXR -Iinclude src/libhw/glxdevice.cpp
g++ -o build/release/libhw/glxrenderer.os -c -O3 -Wall -g -pipe -march=nocona -msse2 -ftree-vectorize -mfpmath=sse -funsafe-math-optimizations -fno-rounding-math -fno-signaling-nans -fno-math-errno -fomit-frame-pointer -DMTS_DEBUG -DSINGLE_PRECISION -DSPECTRUM_SAMPLES=3 -DMTS_SSE -DMTS_HAS_COHERENT_RT -fopenmp -fvisibility=hidden -mtls-dialect=gnu2 -fPIC -fPIC -DGLEW_MX -DMTS_HAS_LIBPNG=1 -DMTS_HAS_LIBJPEG=1 -DMTS_HAS_OPENEXR=1 -DMTS_HAS_FFTW=1 -DMTS_BUILD_MODULE=MTS_MODULE_HW -I/usr/include/eigen3 -I/usr/include/OpenEXR -Iinclude src/libhw/glxrenderer.cpp
g++ -o build/release/bsdfs/bumpmap.os -c -O3 -Wall -g -pipe -march=nocona -msse2 -ftree-vectorize -mfpmath=sse -funsafe-math-optimizations -fno-rounding-math -fno-signaling-nans -fno-math-errno -fomit-frame-pointer -DMTS_DEBUG -DSINGLE_PRECISION -DSPECTRUM_SAMPLES=3 -DMTS_SSE -DMTS_HAS_COHERENT_RT -fopenmp -fvisibility=hidden -mtls-dialect=gnu2 -fPIC -fPIC -DMTS_HAS_LIBPNG=1 -DMTS_HAS_LIBJPEG=1 -DMTS_HAS_OPENEXR=1 -DMTS_HAS_FFTW=1 -I/usr/include/eigen3 -I/usr/include/OpenEXR -Iinclude src/bsdfs/bumpmap.cpp
g++ -o build/release/bsdfs/coating.os -c -O3 -Wall -g -pipe -march=nocona -msse2 -ftree-vectorize -mfpmath=sse -funsafe-math-optimizations -fno-rounding-math -fno-signaling-nans -fno-math-errno -fomit-frame-pointer -DMTS_DEBUG -DSINGLE_PRECISION -DSPECTRUM_SAMPLES=3 -DMTS_SSE -DMTS_HAS_COHERENT_RT -fopenmp -fvisibility=hidden -mtls-dialect=gnu2 -fPIC -fPIC -DMTS_HAS_LIBPNG=1 -DMTS_HAS_LIBJPEG=1 -DMTS_HAS_OPENEXR=1 -DMTS_HAS_FFTW=1 -I/usr/include/eigen3 -I/usr/include/OpenEXR -Iinclude src/bsdfs/coating.cpp
g++ -o build/release/bsdfs/conductor.os -c -O3 -Wall -g -pipe -march=nocona -msse2 -ftree-vectorize -mfpmath=sse -funsafe-math-optimizations -fno-rounding-math -fno-signaling-nans -fno-math-errno -fomit-frame-pointer -DMTS_DEBUG -DSINGLE_PRECISION -DSPECTRUM_SAMPLES=3 -DMTS_SSE -DMTS_HAS_COHERENT_RT -fopenmp -fvisibility=hidden -mtls-dialect=gnu2 -fPIC -fPIC -DMTS_HAS_LIBPNG=1 -DMTS_HAS_LIBJPEG=1 -DMTS_HAS_OPENEXR=1 -DMTS_HAS_FFTW=1 -I/usr/include/eigen3 -I/usr/include/OpenEXR -Iinclude src/bsdfs/conductor.cpp
g++ -o build/release/bsdfs/dielectric.os -c -O3 -Wall -g -pipe -march=nocona -msse2 -ftree-vectorize -mfpmath=sse -funsafe-math-optimizations -fno-rounding-math -fno-signaling-nans -fno-math-errno -fomit-frame-pointer -DMTS_DEBUG -DSINGLE_PRECISION -DSPECTRUM_SAMPLES=3 -DMTS_SSE -DMTS_HAS_COHERENT_RT -fopenmp -fvisibility=hidden -mtls-dialect=gnu2 -fPIC -fPIC -DMTS_HAS_LIBPNG=1 -DMTS_HAS_LIBJPEG=1 -DMTS_HAS_OPENEXR=1 -DMTS_HAS_FFTW=1 -I/usr/include/eigen3 -I/usr/include/OpenEXR -Iinclude src/bsdfs/dielectric.cpp
g++ -o build/release/bsdfs/difftrans.os -c -O3 -Wall -g -pipe -march=nocona -msse2 -ftree-vectorize -mfpmath=sse -funsafe-math-optimizations -fno-rounding-math -fno-signaling-nans -fno-math-errno -fomit-frame-pointer -DMTS_DEBUG -DSINGLE_PRECISION -DSPECTRUM_SAMPLES=3 -DMTS_SSE -DMTS_HAS_COHERENT_RT -fopenmp -fvisibility=hidden -mtls-dialect=gnu2 -fPIC -fPIC -DMTS_HAS_LIBPNG=1 -DMTS_HAS_LIBJPEG=1 -DMTS_HAS_OPENEXR=1 -DMTS_HAS_FFTW=1 -I/usr/include/eigen3 -I/usr/include/OpenEXR -Iinclude src/bsdfs/difftrans.cpp
g++ -o build/release/bsdfs/diffuse.os -c -O3 -Wall -g -pipe -march=nocona -msse2 -ftree-vectorize -mfpmath=sse -funsafe-math-optimizations -fno-rounding-math -fno-signaling-nans -fno-math-errno -fomit-frame-pointer -DMTS_DEBUG -DSINGLE_PRECISION -DSPECTRUM_SAMPLES=3 -DMTS_SSE -DMTS_HAS_COHERENT_RT -fopenmp -fvisibility=hidden -mtls-dialect=gnu2 -fPIC -fPIC -DMTS_HAS_LIBPNG=1 -DMTS_HAS_LIBJPEG=1 -DMTS_HAS_OPENEXR=1 -DMTS_HAS_FFTW=1 -I/usr/include/eigen3 -I/usr/include/OpenEXR -Iinclude src/bsdfs/diffuse.cpp
g++ -o build/release/bsdfs/hk.os -c -O3 -Wall -g -pipe -march=nocona -msse2 -ftree-vectorize -mfpmath=sse -funsafe-math-optimizations -fno-rounding-math -fno-signaling-nans -fno-math-errno -fomit-frame-pointer -DMTS_DEBUG -DSINGLE_PRECISION -DSPECTRUM_SAMPLES=3 -DMTS_SSE -DMTS_HAS_COHERENT_RT -fopenmp -fvisibility=hidden -mtls-dialect=gnu2 -fPIC -fPIC -DMTS_HAS_LIBPNG=1 -DMTS_HAS_LIBJPEG=1 -DMTS_HAS_OPENEXR=1 -DMTS_HAS_FFTW=1 -I/usr/include/eigen3 -I/usr/include/OpenEXR -Iinclude src/bsdfs/hk.cpp
g++ -o build/release/bsdfs/irawan.os -c -Wall -pipe -march=nocona -msse2 -ftree-vectorize -mfpmath=sse -funsafe-math-optimizations -fno-rounding-math -fno-signaling-nans -fno-math-errno -fomit-frame-pointer -DMTS_DEBUG -DSINGLE_PRECISION -DSPECTRUM_SAMPLES=3 -DMTS_SSE -DMTS_HAS_COHERENT_RT -fopenmp -fvisibility=hidden -mtls-dialect=gnu2 -fPIC -Os -fPIC -DMTS_HAS_LIBPNG=1 -DMTS_HAS_LIBJPEG=1 -DMTS_HAS_OPENEXR=1 -DMTS_HAS_FFTW=1 -I/usr/include/eigen3 -I/usr/include/OpenEXR -Iinclude src/bsdfs/irawan.cpp
g++ -o build/release/bsdfs/mask.os -c -O3 -Wall -g -pipe -march=nocona -msse2 -ftree-vectorize -mfpmath=sse -funsafe-math-optimizations -fno-rounding-math -fno-signaling-nans -fno-math-errno -fomit-frame-pointer -DMTS_DEBUG -DSINGLE_PRECISION -DSPECTRUM_SAMPLES=3 -DMTS_SSE -DMTS_HAS_COHERENT_RT -fopenmp -fvisibility=hidden -mtls-dialect=gnu2 -fPIC -fPIC -DMTS_HAS_LIBPNG=1 -DMTS_HAS_LIBJPEG=1 -DMTS_HAS_OPENEXR=1 -DMTS_HAS_FFTW=1 -I/usr/include/eigen3 -I/usr/include/OpenEXR -Iinclude src/bsdfs/mask.cpp
g++ -o build/release/bsdfs/mixturebsdf.os -c -O3 -Wall -g -pipe -march=nocona -msse2 -ftree-vectorize -mfpmath=sse -funsafe-math-optimizations -fno-rounding-math -fno-signaling-nans -fno-math-errno -fomit-frame-pointer -DMTS_DEBUG -DSINGLE_PRECISION -DSPECTRUM_SAMPLES=3 -DMTS_SSE -DMTS_HAS_COHERENT_RT -fopenmp -fvisibility=hidden -mtls-dialect=gnu2 -fPIC -fPIC -DMTS_HAS_LIBPNG=1 -DMTS_HAS_LIBJPEG=1 -DMTS_HAS_OPENEXR=1 -DMTS_HAS_FFTW=1 -I/usr/include/eigen3 -I/usr/include/OpenEXR -Iinclude src/bsdfs/mixturebsdf.cpp
g++ -o build/release/bsdfs/normalmap.os -c -O3 -Wall -g -pipe -march=nocona -msse2 -ftree-vectorize -mfpmath=sse -funsafe-math-optimizations -fno-rounding-math -fno-signaling-nans -fno-math-errno -fomit-frame-pointer -DMTS_DEBUG -DSINGLE_PRECISION -DSPECTRUM_SAMPLES=3 -DMTS_SSE -DMTS_HAS_COHERENT_RT -fopenmp -fvisibility=hidden -mtls-dialect=gnu2 -fPIC -fPIC -DMTS_HAS_LIBPNG=1 -DMTS_HAS_LIBJPEG=1 -DMTS_HAS_OPENEXR=1 -DMTS_HAS_FFTW=1 -I/usr/include/eigen3 -I/usr/include/OpenEXR -Iinclude src/bsdfs/normalmap.cpp
g++ -o build/release/bsdfs/null.os -c -O3 -Wall -g -pipe -march=nocona -msse2 -ftree-vectorize -mfpmath=sse -funsafe-math-optimizations -fno-rounding-math -fno-signaling-nans -fno-math-errno -fomit-frame-pointer -DMTS_DEBUG -DSINGLE_PRECISION -DSPECTRUM_SAMPLES=3 -DMTS_SSE -DMTS_HAS_COHERENT_RT -fopenmp -fvisibility=hidden -mtls-dialect=gnu2 -fPIC -fPIC -DMTS_HAS_LIBPNG=1 -DMTS_HAS_LIBJPEG=1 -DMTS_HAS_OPENEXR=1 -DMTS_HAS_FFTW=1 -I/usr/include/eigen3 -I/usr/include/OpenEXR -Iinclude src/bsdfs/null.cpp
g++ -o build/release/bsdfs/phong.os -c -O3 -Wall -g -pipe -march=nocona -msse2 -ftree-vectorize -mfpmath=sse -funsafe-math-optimizations -fno-rounding-math -fno-signaling-nans -fno-math-errno -fomit-frame-pointer -DMTS_DEBUG -DSINGLE_PRECISION -DSPECTRUM_SAMPLES=3 -DMTS_SSE -DMTS_HAS_COHERENT_RT -fopenmp -fvisibility=hidden -mtls-dialect=gnu2 -fPIC -fPIC -DMTS_HAS_LIBPNG=1 -DMTS_HAS_LIBJPEG=1 -DMTS_HAS_OPENEXR=1 -DMTS_HAS_FFTW=1 -I/usr/include/eigen3 -I/usr/include/OpenEXR -Iinclude src/bsdfs/phong.cpp
g++ -o build/release/bsdfs/plastic.os -c -O3 -Wall -g -pipe -march=nocona -msse2 -ftree-vectorize -mfpmath=sse -funsafe-math-optimizations -fno-rounding-math -fno-signaling-nans -fno-math-errno -fomit-frame-pointer -DMTS_DEBUG -DSINGLE_PRECISION -DSPECTRUM_SAMPLES=3 -DMTS_SSE -DMTS_HAS_COHERENT_RT -fopenmp -fvisibility=hidden -mtls-dialect=gnu2 -fPIC -fPIC -DMTS_HAS_LIBPNG=1 -DMTS_HAS_LIBJPEG=1 -DMTS_HAS_OPENEXR=1 -DMTS_HAS_FFTW=1 -I/usr/include/eigen3 -I/usr/include/OpenEXR -Iinclude src/bsdfs/plastic.cpp
g++ -o build/release/bsdfs/roughcoating.os -c -O3 -Wall -g -pipe -march=nocona -msse2 -ftree-vectorize -mfpmath=sse -funsafe-math-optimizations -fno-rounding-math -fno-signaling-nans -fno-math-errno -fomit-frame-pointer -DMTS_DEBUG -DSINGLE_PRECISION -DSPECTRUM_SAMPLES=3 -DMTS_SSE -DMTS_HAS_COHERENT_RT -fopenmp -fvisibility=hidden -mtls-dialect=gnu2 -fPIC -fPIC -DMTS_HAS_LIBPNG=1 -DMTS_HAS_LIBJPEG=1 -DMTS_HAS_OPENEXR=1 -DMTS_HAS_FFTW=1 -I/usr/include/eigen3 -I/usr/include/OpenEXR -Iinclude src/bsdfs/roughcoating.cpp
g++ -o build/release/bsdfs/roughconductor.os -c -O3 -Wall -g -pipe -march=nocona -msse2 -ftree-vectorize -mfpmath=sse -funsafe-math-optimizations -fno-rounding-math -fno-signaling-nans -fno-math-errno -fomit-frame-pointer -DMTS_DEBUG -DSINGLE_PRECISION -DSPECTRUM_SAMPLES=3 -DMTS_SSE -DMTS_HAS_COHERENT_RT -fopenmp -fvisibility=hidden -mtls-dialect=gnu2 -fPIC -fPIC -DMTS_HAS_LIBPNG=1 -DMTS_HAS_LIBJPEG=1 -DMTS_HAS_OPENEXR=1 -DMTS_HAS_FFTW=1 -I/usr/include/eigen3 -I/usr/include/OpenEXR -Iinclude src/bsdfs/roughconductor.cpp
g++ -o build/release/bsdfs/roughdielectric.os -c -O3 -Wall -g -pipe -march=nocona -msse2 -ftree-vectorize -mfpmath=sse -funsafe-math-optimizations -fno-rounding-math -fno-signaling-nans -fno-math-errno -fomit-frame-pointer -DMTS_DEBUG -DSINGLE_PRECISION -DSPECTRUM_SAMPLES=3 -DMTS_SSE -DMTS_HAS_COHERENT_RT -fopenmp -fvisibility=hidden -mtls-dialect=gnu2 -fPIC -fPIC -DMTS_HAS_LIBPNG=1 -DMTS_HAS_LIBJPEG=1 -DMTS_HAS_OPENEXR=1 -DMTS_HAS_FFTW=1 -I/usr/include/eigen3 -I/usr/include/OpenEXR -Iinclude src/bsdfs/roughdielectric.cpp
g++ -o build/release/bsdfs/roughdiffuse.os -c -O3 -Wall -g -pipe -march=nocona -msse2 -ftree-vectorize -mfpmath=sse -funsafe-math-optimizations -fno-rounding-math -fno-signaling-nans -fno-math-errno -fomit-frame-pointer -DMTS_DEBUG -DSINGLE_PRECISION -DSPECTRUM_SAMPLES=3 -DMTS_SSE -DMTS_HAS_COHERENT_RT -fopenmp -fvisibility=hidden -mtls-dialect=gnu2 -fPIC -fPIC -DMTS_HAS_LIBPNG=1 -DMTS_HAS_LIBJPEG=1 -DMTS_HAS_OPENEXR=1 -DMTS_HAS_FFTW=1 -I/usr/include/eigen3 -I/usr/include/OpenEXR -Iinclude src/bsdfs/roughdiffuse.cpp
g++ -o build/release/bsdfs/roughplastic.os -c -O3 -Wall -g -pipe -march=nocona -msse2 -ftree-vectorize -mfpmath=sse -funsafe-math-optimizations -fno-rounding-math -fno-signaling-nans -fno-math-errno -fomit-frame-pointer -DMTS_DEBUG -DSINGLE_PRECISION -DSPECTRUM_SAMPLES=3 -DMTS_SSE -DMTS_HAS_COHERENT_RT -fopenmp -fvisibility=hidden -mtls-dialect=gnu2 -fPIC -fPIC -DMTS_HAS_LIBPNG=1 -DMTS_HAS_LIBJPEG=1 -DMTS_HAS_OPENEXR=1 -DMTS_HAS_FFTW=1 -I/usr/include/eigen3 -I/usr/include/OpenEXR -Iinclude src/bsdfs/roughplastic.cpp
g++ -o build/release/bsdfs/thindielectric.os -c -O3 -Wall -g -pipe -march=nocona -msse2 -ftree-vectorize -mfpmath=sse -funsafe-math-optimizations -fno-rounding-math -fno-signaling-nans -fno-math-errno -fomit-frame-pointer -DMTS_DEBUG -DSINGLE_PRECISION -DSPECTRUM_SAMPLES=3 -DMTS_SSE -DMTS_HAS_COHERENT_RT -fopenmp -fvisibility=hidden -mtls-dialect=gnu2 -fPIC -fPIC -DMTS_HAS_LIBPNG=1 -DMTS_HAS_LIBJPEG=1 -DMTS_HAS_OPENEXR=1 -DMTS_HAS_FFTW=1 -I/usr/include/eigen3 -I/usr/include/OpenEXR -Iinclude src/bsdfs/thindielectric.cpp
g++ -o build/release/bsdfs/twosided.os -c -O3 -Wall -g -pipe -march=nocona -msse2 -ftree-vectorize -mfpmath=sse -funsafe-math-optimizations -fno-rounding-math -fno-signaling-nans -fno-math-errno -fomit-frame-pointer -DMTS_DEBUG -DSINGLE_PRECISION -DSPECTRUM_SAMPLES=3 -DMTS_SSE -DMTS_HAS_COHERENT_RT -fopenmp -fvisibility=hidden -mtls-dialect=gnu2 -fPIC -fPIC -DMTS_HAS_LIBPNG=1 -DMTS_HAS_LIBJPEG=1 -DMTS_HAS_OPENEXR=1 -DMTS_HAS_FFTW=1 -I/usr/include/eigen3 -I/usr/include/OpenEXR -Iinclude src/bsdfs/twosided.cpp
g++ -o build/release/bsdfs/ward.os -c -O3 -Wall -g -pipe -march=nocona -msse2 -ftree-vectorize -mfpmath=sse -funsafe-math-optimizations -fno-rounding-math -fno-signaling-nans -fno-math-errno -fomit-frame-pointer -DMTS_DEBUG -DSINGLE_PRECISION -DSPECTRUM_SAMPLES=3 -DMTS_SSE -DMTS_HAS_COHERENT_RT -fopenmp -fvisibility=hidden -mtls-dialect=gnu2 -fPIC -fPIC -DMTS_HAS_LIBPNG=1 -DMTS_HAS_LIBJPEG=1 -DMTS_HAS_OPENEXR=1 -DMTS_HAS_FFTW=1 -I/usr/include/eigen3 -I/usr/include/OpenEXR -Iinclude src/bsdfs/ward.cpp
g++ -o build/release/emitters/area.os -c -O3 -Wall -g -pipe -march=nocona -msse2 -ftree-vectorize -mfpmath=sse -funsafe-math-optimizations -fno-rounding-math -fno-signaling-nans -fno-math-errno -fomit-frame-pointer -DMTS_DEBUG -DSINGLE_PRECISION -DSPECTRUM_SAMPLES=3 -DMTS_SSE -DMTS_HAS_COHERENT_RT -fopenmp -fvisibility=hidden -mtls-dialect=gnu2 -fPIC -fPIC -DMTS_HAS_LIBPNG=1 -DMTS_HAS_LIBJPEG=1 -DMTS_HAS_OPENEXR=1 -DMTS_HAS_FFTW=1 -I/usr/include/eigen3 -I/usr/include/OpenEXR -Iinclude src/emitters/area.cpp
g++ -o build/release/emitters/collimated.os -c -O3 -Wall -g -pipe -march=nocona -msse2 -ftree-vectorize -mfpmath=sse -funsafe-math-optimizations -fno-rounding-math -fno-signaling-nans -fno-math-errno -fomit-frame-pointer -DMTS_DEBUG -DSINGLE_PRECISION -DSPECTRUM_SAMPLES=3 -DMTS_SSE -DMTS_HAS_COHERENT_RT -fopenmp -fvisibility=hidden -mtls-dialect=gnu2 -fPIC -fPIC -DMTS_HAS_LIBPNG=1 -DMTS_HAS_LIBJPEG=1 -DMTS_HAS_OPENEXR=1 -DMTS_HAS_FFTW=1 -I/usr/include/eigen3 -I/usr/include/OpenEXR -Iinclude src/emitters/collimated.cpp
g++ -o build/release/emitters/constant.os -c -O3 -Wall -g -pipe -march=nocona -msse2 -ftree-vectorize -mfpmath=sse -funsafe-math-optimizations -fno-rounding-math -fno-signaling-nans -fno-math-errno -fomit-frame-pointer -DMTS_DEBUG -DSINGLE_PRECISION -DSPECTRUM_SAMPLES=3 -DMTS_SSE -DMTS_HAS_COHERENT_RT -fopenmp -fvisibility=hidden -mtls-dialect=gnu2 -fPIC -fPIC -DMTS_HAS_LIBPNG=1 -DMTS_HAS_LIBJPEG=1 -DMTS_HAS_OPENEXR=1 -DMTS_HAS_FFTW=1 -I/usr/include/eigen3 -I/usr/include/OpenEXR -Iinclude src/emitters/constant.cpp
g++ -o build/release/emitters/directional.os -c -O3 -Wall -g -pipe -march=nocona -msse2 -ftree-vectorize -mfpmath=sse -funsafe-math-optimizations -fno-rounding-math -fno-signaling-nans -fno-math-errno -fomit-frame-pointer -DMTS_DEBUG -DSINGLE_PRECISION -DSPECTRUM_SAMPLES=3 -DMTS_SSE -DMTS_HAS_COHERENT_RT -fopenmp -fvisibility=hidden -mtls-dialect=gnu2 -fPIC -fPIC -DMTS_HAS_LIBPNG=1 -DMTS_HAS_LIBJPEG=1 -DMTS_HAS_OPENEXR=1 -DMTS_HAS_FFTW=1 -I/usr/include/eigen3 -I/usr/include/OpenEXR -Iinclude src/emitters/directional.cpp
g++ -o build/release/emitters/envmap.os -c -O3 -Wall -g -pipe -march=nocona -msse2 -ftree-vectorize -mfpmath=sse -funsafe-math-optimizations -fno-rounding-math -fno-signaling-nans -fno-math-errno -fomit-frame-pointer -DMTS_DEBUG -DSINGLE_PRECISION -DSPECTRUM_SAMPLES=3 -DMTS_SSE -DMTS_HAS_COHERENT_RT -fopenmp -fvisibility=hidden -mtls-dialect=gnu2 -fPIC -fPIC -DMTS_HAS_LIBPNG=1 -DMTS_HAS_LIBJPEG=1 -DMTS_HAS_OPENEXR=1 -DMTS_HAS_FFTW=1 -I/usr/include/eigen3 -I/usr/include/OpenEXR -Iinclude src/emitters/envmap.cpp
g++ -o build/release/emitters/point.os -c -O3 -Wall -g -pipe -march=nocona -msse2 -ftree-vectorize -mfpmath=sse -funsafe-math-optimizations -fno-rounding-math -fno-signaling-nans -fno-math-errno -fomit-frame-pointer -DMTS_DEBUG -DSINGLE_PRECISION -DSPECTRUM_SAMPLES=3 -DMTS_SSE -DMTS_HAS_COHERENT_RT -fopenmp -fvisibility=hidden -mtls-dialect=gnu2 -fPIC -fPIC -DMTS_HAS_LIBPNG=1 -DMTS_HAS_LIBJPEG=1 -DMTS_HAS_OPENEXR=1 -DMTS_HAS_FFTW=1 -I/usr/include/eigen3 -I/usr/include/OpenEXR -Iinclude src/emitters/point.cpp
g++ -o build/release/emitters/sky.os -c -O3 -Wall -g -pipe -march=nocona -msse2 -ftree-vectorize -mfpmath=sse -funsafe-math-optimizations -fno-rounding-math -fno-signaling-nans -fno-math-errno -fomit-frame-pointer -DMTS_DEBUG -DSINGLE_PRECISION -DSPECTRUM_SAMPLES=3 -DMTS_SSE -DMTS_HAS_COHERENT_RT -fopenmp -fvisibility=hidden -mtls-dialect=gnu2 -fPIC -fPIC -DMTS_HAS_LIBPNG=1 -DMTS_HAS_LIBJPEG=1 -DMTS_HAS_OPENEXR=1 -DMTS_HAS_FFTW=1 -I/usr/include/eigen3 -I/usr/include/OpenEXR -Iinclude src/emitters/sky.cpp
g++ -o build/release/emitters/sunsky/skymodel.os -c -O3 -Wall -g -pipe -march=nocona -msse2 -ftree-vectorize -mfpmath=sse -funsafe-math-optimizations -fno-rounding-math -fno-signaling-nans -fno-math-errno -fomit-frame-pointer -DMTS_DEBUG -DSINGLE_PRECISION -DSPECTRUM_SAMPLES=3 -DMTS_SSE -DMTS_HAS_COHERENT_RT -fopenmp -fvisibility=hidden -mtls-dialect=gnu2 -fPIC -fPIC -DMTS_HAS_LIBPNG=1 -DMTS_HAS_LIBJPEG=1 -DMTS_HAS_OPENEXR=1 -DMTS_HAS_FFTW=1 -I/usr/include/eigen3 -I/usr/include/OpenEXR -Iinclude src/emitters/sunsky/skymodel.cpp
g++ -o build/release/emitters/spot.os -c -O3 -Wall -g -pipe -march=nocona -msse2 -ftree-vectorize -mfpmath=sse -funsafe-math-optimizations -fno-rounding-math -fno-signaling-nans -fno-math-errno -fomit-frame-pointer -DMTS_DEBUG -DSINGLE_PRECISION -DSPECTRUM_SAMPLES=3 -DMTS_SSE -DMTS_HAS_COHERENT_RT -fopenmp -fvisibility=hidden -mtls-dialect=gnu2 -fPIC -fPIC -DMTS_HAS_LIBPNG=1 -DMTS_HAS_LIBJPEG=1 -DMTS_HAS_OPENEXR=1 -DMTS_HAS_FFTW=1 -I/usr/include/eigen3 -I/usr/include/OpenEXR -Iinclude src/emitters/spot.cpp
g++ -o build/release/emitters/sun.os -c -O3 -Wall -g -pipe -march=nocona -msse2 -ftree-vectorize -mfpmath=sse -funsafe-math-optimizations -fno-rounding-math -fno-signaling-nans -fno-math-errno -fomit-frame-pointer -DMTS_DEBUG -DSINGLE_PRECISION -DSPECTRUM_SAMPLES=3 -DMTS_SSE -DMTS_HAS_COHERENT_RT -fopenmp -fvisibility=hidden -mtls-dialect=gnu2 -fPIC -fPIC -DMTS_HAS_LIBPNG=1 -DMTS_HAS_LIBJPEG=1 -DMTS_HAS_OPENEXR=1 -DMTS_HAS_FFTW=1 -I/usr/include/eigen3 -I/usr/include/OpenEXR -Iinclude src/emitters/sun.cpp
g++ -o build/release/emitters/sunsky.os -c -O3 -Wall -g -pipe -march=nocona -msse2 -ftree-vectorize -mfpmath=sse -funsafe-math-optimizations -fno-rounding-math -fno-signaling-nans -fno-math-errno -fomit-frame-pointer -DMTS_DEBUG -DSINGLE_PRECISION -DSPECTRUM_SAMPLES=3 -DMTS_SSE -DMTS_HAS_COHERENT_RT -fopenmp -fvisibility=hidden -mtls-dialect=gnu2 -fPIC -fPIC -DMTS_HAS_LIBPNG=1 -DMTS_HAS_LIBJPEG=1 -DMTS_HAS_OPENEXR=1 -DMTS_HAS_FFTW=1 -I/usr/include/eigen3 -I/usr/include/OpenEXR -Iinclude src/emitters/sunsky.cpp
g++ -o build/release/films/cnpy.os -c -O3 -Wall -g -pipe -march=nocona -msse2 -ftree-vectorize -mfpmath=sse -funsafe-math-optimizations -fno-rounding-math -fno-signaling-nans -fno-math-errno -fomit-frame-pointer -DMTS_DEBUG -DSINGLE_PRECISION -DSPECTRUM_SAMPLES=3 -DMTS_SSE -DMTS_HAS_COHERENT_RT -fopenmp -fvisibility=hidden -mtls-dialect=gnu2 -fPIC -fPIC -DMTS_HAS_LIBPNG=1 -DMTS_HAS_LIBJPEG=1 -DMTS_HAS_OPENEXR=1 -DMTS_HAS_FFTW=1 -I/usr/include/OpenEXR -I/usr/include/eigen3 -I/usr/include/OpenEXR -Iinclude src/films/cnpy.cpp
g++ -o build/release/films/hdrfilm.os -c -O3 -Wall -g -pipe -march=nocona -msse2 -ftree-vectorize -mfpmath=sse -funsafe-math-optimizations -fno-rounding-math -fno-signaling-nans -fno-math-errno -fomit-frame-pointer -DMTS_DEBUG -DSINGLE_PRECISION -DSPECTRUM_SAMPLES=3 -DMTS_SSE -DMTS_HAS_COHERENT_RT -fopenmp -fvisibility=hidden -mtls-dialect=gnu2 -fPIC -fPIC -DMTS_HAS_LIBPNG=1 -DMTS_HAS_LIBJPEG=1 -DMTS_HAS_OPENEXR=1 -DMTS_HAS_FFTW=1 -I/usr/include/OpenEXR -I/usr/include/eigen3 -I/usr/include/OpenEXR -Iinclude src/films/hdrfilm.cpp
g++ -o build/release/films/ldrfilm.os -c -O3 -Wall -g -pipe -march=nocona -msse2 -ftree-vectorize -mfpmath=sse -funsafe-math-optimizations -fno-rounding-math -fno-signaling-nans -fno-math-errno -fomit-frame-pointer -DMTS_DEBUG -DSINGLE_PRECISION -DSPECTRUM_SAMPLES=3 -DMTS_SSE -DMTS_HAS_COHERENT_RT -fopenmp -fvisibility=hidden -mtls-dialect=gnu2 -fPIC -fPIC -DMTS_HAS_LIBPNG=1 -DMTS_HAS_LIBJPEG=1 -DMTS_HAS_OPENEXR=1 -DMTS_HAS_FFTW=1 -I/usr/include/OpenEXR -I/usr/include/eigen3 -I/usr/include/OpenEXR -Iinclude src/films/ldrfilm.cpp
g++ -o build/release/films/mfilm.os -c -O3 -Wall -g -pipe -march=nocona -msse2 -ftree-vectorize -mfpmath=sse -funsafe-math-optimizations -fno-rounding-math -fno-signaling-nans -fno-math-errno -fomit-frame-pointer -DMTS_DEBUG -DSINGLE_PRECISION -DSPECTRUM_SAMPLES=3 -DMTS_SSE -DMTS_HAS_COHERENT_RT -fopenmp -fvisibility=hidden -mtls-dialect=gnu2 -fPIC -fPIC -DMTS_HAS_LIBPNG=1 -DMTS_HAS_LIBJPEG=1 -DMTS_HAS_OPENEXR=1 -DMTS_HAS_FFTW=1 -I/usr/include/OpenEXR -I/usr/include/eigen3 -I/usr/include/OpenEXR -Iinclude src/films/mfilm.cpp
g++ -o build/release/films/tiledhdrfilm.os -c -O3 -Wall -g -pipe -march=nocona -msse2 -ftree-vectorize -mfpmath=sse -funsafe-math-optimizations -fno-rounding-math -fno-signaling-nans -fno-math-errno -fomit-frame-pointer -DMTS_DEBUG -DSINGLE_PRECISION -DSPECTRUM_SAMPLES=3 -DMTS_SSE -DMTS_HAS_COHERENT_RT -fopenmp -fvisibility=hidden -mtls-dialect=gnu2 -fPIC -fPIC -DMTS_HAS_LIBPNG=1 -DMTS_HAS_LIBJPEG=1 -DMTS_HAS_OPENEXR=1 -DMTS_HAS_FFTW=1 -I/usr/include/OpenEXR -I/usr/include/eigen3 -I/usr/include/OpenEXR -Iinclude src/films/tiledhdrfilm.cpp
g++ -o build/release/integrators/misc/adaptive.os -c -O3 -Wall -g -pipe -march=nocona -msse2 -ftree-vectorize -mfpmath=sse -funsafe-math-optimizations -fno-rounding-math -fno-signaling-nans -fno-math-errno -fomit-frame-pointer -DMTS_DEBUG -DSINGLE_PRECISION -DSPECTRUM_SAMPLES=3 -DMTS_SSE -DMTS_HAS_COHERENT_RT -fopenmp -fvisibility=hidden -mtls-dialect=gnu2 -fPIC -fPIC -DMTS_HAS_LIBPNG=1 -DMTS_HAS_LIBJPEG=1 -DMTS_HAS_OPENEXR=1 -DMTS_HAS_FFTW=1 -I/usr/include/eigen3 -I/usr/include/OpenEXR -Iinclude src/integrators/misc/adaptive.cpp
g++ -o build/release/integrators/direct/ao.os -c -O3 -Wall -g -pipe -march=nocona -msse2 -ftree-vectorize -mfpmath=sse -funsafe-math-optimizations -fno-rounding-math -fno-signaling-nans -fno-math-errno -fomit-frame-pointer -DMTS_DEBUG -DSINGLE_PRECISION -DSPECTRUM_SAMPLES=3 -DMTS_SSE -DMTS_HAS_COHERENT_RT -fopenmp -fvisibility=hidden -mtls-dialect=gnu2 -fPIC -fPIC -DMTS_HAS_LIBPNG=1 -DMTS_HAS_LIBJPEG=1 -DMTS_HAS_OPENEXR=1 -DMTS_HAS_FFTW=1 -I/usr/include/eigen3 -I/usr/include/OpenEXR -Iinclude src/integrators/direct/ao.cpp
g++ -o build/release/integrators/bdpt/bdpt.os -c -O3 -Wall -g -pipe -march=nocona -msse2 -ftree-vectorize -mfpmath=sse -funsafe-math-optimizations -fno-rounding-math -fno-signaling-nans -fno-math-errno -fomit-frame-pointer -DMTS_DEBUG -DSINGLE_PRECISION -DSPECTRUM_SAMPLES=3 -DMTS_SSE -DMTS_HAS_COHERENT_RT -fopenmp -fvisibility=hidden -mtls-dialect=gnu2 -fPIC -fPIC -DMTS_HAS_LIBPNG=1 -DMTS_HAS_LIBJPEG=1 -DMTS_HAS_OPENEXR=1 -DMTS_HAS_FFTW=1 -I/usr/include/eigen3 -I/usr/include/OpenEXR -Iinclude src/integrators/bdpt/bdpt.cpp
g++ -o build/release/integrators/bdpt/bdpt_proc.os -c -O3 -Wall -g -pipe -march=nocona -msse2 -ftree-vectorize -mfpmath=sse -funsafe-math-optimizations -fno-rounding-math -fno-signaling-nans -fno-math-errno -fomit-frame-pointer -DMTS_DEBUG -DSINGLE_PRECISION -DSPECTRUM_SAMPLES=3 -DMTS_SSE -DMTS_HAS_COHERENT_RT -fopenmp -fvisibility=hidden -mtls-dialect=gnu2 -fPIC -fPIC -DMTS_HAS_LIBPNG=1 -DMTS_HAS_LIBJPEG=1 -DMTS_HAS_OPENEXR=1 -DMTS_HAS_FFTW=1 -I/usr/include/eigen3 -I/usr/include/OpenEXR -Iinclude src/integrators/bdpt/bdpt_proc.cpp
g++ -o build/release/integrators/bdpt/bdpt_wr.os -c -O3 -Wall -g -pipe -march=nocona -msse2 -ftree-vectorize -mfpmath=sse -funsafe-math-optimizations -fno-rounding-math -fno-signaling-nans -fno-math-errno -fomit-frame-pointer -DMTS_DEBUG -DSINGLE_PRECISION -DSPECTRUM_SAMPLES=3 -DMTS_SSE -DMTS_HAS_COHERENT_RT -fopenmp -fvisibility=hidden -mtls-dialect=gnu2 -fPIC -fPIC -DMTS_HAS_LIBPNG=1 -DMTS_HAS_LIBJPEG=1 -DMTS_HAS_OPENEXR=1 -DMTS_HAS_FFTW=1 -I/usr/include/eigen3 -I/usr/include/OpenEXR -Iinclude src/integrators/bdpt/bdpt_wr.cpp
g++ -o build/release/libbidir/common.os -c -O3 -Wall -g -pipe -march=nocona -msse2 -ftree-vectorize -mfpmath=sse -funsafe-math-optimizations -fno-rounding-math -fno-signaling-nans -fno-math-errno -fomit-frame-pointer -DMTS_DEBUG -DSINGLE_PRECISION -DSPECTRUM_SAMPLES=3 -DMTS_SSE -DMTS_HAS_COHERENT_RT -fopenmp -fvisibility=hidden -mtls-dialect=gnu2 -fPIC -fPIC -DMTS_HAS_LIBPNG=1 -DMTS_HAS_LIBJPEG=1 -DMTS_HAS_OPENEXR=1 -DMTS_HAS_FFTW=1 -DMTS_BUILD_MODULE=MTS_MODULE_BIDIR -I/usr/include/eigen3 -I/usr/include/OpenEXR -Iinclude src/libbidir/common.cpp
g++ -o build/release/libbidir/rsampler.os -c -O3 -Wall -g -pipe -march=nocona -msse2 -ftree-vectorize -mfpmath=sse -funsafe-math-optimizations -fno-rounding-math -fno-signaling-nans -fno-math-errno -fomit-frame-pointer -DMTS_DEBUG -DSINGLE_PRECISION -DSPECTRUM_SAMPLES=3 -DMTS_SSE -DMTS_HAS_COHERENT_RT -fopenmp -fvisibility=hidden -mtls-dialect=gnu2 -fPIC -fPIC -DMTS_HAS_LIBPNG=1 -DMTS_HAS_LIBJPEG=1 -DMTS_HAS_OPENEXR=1 -DMTS_HAS_FFTW=1 -DMTS_BUILD_MODULE=MTS_MODULE_BIDIR -I/usr/include/eigen3 -I/usr/include/OpenEXR -Iinclude src/libbidir/rsampler.cpp
g++ -o build/release/libbidir/vertex.os -c -O3 -Wall -g -pipe -march=nocona -msse2 -ftree-vectorize -mfpmath=sse -funsafe-math-optimizations -fno-rounding-math -fno-signaling-nans -fno-math-errno -fomit-frame-pointer -DMTS_DEBUG -DSINGLE_PRECISION -DSPECTRUM_SAMPLES=3 -DMTS_SSE -DMTS_HAS_COHERENT_RT -fopenmp -fvisibility=hidden -mtls-dialect=gnu2 -fPIC -fPIC -DMTS_HAS_LIBPNG=1 -DMTS_HAS_LIBJPEG=1 -DMTS_HAS_OPENEXR=1 -DMTS_HAS_FFTW=1 -DMTS_BUILD_MODULE=MTS_MODULE_BIDIR -I/usr/include/eigen3 -I/usr/include/OpenEXR -Iinclude src/libbidir/vertex.cpp
g++ -o build/release/libbidir/edge.os -c -O3 -Wall -g -pipe -march=nocona -msse2 -ftree-vectorize -mfpmath=sse -funsafe-math-optimizations -fno-rounding-math -fno-signaling-nans -fno-math-errno -fomit-frame-pointer -DMTS_DEBUG -DSINGLE_PRECISION -DSPECTRUM_SAMPLES=3 -DMTS_SSE -DMTS_HAS_COHERENT_RT -fopenmp -fvisibility=hidden -mtls-dialect=gnu2 -fPIC -fPIC -DMTS_HAS_LIBPNG=1 -DMTS_HAS_LIBJPEG=1 -DMTS_HAS_OPENEXR=1 -DMTS_HAS_FFTW=1 -DMTS_BUILD_MODULE=MTS_MODULE_BIDIR -I/usr/include/eigen3 -I/usr/include/OpenEXR -Iinclude src/libbidir/edge.cpp
g++ -o build/release/libbidir/path.os -c -O3 -Wall -g -pipe -march=nocona -msse2 -ftree-vectorize -mfpmath=sse -funsafe-math-optimizations -fno-rounding-math -fno-signaling-nans -fno-math-errno -fomit-frame-pointer -DMTS_DEBUG -DSINGLE_PRECISION -DSPECTRUM_SAMPLES=3 -DMTS_SSE -DMTS_HAS_COHERENT_RT -fopenmp -fvisibility=hidden -mtls-dialect=gnu2 -fPIC -fPIC -DMTS_HAS_LIBPNG=1 -DMTS_HAS_LIBJPEG=1 -DMTS_HAS_OPENEXR=1 -DMTS_HAS_FFTW=1 -DMTS_BUILD_MODULE=MTS_MODULE_BIDIR -I/usr/include/eigen3 -I/usr/include/OpenEXR -Iinclude src/libbidir/path.cpp
g++ -o build/release/libbidir/verification.os -c -O3 -Wall -g -pipe -march=nocona -msse2 -ftree-vectorize -mfpmath=sse -funsafe-math-optimizations -fno-rounding-math -fno-signaling-nans -fno-math-errno -fomit-frame-pointer -DMTS_DEBUG -DSINGLE_PRECISION -DSPECTRUM_SAMPLES=3 -DMTS_SSE -DMTS_HAS_COHERENT_RT -fopenmp -fvisibility=hidden -mtls-dialect=gnu2 -fPIC -fPIC -DMTS_HAS_LIBPNG=1 -DMTS_HAS_LIBJPEG=1 -DMTS_HAS_OPENEXR=1 -DMTS_HAS_FFTW=1 -DMTS_BUILD_MODULE=MTS_MODULE_BIDIR -I/usr/include/eigen3 -I/usr/include/OpenEXR -Iinclude src/libbidir/verification.cpp
g++ -o build/release/libbidir/util.os -c -O3 -Wall -g -pipe -march=nocona -msse2 -ftree-vectorize -mfpmath=sse -funsafe-math-optimizations -fno-rounding-math -fno-signaling-nans -fno-math-errno -fomit-frame-pointer -DMTS_DEBUG -DSINGLE_PRECISION -DSPECTRUM_SAMPLES=3 -DMTS_SSE -DMTS_HAS_COHERENT_RT -fopenmp -fvisibility=hidden -mtls-dialect=gnu2 -fPIC -fPIC -DMTS_HAS_LIBPNG=1 -DMTS_HAS_LIBJPEG=1 -DMTS_HAS_OPENEXR=1 -DMTS_HAS_FFTW=1 -DMTS_BUILD_MODULE=MTS_MODULE_BIDIR -I/usr/include/eigen3 -I/usr/include/OpenEXR -Iinclude src/libbidir/util.cpp
g++ -o build/release/libbidir/pathsampler.os -c -O3 -Wall -g -pipe -march=nocona -msse2 -ftree-vectorize -mfpmath=sse -funsafe-math-optimizations -fno-rounding-math -fno-signaling-nans -fno-math-errno -fomit-frame-pointer -DMTS_DEBUG -DSINGLE_PRECISION -DSPECTRUM_SAMPLES=3 -DMTS_SSE -DMTS_HAS_COHERENT_RT -fopenmp -fvisibility=hidden -mtls-dialect=gnu2 -fPIC -fPIC -DMTS_HAS_LIBPNG=1 -DMTS_HAS_LIBJPEG=1 -DMTS_HAS_OPENEXR=1 -DMTS_HAS_FFTW=1 -DMTS_BUILD_MODULE=MTS_MODULE_BIDIR -I/usr/include/eigen3 -I/usr/include/OpenEXR -Iinclude src/libbidir/pathsampler.cpp
g++ -o build/release/libbidir/mut_bidir.os -c -O3 -Wall -g -pipe -march=nocona -msse2 -ftree-vectorize -mfpmath=sse -funsafe-math-optimizations -fno-rounding-math -fno-signaling-nans -fno-math-errno -fomit-frame-pointer -DMTS_DEBUG -DSINGLE_PRECISION -DSPECTRUM_SAMPLES=3 -DMTS_SSE -DMTS_HAS_COHERENT_RT -fopenmp -fvisibility=hidden -mtls-dialect=gnu2 -fPIC -fPIC -DMTS_HAS_LIBPNG=1 -DMTS_HAS_LIBJPEG=1 -DMTS_HAS_OPENEXR=1 -DMTS_HAS_FFTW=1 -DMTS_BUILD_MODULE=MTS_MODULE_BIDIR -I/usr/include/eigen3 -I/usr/include/OpenEXR -Iinclude src/libbidir/mut_bidir.cpp
g++ -o build/release/libbidir/mut_lens.os -c -O3 -Wall -g -pipe -march=nocona -msse2 -ftree-vectorize -mfpmath=sse -funsafe-math-optimizations -fno-rounding-math -fno-signaling-nans -fno-math-errno -fomit-frame-pointer -DMTS_DEBUG -DSINGLE_PRECISION -DSPECTRUM_SAMPLES=3 -DMTS_SSE -DMTS_HAS_COHERENT_RT -fopenmp -fvisibility=hidden -mtls-dialect=gnu2 -fPIC -fPIC -DMTS_HAS_LIBPNG=1 -DMTS_HAS_LIBJPEG=1 -DMTS_HAS_OPENEXR=1 -DMTS_HAS_FFTW=1 -DMTS_BUILD_MODULE=MTS_MODULE_BIDIR -I/usr/include/eigen3 -I/usr/include/OpenEXR -Iinclude src/libbidir/mut_lens.cpp
g++ -o build/release/libbidir/mut_caustic.os -c -O3 -Wall -g -pipe -march=nocona -msse2 -ftree-vectorize -mfpmath=sse -funsafe-math-optimizations -fno-rounding-math -fno-signaling-nans -fno-math-errno -fomit-frame-pointer -DMTS_DEBUG -DSINGLE_PRECISION -DSPECTRUM_SAMPLES=3 -DMTS_SSE -DMTS_HAS_COHERENT_RT -fopenmp -fvisibility=hidden -mtls-dialect=gnu2 -fPIC -fPIC -DMTS_HAS_LIBPNG=1 -DMTS_HAS_LIBJPEG=1 -DMTS_HAS_OPENEXR=1 -DMTS_HAS_FFTW=1 -DMTS_BUILD_MODULE=MTS_MODULE_BIDIR -I/usr/include/eigen3 -I/usr/include/OpenEXR -Iinclude src/libbidir/mut_caustic.cpp
g++ -o build/release/libbidir/mut_mchain.os -c -O3 -Wall -g -pipe -march=nocona -msse2 -ftree-vectorize -mfpmath=sse -funsafe-math-optimizations -fno-rounding-math -fno-signaling-nans -fno-math-errno -fomit-frame-pointer -DMTS_DEBUG -DSINGLE_PRECISION -DSPECTRUM_SAMPLES=3 -DMTS_SSE -DMTS_HAS_COHERENT_RT -fopenmp -fvisibility=hidden -mtls-dialect=gnu2 -fPIC -fPIC -DMTS_HAS_LIBPNG=1 -DMTS_HAS_LIBJPEG=1 -DMTS_HAS_OPENEXR=1 -DMTS_HAS_FFTW=1 -DMTS_BUILD_MODULE=MTS_MODULE_BIDIR -I/usr/include/eigen3 -I/usr/include/OpenEXR -Iinclude src/libbidir/mut_mchain.cpp
g++ -o build/release/libbidir/manifold.os -c -O3 -Wall -g -pipe -march=nocona -msse2 -ftree-vectorize -mfpmath=sse -funsafe-math-optimizations -fno-rounding-math -fno-signaling-nans -fno-math-errno -fomit-frame-pointer -DMTS_DEBUG -DSINGLE_PRECISION -DSPECTRUM_SAMPLES=3 -DMTS_SSE -DMTS_HAS_COHERENT_RT -fopenmp -fvisibility=hidden -mtls-dialect=gnu2 -fPIC -fPIC -DMTS_HAS_LIBPNG=1 -DMTS_HAS_LIBJPEG=1 -DMTS_HAS_OPENEXR=1 -DMTS_HAS_FFTW=1 -DMTS_BUILD_MODULE=MTS_MODULE_BIDIR -I/usr/include/eigen3 -I/usr/include/OpenEXR -Iinclude src/libbidir/manifold.cpp
g++ -o build/release/libbidir/mut_manifold.os -c -O3 -Wall -g -pipe -march=nocona -msse2 -ftree-vectorize -mfpmath=sse -funsafe-math-optimizations -fno-rounding-math -fno-signaling-nans -fno-math-errno -fomit-frame-pointer -DMTS_DEBUG -DSINGLE_PRECISION -DSPECTRUM_SAMPLES=3 -DMTS_SSE -DMTS_HAS_COHERENT_RT -fopenmp -fvisibility=hidden -mtls-dialect=gnu2 -fPIC -fPIC -DMTS_HAS_LIBPNG=1 -DMTS_HAS_LIBJPEG=1 -DMTS_HAS_OPENEXR=1 -DMTS_HAS_FFTW=1 -DMTS_BUILD_MODULE=MTS_MODULE_BIDIR -I/usr/include/eigen3 -I/usr/include/OpenEXR -Iinclude src/libbidir/mut_manifold.cpp
g++ -o build/release/integrators/direct/direct.os -c -O3 -Wall -g -pipe -march=nocona -msse2 -ftree-vectorize -mfpmath=sse -funsafe-math-optimizations -fno-rounding-math -fno-signaling-nans -fno-math-errno -fomit-frame-pointer -DMTS_DEBUG -DSINGLE_PRECISION -DSPECTRUM_SAMPLES=3 -DMTS_SSE -DMTS_HAS_COHERENT_RT -fopenmp -fvisibility=hidden -mtls-dialect=gnu2 -fPIC -fPIC -DMTS_HAS_LIBPNG=1 -DMTS_HAS_LIBJPEG=1 -DMTS_HAS_OPENEXR=1 -DMTS_HAS_FFTW=1 -I/usr/include/eigen3 -I/usr/include/OpenEXR -Iinclude src/integrators/direct/direct.cpp
g++ -o build/release/integrators/erpt/erpt.os -c -O3 -Wall -g -pipe -march=nocona -msse2 -ftree-vectorize -mfpmath=sse -funsafe-math-optimizations -fno-rounding-math -fno-signaling-nans -fno-math-errno -fomit-frame-pointer -DMTS_DEBUG -DSINGLE_PRECISION -DSPECTRUM_SAMPLES=3 -DMTS_SSE -DMTS_HAS_COHERENT_RT -fopenmp -fvisibility=hidden -mtls-dialect=gnu2 -fPIC -fPIC -DMTS_HAS_LIBPNG=1 -DMTS_HAS_LIBJPEG=1 -DMTS_HAS_OPENEXR=1 -DMTS_HAS_FFTW=1 -I/usr/include/eigen3 -I/usr/include/OpenEXR -Iinclude src/integrators/erpt/erpt.cpp
g++ -o build/release/integrators/erpt/erpt_proc.os -c -O3 -Wall -g -pipe -march=nocona -msse2 -ftree-vectorize -mfpmath=sse -funsafe-math-optimizations -fno-rounding-math -fno-signaling-nans -fno-math-errno -fomit-frame-pointer -DMTS_DEBUG -DSINGLE_PRECISION -DSPECTRUM_SAMPLES=3 -DMTS_SSE -DMTS_HAS_COHERENT_RT -fopenmp -fvisibility=hidden -mtls-dialect=gnu2 -fPIC -fPIC -DMTS_HAS_LIBPNG=1 -DMTS_HAS_LIBJPEG=1 -DMTS_HAS_OPENEXR=1 -DMTS_HAS_FFTW=1 -I/usr/include/eigen3 -I/usr/include/OpenEXR -Iinclude src/integrators/erpt/erpt_proc.cpp
g++ -o build/release/integrators/misc/field.os -c -O3 -Wall -g -pipe -march=nocona -msse2 -ftree-vectorize -mfpmath=sse -funsafe-math-optimizations -fno-rounding-math -fno-signaling-nans -fno-math-errno -fomit-frame-pointer -DMTS_DEBUG -DSINGLE_PRECISION -DSPECTRUM_SAMPLES=3 -DMTS_SSE -DMTS_HAS_COHERENT_RT -fopenmp -fvisibility=hidden -mtls-dialect=gnu2 -fPIC -fPIC -DMTS_HAS_LIBPNG=1 -DMTS_HAS_LIBJPEG=1 -DMTS_HAS_OPENEXR=1 -DMTS_HAS_FFTW=1 -I/usr/include/eigen3 -I/usr/include/OpenEXR -Iinclude src/integrators/misc/field.cpp
g++ -o build/release/integrators/misc/irrcache.os -c -O3 -Wall -g -pipe -march=nocona -msse2 -ftree-vectorize -mfpmath=sse -funsafe-math-optimizations -fno-rounding-math -fno-signaling-nans -fno-math-errno -fomit-frame-pointer -DMTS_DEBUG -DSINGLE_PRECISION -DSPECTRUM_SAMPLES=3 -DMTS_SSE -DMTS_HAS_COHERENT_RT -fopenmp -fvisibility=hidden -mtls-dialect=gnu2 -fPIC -fPIC -DMTS_HAS_LIBPNG=1 -DMTS_HAS_LIBJPEG=1 -DMTS_HAS_OPENEXR=1 -DMTS_HAS_FFTW=1 -I/usr/include/eigen3 -I/usr/include/OpenEXR -Iinclude src/integrators/misc/irrcache.cpp
g++ -o build/release/integrators/misc/irrcache_proc.os -c -O3 -Wall -g -pipe -march=nocona -msse2 -ftree-vectorize -mfpmath=sse -funsafe-math-optimizations -fno-rounding-math -fno-signaling-nans -fno-math-errno -fomit-frame-pointer -DMTS_DEBUG -DSINGLE_PRECISION -DSPECTRUM_SAMPLES=3 -DMTS_SSE -DMTS_HAS_COHERENT_RT -fopenmp -fvisibility=hidden -mtls-dialect=gnu2 -fPIC -fPIC -DMTS_HAS_LIBPNG=1 -DMTS_HAS_LIBJPEG=1 -DMTS_HAS_OPENEXR=1 -DMTS_HAS_FFTW=1 -I/usr/include/eigen3 -I/usr/include/OpenEXR -Iinclude src/integrators/misc/irrcache_proc.cpp
g++ -o build/release/integrators/misc/motion.os -c -O3 -Wall -g -pipe -march=nocona -msse2 -ftree-vectorize -mfpmath=sse -funsafe-math-optimizations -fno-rounding-math -fno-signaling-nans -fno-math-errno -fomit-frame-pointer -DMTS_DEBUG -DSINGLE_PRECISION -DSPECTRUM_SAMPLES=3 -DMTS_SSE -DMTS_HAS_COHERENT_RT -fopenmp -fvisibility=hidden -mtls-dialect=gnu2 -fPIC -fPIC -DMTS_HAS_LIBPNG=1 -DMTS_HAS_LIBJPEG=1 -DMTS_HAS_OPENEXR=1 -DMTS_HAS_FFTW=1 -I/usr/include/eigen3 -I/usr/include/OpenEXR -Iinclude src/integrators/misc/motion.cpp
g++ -o build/release/integrators/misc/multichannel.os -c -O3 -Wall -g -pipe -march=nocona -msse2 -ftree-vectorize -mfpmath=sse -funsafe-math-optimizations -fno-rounding-math -fno-signaling-nans -fno-math-errno -fomit-frame-pointer -DMTS_DEBUG -DSINGLE_PRECISION -DSPECTRUM_SAMPLES=3 -DMTS_SSE -DMTS_HAS_COHERENT_RT -fopenmp -fvisibility=hidden -mtls-dialect=gnu2 -fPIC -fPIC -DMTS_HAS_LIBPNG=1 -DMTS_HAS_LIBJPEG=1 -DMTS_HAS_OPENEXR=1 -DMTS_HAS_FFTW=1 -I/usr/include/eigen3 -I/usr/include/OpenEXR -Iinclude src/integrators/misc/multichannel.cpp
g++ -o build/release/integrators/mlt/mlt.os -c -O3 -Wall -g -pipe -march=nocona -msse2 -ftree-vectorize -mfpmath=sse -funsafe-math-optimizations -fno-rounding-math -fno-signaling-nans -fno-math-errno -fomit-frame-pointer -DMTS_DEBUG -DSINGLE_PRECISION -DSPECTRUM_SAMPLES=3 -DMTS_SSE -DMTS_HAS_COHERENT_RT -fopenmp -fvisibility=hidden -mtls-dialect=gnu2 -fPIC -fPIC -DMTS_HAS_LIBPNG=1 -DMTS_HAS_LIBJPEG=1 -DMTS_HAS_OPENEXR=1 -DMTS_HAS_FFTW=1 -I/usr/include/eigen3 -I/usr/include/OpenEXR -Iinclude src/integrators/mlt/mlt.cpp
g++ -o build/release/integrators/mlt/mlt_proc.os -c -O3 -Wall -g -pipe -march=nocona -msse2 -ftree-vectorize -mfpmath=sse -funsafe-math-optimizations -fno-rounding-math -fno-signaling-nans -fno-math-errno -fomit-frame-pointer -DMTS_DEBUG -DSINGLE_PRECISION -DSPECTRUM_SAMPLES=3 -DMTS_SSE -DMTS_HAS_COHERENT_RT -fopenmp -fvisibility=hidden -mtls-dialect=gnu2 -fPIC -fPIC -DMTS_HAS_LIBPNG=1 -DMTS_HAS_LIBJPEG=1 -DMTS_HAS_OPENEXR=1 -DMTS_HAS_FFTW=1 -I/usr/include/eigen3 -I/usr/include/OpenEXR -Iinclude src/integrators/mlt/mlt_proc.cpp
g++ -o build/release/integrators/path/path.os -c -O3 -Wall -g -pipe -march=nocona -msse2 -ftree-vectorize -mfpmath=sse -funsafe-math-optimizations -fno-rounding-math -fno-signaling-nans -fno-math-errno -fomit-frame-pointer -DMTS_DEBUG -DSINGLE_PRECISION -DSPECTRUM_SAMPLES=3 -DMTS_SSE -DMTS_HAS_COHERENT_RT -fopenmp -fvisibility=hidden -mtls-dialect=gnu2 -fPIC -fPIC -DMTS_HAS_LIBPNG=1 -DMTS_HAS_LIBJPEG=1 -DMTS_HAS_OPENEXR=1 -DMTS_HAS_FFTW=1 -I/usr/include/eigen3 -I/usr/include/OpenEXR -Iinclude src/integrators/path/path.cpp
g++ -o build/release/integrators/path/volpath.os -c -O3 -Wall -g -pipe -march=nocona -msse2 -ftree-vectorize -mfpmath=sse -funsafe-math-optimizations -fno-rounding-math -fno-signaling-nans -fno-math-errno -fomit-frame-pointer -DMTS_DEBUG -DSINGLE_PRECISION -DSPECTRUM_SAMPLES=3 -DMTS_SSE -DMTS_HAS_COHERENT_RT -fopenmp -fvisibility=hidden -mtls-dialect=gnu2 -fPIC -fPIC -DMTS_HAS_LIBPNG=1 -DMTS_HAS_LIBJPEG=1 -DMTS_HAS_OPENEXR=1 -DMTS_HAS_FFTW=1 -I/usr/include/eigen3 -I/usr/include/OpenEXR -Iinclude src/integrators/path/volpath.cpp
g++ -o build/release/integrators/path/volpath_simple.os -c -O3 -Wall -g -pipe -march=nocona -msse2 -ftree-vectorize -mfpmath=sse -funsafe-math-optimizations -fno-rounding-math -fno-signaling-nans -fno-math-errno -fomit-frame-pointer -DMTS_DEBUG -DSINGLE_PRECISION -DSPECTRUM_SAMPLES=3 -DMTS_SSE -DMTS_HAS_COHERENT_RT -fopenmp -fvisibility=hidden -mtls-dialect=gnu2 -fPIC -fPIC -DMTS_HAS_LIBPNG=1 -DMTS_HAS_LIBJPEG=1 -DMTS_HAS_OPENEXR=1 -DMTS_HAS_FFTW=1 -I/usr/include/eigen3 -I/usr/include/OpenEXR -Iinclude src/integrators/path/volpath_simple.cpp
g++ -o build/release/integrators/photonmapper/bre.os -c -O3 -Wall -g -pipe -march=nocona -msse2 -ftree-vectorize -mfpmath=sse -funsafe-math-optimizations -fno-rounding-math -fno-signaling-nans -fno-math-errno -fomit-frame-pointer -DMTS_DEBUG -DSINGLE_PRECISION -DSPECTRUM_SAMPLES=3 -DMTS_SSE -DMTS_HAS_COHERENT_RT -fopenmp -fvisibility=hidden -mtls-dialect=gnu2 -fPIC -fPIC -DMTS_HAS_LIBPNG=1 -DMTS_HAS_LIBJPEG=1 -DMTS_HAS_OPENEXR=1 -DMTS_HAS_FFTW=1 -I/usr/include/eigen3 -I/usr/include/OpenEXR -Iinclude src/integrators/photonmapper/bre.cpp
g++ -o build/release/integrators/photonmapper/photonmapper.os -c -O3 -Wall -g -pipe -march=nocona -msse2 -ftree-vectorize -mfpmath=sse -funsafe-math-optimizations -fno-rounding-math -fno-signaling-nans -fno-math-errno -fomit-frame-pointer -DMTS_DEBUG -DSINGLE_PRECISION -DSPECTRUM_SAMPLES=3 -DMTS_SSE -DMTS_HAS_COHERENT_RT -fopenmp -fvisibility=hidden -mtls-dialect=gnu2 -fPIC -fPIC -DMTS_HAS_LIBPNG=1 -DMTS_HAS_LIBJPEG=1 -DMTS_HAS_OPENEXR=1 -DMTS_HAS_FFTW=1 -I/usr/include/eigen3 -I/usr/include/OpenEXR -Iinclude src/integrators/photonmapper/photonmapper.cpp
g++ -o build/release/integrators/photonmapper/ppm.os -c -O3 -Wall -g -pipe -march=nocona -msse2 -ftree-vectorize -mfpmath=sse -funsafe-math-optimizations -fno-rounding-math -fno-signaling-nans -fno-math-errno -fomit-frame-pointer -DMTS_DEBUG -DSINGLE_PRECISION -DSPECTRUM_SAMPLES=3 -DMTS_SSE -DMTS_HAS_COHERENT_RT -fopenmp -fvisibility=hidden -mtls-dialect=gnu2 -fPIC -fPIC -DMTS_HAS_LIBPNG=1 -DMTS_HAS_LIBJPEG=1 -DMTS_HAS_OPENEXR=1 -DMTS_HAS_FFTW=1 -I/usr/include/eigen3 -I/usr/include/OpenEXR -Iinclude src/integrators/photonmapper/ppm.cpp
g++ -o build/release/integrators/photonmapper/sppm.os -c -O3 -Wall -g -pipe -march=nocona -msse2 -ftree-vectorize -mfpmath=sse -funsafe-math-optimizations -fno-rounding-math -fno-signaling-nans -fno-math-errno -fomit-frame-pointer -DMTS_DEBUG -DSINGLE_PRECISION -DSPECTRUM_SAMPLES=3 -DMTS_SSE -DMTS_HAS_COHERENT_RT -fopenmp -fvisibility=hidden -mtls-dialect=gnu2 -fPIC -fPIC -DMTS_HAS_LIBPNG=1 -DMTS_HAS_LIBJPEG=1 -DMTS_HAS_OPENEXR=1 -DMTS_HAS_FFTW=1 -I/usr/include/eigen3 -I/usr/include/OpenEXR -Iinclude src/integrators/photonmapper/sppm.cpp
g++ -o build/release/integrators/pssmlt/pssmlt.os -c -O3 -Wall -g -pipe -march=nocona -msse2 -ftree-vectorize -mfpmath=sse -funsafe-math-optimizations -fno-rounding-math -fno-signaling-nans -fno-math-errno -fomit-frame-pointer -DMTS_DEBUG -DSINGLE_PRECISION -DSPECTRUM_SAMPLES=3 -DMTS_SSE -DMTS_HAS_COHERENT_RT -fopenmp -fvisibility=hidden -mtls-dialect=gnu2 -fPIC -fPIC -DMTS_HAS_LIBPNG=1 -DMTS_HAS_LIBJPEG=1 -DMTS_HAS_OPENEXR=1 -DMTS_HAS_FFTW=1 -I/usr/include/eigen3 -I/usr/include/OpenEXR -Iinclude src/integrators/pssmlt/pssmlt.cpp
g++ -o build/release/integrators/pssmlt/pssmlt_proc.os -c -O3 -Wall -g -pipe -march=nocona -msse2 -ftree-vectorize -mfpmath=sse -funsafe-math-optimizations -fno-rounding-math -fno-signaling-nans -fno-math-errno -fomit-frame-pointer -DMTS_DEBUG -DSINGLE_PRECISION -DSPECTRUM_SAMPLES=3 -DMTS_SSE -DMTS_HAS_COHERENT_RT -fopenmp -fvisibility=hidden -mtls-dialect=gnu2 -fPIC -fPIC -DMTS_HAS_LIBPNG=1 -DMTS_HAS_LIBJPEG=1 -DMTS_HAS_OPENEXR=1 -DMTS_HAS_FFTW=1 -I/usr/include/eigen3 -I/usr/include/OpenEXR -Iinclude src/integrators/pssmlt/pssmlt_proc.cpp
g++ -o build/release/integrators/pssmlt/pssmlt_sampler.os -c -O3 -Wall -g -pipe -march=nocona -msse2 -ftree-vectorize -mfpmath=sse -funsafe-math-optimizations -fno-rounding-math -fno-signaling-nans -fno-math-errno -fomit-frame-pointer -DMTS_DEBUG -DSINGLE_PRECISION -DSPECTRUM_SAMPLES=3 -DMTS_SSE -DMTS_HAS_COHERENT_RT -fopenmp -fvisibility=hidden -mtls-dialect=gnu2 -fPIC -fPIC -DMTS_HAS_LIBPNG=1 -DMTS_HAS_LIBJPEG=1 -DMTS_HAS_OPENEXR=1 -DMTS_HAS_FFTW=1 -I/usr/include/eigen3 -I/usr/include/OpenEXR -Iinclude src/integrators/pssmlt/pssmlt_sampler.cpp
g++ -o build/release/integrators/ptracer/ptracer.os -c -O3 -Wall -g -pipe -march=nocona -msse2 -ftree-vectorize -mfpmath=sse -funsafe-math-optimizations -fno-rounding-math -fno-signaling-nans -fno-math-errno -fomit-frame-pointer -DMTS_DEBUG -DSINGLE_PRECISION -DSPECTRUM_SAMPLES=3 -DMTS_SSE -DMTS_HAS_COHERENT_RT -fopenmp -fvisibility=hidden -mtls-dialect=gnu2 -fPIC -fPIC -DMTS_HAS_LIBPNG=1 -DMTS_HAS_LIBJPEG=1 -DMTS_HAS_OPENEXR=1 -DMTS_HAS_FFTW=1 -I/usr/include/eigen3 -I/usr/include/OpenEXR -Iinclude src/integrators/ptracer/ptracer.cpp
g++ -o build/release/integrators/ptracer/ptracer_proc.os -c -O3 -Wall -g -pipe -march=nocona -msse2 -ftree-vectorize -mfpmath=sse -funsafe-math-optimizations -fno-rounding-math -fno-signaling-nans -fno-math-errno -fomit-frame-pointer -DMTS_DEBUG -DSINGLE_PRECISION -DSPECTRUM_SAMPLES=3 -DMTS_SSE -DMTS_HAS_COHERENT_RT -fopenmp -fvisibility=hidden -mtls-dialect=gnu2 -fPIC -fPIC -DMTS_HAS_LIBPNG=1 -DMTS_HAS_LIBJPEG=1 -DMTS_HAS_OPENEXR=1 -DMTS_HAS_FFTW=1 -I/usr/include/eigen3 -I/usr/include/OpenEXR -Iinclude src/integrators/ptracer/ptracer_proc.cpp
g++ -o build/release/integrators/vpl/vpl.os -c -O3 -Wall -g -pipe -march=nocona -msse2 -ftree-vectorize -mfpmath=sse -funsafe-math-optimizations -fno-rounding-math -fno-signaling-nans -fno-math-errno -fomit-frame-pointer -DMTS_DEBUG -DSINGLE_PRECISION -DSPECTRUM_SAMPLES=3 -DMTS_SSE -DMTS_HAS_COHERENT_RT -fopenmp -fvisibility=hidden -mtls-dialect=gnu2 -fPIC -fPIC -DMTS_HAS_LIBPNG=1 -DMTS_HAS_LIBJPEG=1 -DMTS_HAS_OPENEXR=1 -DMTS_HAS_FFTW=1 -I/usr/include/eigen3 -I/usr/include/OpenEXR -Iinclude src/integrators/vpl/vpl.cpp
g++ -o build/release/libpython/core_2.7.os -c -Wall -pipe -march=nocona -msse2 -mfpmath=sse -funsafe-math-optimizations -fno-rounding-math -fno-signaling-nans -fno-math-errno -fomit-frame-pointer -DMTS_DEBUG -DSINGLE_PRECISION -DSPECTRUM_SAMPLES=3 -DMTS_SSE -DMTS_HAS_COHERENT_RT -fopenmp -fvisibility=hidden -mtls-dialect=gnu2 -fPIC -Os -fno-strict-aliasing -fPIC -DMTS_HAS_LIBPNG=1 -DMTS_HAS_LIBJPEG=1 -DMTS_HAS_OPENEXR=1 -DMTS_HAS_FFTW=1 -DMTS_BUILD_MODULE=MTS_MODULE_PYTHON -I/usr/include/python2.7 -I/usr/include/x86_64-linux-gnu/python2.7 -I/usr/include/eigen3 -I/usr/include/OpenEXR -Iinclude src/libpython/core.cpp
g++ -o build/release/libpython/core_3.6.os -c -Wall -pipe -march=nocona -msse2 -mfpmath=sse -funsafe-math-optimizations -fno-rounding-math -fno-signaling-nans -fno-math-errno -fomit-frame-pointer -DMTS_DEBUG -DSINGLE_PRECISION -DSPECTRUM_SAMPLES=3 -DMTS_SSE -DMTS_HAS_COHERENT_RT -fopenmp -fvisibility=hidden -mtls-dialect=gnu2 -fPIC -Os -fno-strict-aliasing -fPIC -DMTS_HAS_LIBPNG=1 -DMTS_HAS_LIBJPEG=1 -DMTS_HAS_OPENEXR=1 -DMTS_HAS_FFTW=1 -DMTS_BUILD_MODULE=MTS_MODULE_PYTHON -I/usr/include/python3.6m -I/usr/include/x86_64-linux-gnu/python3.6m -I/usr/include/eigen3 -I/usr/include/OpenEXR -Iinclude src/libpython/core.cpp
g++ -o build/release/libpython/render_2.7.os -c -Wall -pipe -march=nocona -msse2 -mfpmath=sse -funsafe-math-optimizations -fno-rounding-math -fno-signaling-nans -fno-math-errno -fomit-frame-pointer -DMTS_DEBUG -DSINGLE_PRECISION -DSPECTRUM_SAMPLES=3 -DMTS_SSE -DMTS_HAS_COHERENT_RT -fopenmp -fvisibility=hidden -mtls-dialect=gnu2 -fPIC -Os -fno-strict-aliasing -fPIC -DMTS_HAS_LIBPNG=1 -DMTS_HAS_LIBJPEG=1 -DMTS_HAS_OPENEXR=1 -DMTS_HAS_FFTW=1 -DMTS_BUILD_MODULE=MTS_MODULE_PYTHON -I/usr/include/python2.7 -I/usr/include/x86_64-linux-gnu/python2.7 -I/usr/include/eigen3 -I/usr/include/OpenEXR -Iinclude src/libpython/render.cpp
g++ -o build/release/libpython/render_3.6.os -c -Wall -pipe -march=nocona -msse2 -mfpmath=sse -funsafe-math-optimizations -fno-rounding-math -fno-signaling-nans -fno-math-errno -fomit-frame-pointer -DMTS_DEBUG -DSINGLE_PRECISION -DSPECTRUM_SAMPLES=3 -DMTS_SSE -DMTS_HAS_COHERENT_RT -fopenmp -fvisibility=hidden -mtls-dialect=gnu2 -fPIC -Os -fno-strict-aliasing -fPIC -DMTS_HAS_LIBPNG=1 -DMTS_HAS_LIBJPEG=1 -DMTS_HAS_OPENEXR=1 -DMTS_HAS_FFTW=1 -DMTS_BUILD_MODULE=MTS_MODULE_PYTHON -I/usr/include/python3.6m -I/usr/include/x86_64-linux-gnu/python3.6m -I/usr/include/eigen3 -I/usr/include/OpenEXR -Iinclude src/libpython/render.cpp
g++ -o build/release/medium/heterogeneous.os -c -O3 -Wall -g -pipe -march=nocona -msse2 -ftree-vectorize -mfpmath=sse -funsafe-math-optimizations -fno-rounding-math -fno-signaling-nans -fno-math-errno -fomit-frame-pointer -DMTS_DEBUG -DSINGLE_PRECISION -DSPECTRUM_SAMPLES=3 -DMTS_SSE -DMTS_HAS_COHERENT_RT -fopenmp -fvisibility=hidden -mtls-dialect=gnu2 -fPIC -fPIC -DMTS_HAS_LIBPNG=1 -DMTS_HAS_LIBJPEG=1 -DMTS_HAS_OPENEXR=1 -DMTS_HAS_FFTW=1 -I/usr/include/eigen3 -I/usr/include/OpenEXR -Iinclude src/medium/heterogeneous.cpp
g++ -o build/release/medium/homogeneous.os -c -O3 -Wall -g -pipe -march=nocona -msse2 -ftree-vectorize -mfpmath=sse -funsafe-math-optimizations -fno-rounding-math -fno-signaling-nans -fno-math-errno -fomit-frame-pointer -DMTS_DEBUG -DSINGLE_PRECISION -DSPECTRUM_SAMPLES=3 -DMTS_SSE -DMTS_HAS_COHERENT_RT -fopenmp -fvisibility=hidden -mtls-dialect=gnu2 -fPIC -fPIC -DMTS_HAS_LIBPNG=1 -DMTS_HAS_LIBJPEG=1 -DMTS_HAS_OPENEXR=1 -DMTS_HAS_FFTW=1 -I/usr/include/eigen3 -I/usr/include/OpenEXR -Iinclude src/medium/homogeneous.cpp
g++ -o build/release/mitsuba/mitsuba.o -c -DGLEW_MX -O3 -Wall -g -pipe -march=nocona -msse2 -ftree-vectorize -mfpmath=sse -funsafe-math-optimizations -fno-rounding-math -fno-signaling-nans -fno-math-errno -fomit-frame-pointer -DMTS_DEBUG -DSINGLE_PRECISION -DSPECTRUM_SAMPLES=3 -DMTS_SSE -DMTS_HAS_COHERENT_RT -fopenmp -fvisibility=hidden -mtls-dialect=gnu2 -fPIC -DMTS_HAS_LIBPNG=1 -DMTS_HAS_LIBJPEG=1 -DMTS_HAS_OPENEXR=1 -DMTS_HAS_FFTW=1 -I/usr/include/eigen3 -I/usr/include/OpenEXR -Iinclude src/mitsuba/mitsuba.cpp
g++ -o build/release/mitsuba/mtssrv.o -c -DGLEW_MX -O3 -Wall -g -pipe -march=nocona -msse2 -ftree-vectorize -mfpmath=sse -funsafe-math-optimizations -fno-rounding-math -fno-signaling-nans -fno-math-errno -fomit-frame-pointer -DMTS_DEBUG -DSINGLE_PRECISION -DSPECTRUM_SAMPLES=3 -DMTS_SSE -DMTS_HAS_COHERENT_RT -fopenmp -fvisibility=hidden -mtls-dialect=gnu2 -fPIC -DMTS_HAS_LIBPNG=1 -DMTS_HAS_LIBJPEG=1 -DMTS_HAS_OPENEXR=1 -DMTS_HAS_FFTW=1 -I/usr/include/eigen3 -I/usr/include/OpenEXR -Iinclude src/mitsuba/mtssrv.cpp
g++ -o build/release/mitsuba/mtsutil.o -c -DGLEW_MX -O3 -Wall -g -pipe -march=nocona -msse2 -ftree-vectorize -mfpmath=sse -funsafe-math-optimizations -fno-rounding-math -fno-signaling-nans -fno-math-errno -fomit-frame-pointer -DMTS_DEBUG -DSINGLE_PRECISION -DSPECTRUM_SAMPLES=3 -DMTS_SSE -DMTS_HAS_COHERENT_RT -fopenmp -fvisibility=hidden -mtls-dialect=gnu2 -fPIC -DMTS_HAS_LIBPNG=1 -DMTS_HAS_LIBJPEG=1 -DMTS_HAS_OPENEXR=1 -DMTS_HAS_FFTW=1 -I/usr/include/eigen3 -I/usr/include/OpenEXR -Iinclude src/mitsuba/mtsutil.cpp
"/usr/bin/uic" -o build/release/mtsgui/ui_aboutdlg.h build/release/mtsgui/aboutdlg.ui
g++ -o build/release/mtsgui/aboutdlg.o -c -DGLEW_MX -O3 -Wall -g -pipe -march=nocona -msse2 -ftree-vectorize -mfpmath=sse -funsafe-math-optimizations -fno-rounding-math -fno-signaling-nans -fno-math-errno -fomit-frame-pointer -DMTS_DEBUG -DSINGLE_PRECISION -DSPECTRUM_SAMPLES=3 -DMTS_SSE -DMTS_HAS_COHERENT_RT -fopenmp -fvisibility=hidden -mtls-dialect=gnu2 -fPIC -DMTS_HAS_LIBPNG=1 -DMTS_HAS_LIBJPEG=1 -DMTS_HAS_OPENEXR=1 -DMTS_HAS_FFTW=1 -I/usr/include/eigen3 -I/usr/include/OpenEXR -Iinclude -Isrc/mtsgui -I/usr/include/x86_64-linux-gnu/qt5/QtOpenGL -I/usr/include/x86_64-linux-gnu/qt5 -I/usr/include/x86_64-linux-gnu/qt5/QtWidgets -I/usr/include/x86_64-linux-gnu/qt5/QtGui -I/usr/include/x86_64-linux-gnu/qt5/QtXml -I/usr/include/x86_64-linux-gnu/qt5/QtXmlPatterns -I/usr/include/x86_64-linux-gnu/qt5/QtNetwork -I/usr/include/x86_64-linux-gnu/qt5/QtCore build/release/mtsgui/aboutdlg.cpp
"/usr/bin/uic" -o build/release/mtsgui/ui_acknowledgmentdlg.h build/release/mtsgui/acknowledgmentdlg.ui
g++ -o build/release/mtsgui/acknowledgmentdlg.o -c -DGLEW_MX -O3 -Wall -g -pipe -march=nocona -msse2 -ftree-vectorize -mfpmath=sse -funsafe-math-optimizations -fno-rounding-math -fno-signaling-nans -fno-math-errno -fomit-frame-pointer -DMTS_DEBUG -DSINGLE_PRECISION -DSPECTRUM_SAMPLES=3 -DMTS_SSE -DMTS_HAS_COHERENT_RT -fopenmp -fvisibility=hidden -mtls-dialect=gnu2 -fPIC -DMTS_HAS_LIBPNG=1 -DMTS_HAS_LIBJPEG=1 -DMTS_HAS_OPENEXR=1 -DMTS_HAS_FFTW=1 -I/usr/include/eigen3 -I/usr/include/OpenEXR -Iinclude -Isrc/mtsgui -I/usr/include/x86_64-linux-gnu/qt5/QtOpenGL -I/usr/include/x86_64-linux-gnu/qt5 -I/usr/include/x86_64-linux-gnu/qt5/QtWidgets -I/usr/include/x86_64-linux-gnu/qt5/QtGui -I/usr/include/x86_64-linux-gnu/qt5/QtXml -I/usr/include/x86_64-linux-gnu/qt5/QtXmlPatterns -I/usr/include/x86_64-linux-gnu/qt5/QtNetwork -I/usr/include/x86_64-linux-gnu/qt5/QtCore build/release/mtsgui/acknowledgmentdlg.cpp
"/usr/bin/uic" -o build/release/mtsgui/ui_addserverdlg.h build/release/mtsgui/addserverdlg.ui
g++ -o build/release/mtsgui/addserverdlg.o -c -DGLEW_MX -O3 -Wall -g -pipe -march=nocona -msse2 -ftree-vectorize -mfpmath=sse -funsafe-math-optimizations -fno-rounding-math -fno-signaling-nans -fno-math-errno -fomit-frame-pointer -DMTS_DEBUG -DSINGLE_PRECISION -DSPECTRUM_SAMPLES=3 -DMTS_SSE -DMTS_HAS_COHERENT_RT -fopenmp -fvisibility=hidden -mtls-dialect=gnu2 -fPIC -DMTS_HAS_LIBPNG=1 -DMTS_HAS_LIBJPEG=1 -DMTS_HAS_OPENEXR=1 -DMTS_HAS_FFTW=1 -I/usr/include/eigen3 -I/usr/include/OpenEXR -Iinclude -Isrc/mtsgui -I/usr/include/x86_64-linux-gnu/qt5/QtOpenGL -I/usr/include/x86_64-linux-gnu/qt5 -I/usr/include/x86_64-linux-gnu/qt5/QtWidgets -I/usr/include/x86_64-linux-gnu/qt5/QtGui -I/usr/include/x86_64-linux-gnu/qt5/QtXml -I/usr/include/x86_64-linux-gnu/qt5/QtXmlPatterns -I/usr/include/x86_64-linux-gnu/qt5/QtNetwork -I/usr/include/x86_64-linux-gnu/qt5/QtCore build/release/mtsgui/addserverdlg.cpp
g++ -o build/release/mtsgui/glwidget.o -c -DGLEW_MX -O3 -Wall -g -pipe -march=nocona -msse2 -ftree-vectorize -mfpmath=sse -funsafe-math-optimizations -fno-rounding-math -fno-signaling-nans -fno-math-errno -fomit-frame-pointer -DMTS_DEBUG -DSINGLE_PRECISION -DSPECTRUM_SAMPLES=3 -DMTS_SSE -DMTS_HAS_COHERENT_RT -fopenmp -fvisibility=hidden -mtls-dialect=gnu2 -fPIC -DMTS_HAS_LIBPNG=1 -DMTS_HAS_LIBJPEG=1 -DMTS_HAS_OPENEXR=1 -DMTS_HAS_FFTW=1 -I/usr/include/eigen3 -I/usr/include/OpenEXR -Iinclude -Isrc/mtsgui -I/usr/include/x86_64-linux-gnu/qt5/QtOpenGL -I/usr/include/x86_64-linux-gnu/qt5 -I/usr/include/x86_64-linux-gnu/qt5/QtWidgets -I/usr/include/x86_64-linux-gnu/qt5/QtGui -I/usr/include/x86_64-linux-gnu/qt5/QtXml -I/usr/include/x86_64-linux-gnu/qt5/QtXmlPatterns -I/usr/include/x86_64-linux-gnu/qt5/QtNetwork -I/usr/include/x86_64-linux-gnu/qt5/QtCore build/release/mtsgui/glwidget.cpp
"/usr/bin/uic" -o build/release/mtsgui/ui_importdlg.h build/release/mtsgui/importdlg.ui
g++ -o build/release/mtsgui/importdlg.o -c -DGLEW_MX -O3 -Wall -g -pipe -march=nocona -msse2 -ftree-vectorize -mfpmath=sse -funsafe-math-optimizations -fno-rounding-math -fno-signaling-nans -fno-math-errno -fomit-frame-pointer -DMTS_DEBUG -DSINGLE_PRECISION -DSPECTRUM_SAMPLES=3 -DMTS_SSE -DMTS_HAS_COHERENT_RT -fopenmp -fvisibility=hidden -mtls-dialect=gnu2 -fPIC -DMTS_HAS_LIBPNG=1 -DMTS_HAS_LIBJPEG=1 -DMTS_HAS_OPENEXR=1 -DMTS_HAS_FFTW=1 -I/usr/include/eigen3 -I/usr/include/OpenEXR -Iinclude -Isrc/mtsgui -I/usr/include/x86_64-linux-gnu/qt5/QtOpenGL -I/usr/include/x86_64-linux-gnu/qt5 -I/usr/include/x86_64-linux-gnu/qt5/QtWidgets -I/usr/include/x86_64-linux-gnu/qt5/QtGui -I/usr/include/x86_64-linux-gnu/qt5/QtXml -I/usr/include/x86_64-linux-gnu/qt5/QtXmlPatterns -I/usr/include/x86_64-linux-gnu/qt5/QtNetwork -I/usr/include/x86_64-linux-gnu/qt5/QtCore build/release/mtsgui/importdlg.cpp
"/usr/bin/uic" -o build/release/mtsgui/ui_loaddlg.h build/release/mtsgui/loaddlg.ui
g++ -o build/release/mtsgui/loaddlg.o -c -DGLEW_MX -O3 -Wall -g -pipe -march=nocona -msse2 -ftree-vectorize -mfpmath=sse -funsafe-math-optimizations -fno-rounding-math -fno-signaling-nans -fno-math-errno -fomit-frame-pointer -DMTS_DEBUG -DSINGLE_PRECISION -DSPECTRUM_SAMPLES=3 -DMTS_SSE -DMTS_HAS_COHERENT_RT -fopenmp -fvisibility=hidden -mtls-dialect=gnu2 -fPIC -DMTS_HAS_LIBPNG=1 -DMTS_HAS_LIBJPEG=1 -DMTS_HAS_OPENEXR=1 -DMTS_HAS_FFTW=1 -I/usr/include/eigen3 -I/usr/include/OpenEXR -Iinclude -Isrc/mtsgui -I/usr/include/x86_64-linux-gnu/qt5/QtOpenGL -I/usr/include/x86_64-linux-gnu/qt5 -I/usr/include/x86_64-linux-gnu/qt5/QtWidgets -I/usr/include/x86_64-linux-gnu/qt5/QtGui -I/usr/include/x86_64-linux-gnu/qt5/QtXml -I/usr/include/x86_64-linux-gnu/qt5/QtXmlPatterns -I/usr/include/x86_64-linux-gnu/qt5/QtNetwork -I/usr/include/x86_64-linux-gnu/qt5/QtCore build/release/mtsgui/loaddlg.cpp
"/usr/bin/uic" -o build/release/mtsgui/ui_locateresourcedlg.h build/release/mtsgui/locateresourcedlg.ui
g++ -o build/release/mtsgui/locateresourcedlg.o -c -DGLEW_MX -O3 -Wall -g -pipe -march=nocona -msse2 -ftree-vectorize -mfpmath=sse -funsafe-math-optimizations -fno-rounding-math -fno-signaling-nans -fno-math-errno -fomit-frame-pointer -DMTS_DEBUG -DSINGLE_PRECISION -DSPECTRUM_SAMPLES=3 -DMTS_SSE -DMTS_HAS_COHERENT_RT -fopenmp -fvisibility=hidden -mtls-dialect=gnu2 -fPIC -DMTS_HAS_LIBPNG=1 -DMTS_HAS_LIBJPEG=1 -DMTS_HAS_OPENEXR=1 -DMTS_HAS_FFTW=1 -I/usr/include/eigen3 -I/usr/include/OpenEXR -Iinclude -Isrc/mtsgui -I/usr/include/x86_64-linux-gnu/qt5/QtOpenGL -I/usr/include/x86_64-linux-gnu/qt5 -I/usr/include/x86_64-linux-gnu/qt5/QtWidgets -I/usr/include/x86_64-linux-gnu/qt5/QtGui -I/usr/include/x86_64-linux-gnu/qt5/QtXml -I/usr/include/x86_64-linux-gnu/qt5/QtXmlPatterns -I/usr/include/x86_64-linux-gnu/qt5/QtNetwork -I/usr/include/x86_64-linux-gnu/qt5/QtCore build/release/mtsgui/locateresourcedlg.cpp
g++ -o build/release/mtsgui/logwidget.o -c -DGLEW_MX -O3 -Wall -g -pipe -march=nocona -msse2 -ftree-vectorize -mfpmath=sse -funsafe-math-optimizations -fno-rounding-math -fno-signaling-nans -fno-math-errno -fomit-frame-pointer -DMTS_DEBUG -DSINGLE_PRECISION -DSPECTRUM_SAMPLES=3 -DMTS_SSE -DMTS_HAS_COHERENT_RT -fopenmp -fvisibility=hidden -mtls-dialect=gnu2 -fPIC -DMTS_HAS_LIBPNG=1 -DMTS_HAS_LIBJPEG=1 -DMTS_HAS_OPENEXR=1 -DMTS_HAS_FFTW=1 -I/usr/include/eigen3 -I/usr/include/OpenEXR -Iinclude -Isrc/mtsgui -I/usr/include/x86_64-linux-gnu/qt5/QtOpenGL -I/usr/include/x86_64-linux-gnu/qt5 -I/usr/include/x86_64-linux-gnu/qt5/QtWidgets -I/usr/include/x86_64-linux-gnu/qt5/QtGui -I/usr/include/x86_64-linux-gnu/qt5/QtXml -I/usr/include/x86_64-linux-gnu/qt5/QtXmlPatterns -I/usr/include/x86_64-linux-gnu/qt5/QtNetwork -I/usr/include/x86_64-linux-gnu/qt5/QtCore build/release/mtsgui/logwidget.cpp
g++ -o build/release/mtsgui/main.o -c -DGLEW_MX -O3 -Wall -g -pipe -march=nocona -msse2 -ftree-vectorize -mfpmath=sse -funsafe-math-optimizations -fno-rounding-math -fno-signaling-nans -fno-math-errno -fomit-frame-pointer -DMTS_DEBUG -DSINGLE_PRECISION -DSPECTRUM_SAMPLES=3 -DMTS_SSE -DMTS_HAS_COHERENT_RT -fopenmp -fvisibility=hidden -mtls-dialect=gnu2 -fPIC -DMTS_HAS_LIBPNG=1 -DMTS_HAS_LIBJPEG=1 -DMTS_HAS_OPENEXR=1 -DMTS_HAS_FFTW=1 -I/usr/include/eigen3 -I/usr/include/OpenEXR -Iinclude -Isrc/mtsgui -I/usr/include/x86_64-linux-gnu/qt5/QtOpenGL -I/usr/include/x86_64-linux-gnu/qt5 -I/usr/include/x86_64-linux-gnu/qt5/QtWidgets -I/usr/include/x86_64-linux-gnu/qt5/QtGui -I/usr/include/x86_64-linux-gnu/qt5/QtXml -I/usr/include/x86_64-linux-gnu/qt5/QtXmlPatterns -I/usr/include/x86_64-linux-gnu/qt5/QtNetwork -I/usr/include/x86_64-linux-gnu/qt5/QtCore build/release/mtsgui/main.cpp
"/usr/bin/uic" -o build/release/mtsgui/ui_mainwindow.h build/release/mtsgui/mainwindow.ui
"/usr/bin/uic" -o build/release/mtsgui/ui_programsettingsdlg.h build/release/mtsgui/programsettingsdlg.ui
g++ -o build/release/mtsgui/mainwindow.o -c -DGLEW_MX -O3 -Wall -g -pipe -march=nocona -msse2 -ftree-vectorize -mfpmath=sse -funsafe-math-optimizations -fno-rounding-math -fno-signaling-nans -fno-math-errno -fomit-frame-pointer -DMTS_DEBUG -DSINGLE_PRECISION -DSPECTRUM_SAMPLES=3 -DMTS_SSE -DMTS_HAS_COHERENT_RT -fopenmp -fvisibility=hidden -mtls-dialect=gnu2 -fPIC -DMTS_HAS_LIBPNG=1 -DMTS_HAS_LIBJPEG=1 -DMTS_HAS_OPENEXR=1 -DMTS_HAS_FFTW=1 -I/usr/include/eigen3 -I/usr/include/OpenEXR -Iinclude -Isrc/mtsgui -I/usr/include/x86_64-linux-gnu/qt5/QtOpenGL -I/usr/include/x86_64-linux-gnu/qt5 -I/usr/include/x86_64-linux-gnu/qt5/QtWidgets -I/usr/include/x86_64-linux-gnu/qt5/QtGui -I/usr/include/x86_64-linux-gnu/qt5/QtXml -I/usr/include/x86_64-linux-gnu/qt5/QtXmlPatterns -I/usr/include/x86_64-linux-gnu/qt5/QtNetwork -I/usr/include/x86_64-linux-gnu/qt5/QtCore build/release/mtsgui/mainwindow.cpp
"/usr/bin/moc" -I/usr/include/eigen3 -I/usr/include/OpenEXR -Iinclude -Isrc/mtsgui -I/usr/include/x86_64-linux-gnu/qt5/QtOpenGL -I/usr/include/x86_64-linux-gnu/qt5 -I/usr/include/x86_64-linux-gnu/qt5/QtWidgets -I/usr/include/x86_64-linux-gnu/qt5/QtGui -I/usr/include/x86_64-linux-gnu/qt5/QtXml -I/usr/include/x86_64-linux-gnu/qt5/QtXmlPatterns -I/usr/include/x86_64-linux-gnu/qt5/QtNetwork -I/usr/include/x86_64-linux-gnu/qt5/QtCore -o build/release/mtsgui/moc_aboutdlg.cc build/release/mtsgui/aboutdlg.h
g++ -o build/release/mtsgui/moc_aboutdlg.o -c -DGLEW_MX -O3 -Wall -g -pipe -march=nocona -msse2 -ftree-vectorize -mfpmath=sse -funsafe-math-optimizations -fno-rounding-math -fno-signaling-nans -fno-math-errno -fomit-frame-pointer -DMTS_DEBUG -DSINGLE_PRECISION -DSPECTRUM_SAMPLES=3 -DMTS_SSE -DMTS_HAS_COHERENT_RT -fopenmp -fvisibility=hidden -mtls-dialect=gnu2 -fPIC -DMTS_HAS_LIBPNG=1 -DMTS_HAS_LIBJPEG=1 -DMTS_HAS_OPENEXR=1 -DMTS_HAS_FFTW=1 -I/usr/include/eigen3 -I/usr/include/OpenEXR -Iinclude -Isrc/mtsgui -I/usr/include/x86_64-linux-gnu/qt5/QtOpenGL -I/usr/include/x86_64-linux-gnu/qt5 -I/usr/include/x86_64-linux-gnu/qt5/QtWidgets -I/usr/include/x86_64-linux-gnu/qt5/QtGui -I/usr/include/x86_64-linux-gnu/qt5/QtXml -I/usr/include/x86_64-linux-gnu/qt5/QtXmlPatterns -I/usr/include/x86_64-linux-gnu/qt5/QtNetwork -I/usr/include/x86_64-linux-gnu/qt5/QtCore build/release/mtsgui/moc_aboutdlg.cc
g++ -o build/release/libcore/libmitsuba-core.so -rdynamic -shared -fPIC -lstdc++ build/release/libcore/class.os build/release/libcore/object.os build/release/libcore/statistics.os build/release/libcore/thread.os build/release/libcore/brent.os build/release/libcore/logger.os build/release/libcore/appender.os build/release/libcore/formatter.os build/release/libcore/lock.os build/release/libcore/qmc.os build/release/libcore/random.os build/release/libcore/timer.os build/release/libcore/util.os build/release/libcore/properties.os build/release/libcore/half.os build/release/libcore/transform.os build/release/libcore/spectrum.os build/release/libcore/aabb.os build/release/libcore/stream.os build/release/libcore/math.os build/release/libcore/fstream.os build/release/libcore/plugin.os build/release/libcore/triangle.os build/release/libcore/bitmap.os build/release/libcore/fmtconv.os build/release/libcore/serialization.os build/release/libcore/sstream.os build/release/libcore/cstream.os build/release/libcore/mstream.os build/release/libcore/sched.os build/release/libcore/sched_remote.os build/release/libcore/sshstream.os build/release/libcore/zstream.os build/release/libcore/shvector.os build/release/libcore/fresolver.os build/release/libcore/rfilter.os build/release/libcore/quad.os build/release/libcore/mmap.os build/release/libcore/chisquare.os build/release/libcore/warp.os build/release/libcore/vmf.os build/release/libcore/tls.os build/release/libcore/ssemath.os build/release/libcore/spline.os build/release/libcore/track.os -lfftw3_threads -lfftw3 -ljpeg -lpng -lHalf -lIlmImf -lz -lboost_system -lboost_filesystem -lboost_thread -ldl -lm -lpthread -lgomp
"/usr/bin/moc" -I/usr/include/eigen3 -I/usr/include/OpenEXR -Iinclude -Isrc/mtsgui -I/usr/include/x86_64-linux-gnu/qt5/QtOpenGL -I/usr/include/x86_64-linux-gnu/qt5 -I/usr/include/x86_64-linux-gnu/qt5/QtWidgets -I/usr/include/x86_64-linux-gnu/qt5/QtGui -I/usr/include/x86_64-linux-gnu/qt5/QtXml -I/usr/include/x86_64-linux-gnu/qt5/QtXmlPatterns -I/usr/include/x86_64-linux-gnu/qt5/QtNetwork -I/usr/include/x86_64-linux-gnu/qt5/QtCore -o build/release/mtsgui/moc_acknowledgmentdlg.cc build/release/mtsgui/acknowledgmentdlg.h
g++ -o build/release/mtsgui/moc_acknowledgmentdlg.o -c -DGLEW_MX -O3 -Wall -g -pipe -march=nocona -msse2 -ftree-vectorize -mfpmath=sse -funsafe-math-optimizations -fno-rounding-math -fno-signaling-nans -fno-math-errno -fomit-frame-pointer -DMTS_DEBUG -DSINGLE_PRECISION -DSPECTRUM_SAMPLES=3 -DMTS_SSE -DMTS_HAS_COHERENT_RT -fopenmp -fvisibility=hidden -mtls-dialect=gnu2 -fPIC -DMTS_HAS_LIBPNG=1 -DMTS_HAS_LIBJPEG=1 -DMTS_HAS_OPENEXR=1 -DMTS_HAS_FFTW=1 -I/usr/include/eigen3 -I/usr/include/OpenEXR -Iinclude -Isrc/mtsgui -I/usr/include/x86_64-linux-gnu/qt5/QtOpenGL -I/usr/include/x86_64-linux-gnu/qt5 -I/usr/include/x86_64-linux-gnu/qt5/QtWidgets -I/usr/include/x86_64-linux-gnu/qt5/QtGui -I/usr/include/x86_64-linux-gnu/qt5/QtXml -I/usr/include/x86_64-linux-gnu/qt5/QtXmlPatterns -I/usr/include/x86_64-linux-gnu/qt5/QtNetwork -I/usr/include/x86_64-linux-gnu/qt5/QtCore build/release/mtsgui/moc_acknowledgmentdlg.cc
g++ -o build/release/librender/libmitsuba-render.so -rdynamic -shared -fPIC -lstdc++ build/release/librender/bsdf.os build/release/librender/film.os build/release/librender/integrator.os build/release/librender/emitter.os build/release/librender/sensor.os build/release/librender/skdtree.os build/release/librender/medium.os build/release/librender/renderjob.os build/release/librender/imageproc.os build/release/librender/rectwu.os build/release/librender/renderproc.os build/release/librender/imageblock.os build/release/librender/particleproc.os build/release/librender/renderqueue.os build/release/librender/scene.os build/release/librender/subsurface.os build/release/librender/texture.os build/release/librender/shape.os build/release/librender/trimesh.os build/release/librender/sampler.os build/release/librender/util.os build/release/librender/irrcache.os build/release/librender/testcase.os build/release/librender/photonmap.os build/release/librender/gatherproc.os build/release/librender/volume.os build/release/librender/vpl.os build/release/librender/shader.os build/release/librender/scenehandler.os build/release/librender/intersection.os build/release/librender/common.os build/release/librender/phase.os build/release/librender/noise.os build/release/librender/photon.os -Lbuild/release/libcore -Lsrc/libcore -lxerces-c -lboost_system -lboost_filesystem -lboost_thread -ldl -lm -lpthread -lgomp -lmitsuba-core
"/usr/bin/moc" -I/usr/include/eigen3 -I/usr/include/OpenEXR -Iinclude -Isrc/mtsgui -I/usr/include/x86_64-linux-gnu/qt5/QtOpenGL -I/usr/include/x86_64-linux-gnu/qt5 -I/usr/include/x86_64-linux-gnu/qt5/QtWidgets -I/usr/include/x86_64-linux-gnu/qt5/QtGui -I/usr/include/x86_64-linux-gnu/qt5/QtXml -I/usr/include/x86_64-linux-gnu/qt5/QtXmlPatterns -I/usr/include/x86_64-linux-gnu/qt5/QtNetwork -I/usr/include/x86_64-linux-gnu/qt5/QtCore -o build/release/mtsgui/moc_addserverdlg.cc build/release/mtsgui/addserverdlg.h
g++ -o build/release/mtsgui/moc_addserverdlg.o -c -DGLEW_MX -O3 -Wall -g -pipe -march=nocona -msse2 -ftree-vectorize -mfpmath=sse -funsafe-math-optimizations -fno-rounding-math -fno-signaling-nans -fno-math-errno -fomit-frame-pointer -DMTS_DEBUG -DSINGLE_PRECISION -DSPECTRUM_SAMPLES=3 -DMTS_SSE -DMTS_HAS_COHERENT_RT -fopenmp -fvisibility=hidden -mtls-dialect=gnu2 -fPIC -DMTS_HAS_LIBPNG=1 -DMTS_HAS_LIBJPEG=1 -DMTS_HAS_OPENEXR=1 -DMTS_HAS_FFTW=1 -I/usr/include/eigen3 -I/usr/include/OpenEXR -Iinclude -Isrc/mtsgui -I/usr/include/x86_64-linux-gnu/qt5/QtOpenGL -I/usr/include/x86_64-linux-gnu/qt5 -I/usr/include/x86_64-linux-gnu/qt5/QtWidgets -I/usr/include/x86_64-linux-gnu/qt5/QtGui -I/usr/include/x86_64-linux-gnu/qt5/QtXml -I/usr/include/x86_64-linux-gnu/qt5/QtXmlPatterns -I/usr/include/x86_64-linux-gnu/qt5/QtNetwork -I/usr/include/x86_64-linux-gnu/qt5/QtCore build/release/mtsgui/moc_addserverdlg.cc
g++ -o build/release/libhw/libmitsuba-hw.so -rdynamic -shared -fPIC -lstdc++ build/release/libhw/session.os build/release/libhw/device.os build/release/libhw/gputexture.os build/release/libhw/gpugeometry.os build/release/libhw/gpuprogram.os build/release/libhw/renderer.os build/release/libhw/glrenderer.os build/release/libhw/glprogram.os build/release/libhw/glgeometry.os build/release/libhw/gltexture.os build/release/libhw/gpusync.os build/release/libhw/glsync.os build/release/libhw/vpl.os build/release/libhw/font.os build/release/libhw/viewer.os build/release/libhw/basicshader.os build/release/libhw/shadow.os build/release/libhw/x11session.os build/release/libhw/x11device.os build/release/libhw/glxdevice.os build/release/libhw/glxrenderer.os -Lbuild/release/libcore -Lsrc/libcore -Lbuild/release/librender -Lsrc/librender -lGL -lGLU -lGLEWmx -lXxf86vm -lX11 -lboost_system -lboost_filesystem -lboost_thread -ldl -lm -lpthread -lgomp -lmitsuba-core -lmitsuba-render
g++ -o build/release/films/tiledhdrfilm.so -rdynamic -shared -fPIC -lstdc++ build/release/films/tiledhdrfilm.os -Lbuild/release/libcore -Lsrc/libcore -Lbuild/release/librender -Lsrc/librender -Lbuild/release/libhw -Lsrc/libhw -Lbuild/release/libbidir -Lsrc/libbidir -lHalf -lIlmImf -lz -lboost_system -lboost_filesystem -lboost_thread -ldl -lm -lpthread -lgomp -lmitsuba-core -lmitsuba-render -lmitsuba-hw
g++ -o build/release/bsdfs/dielectric.so -rdynamic -shared -fPIC -lstdc++ build/release/bsdfs/dielectric.os -Lbuild/release/libcore -Lsrc/libcore -Lbuild/release/librender -Lsrc/librender -Lbuild/release/libhw -Lsrc/libhw -Lbuild/release/libbidir -Lsrc/libbidir -lboost_system -lboost_filesystem -lboost_thread -ldl -lm -lpthread -lgomp -lmitsuba-core -lmitsuba-render -lmitsuba-hw
g++ -o build/release/bsdfs/difftrans.so -rdynamic -shared -fPIC -lstdc++ build/release/bsdfs/difftrans.os -Lbuild/release/libcore -Lsrc/libcore -Lbuild/release/librender -Lsrc/librender -Lbuild/release/libhw -Lsrc/libhw -Lbuild/release/libbidir -Lsrc/libbidir -lboost_system -lboost_filesystem -lboost_thread -ldl -lm -lpthread -lgomp -lmitsuba-core -lmitsuba-render -lmitsuba-hw
g++ -o build/release/bsdfs/normalmap.so -rdynamic -shared -fPIC -lstdc++ build/release/bsdfs/normalmap.os -Lbuild/release/libcore -Lsrc/libcore -Lbuild/release/librender -Lsrc/librender -Lbuild/release/libhw -Lsrc/libhw -Lbuild/release/libbidir -Lsrc/libbidir -lboost_system -lboost_filesystem -lboost_thread -ldl -lm -lpthread -lgomp -lmitsuba-core -lmitsuba-render -lmitsuba-hw
g++ -o build/release/integrators/path.so -rdynamic -shared -fPIC -lstdc++ build/release/integrators/path/path.os -Lbuild/release/libcore -Lsrc/libcore -Lbuild/release/librender -Lsrc/librender -Lbuild/release/libhw -Lsrc/libhw -Lbuild/release/libbidir -Lsrc/libbidir -lboost_system -lboost_filesystem -lboost_thread -ldl -lm -lpthread -lgomp -lmitsuba-core -lmitsuba-render -lmitsuba-hw
g++ -o build/release/integrators/ppm.so -rdynamic -shared -fPIC -lstdc++ build/release/integrators/photonmapper/ppm.os -Lbuild/release/libcore -Lsrc/libcore -Lbuild/release/librender -Lsrc/librender -Lbuild/release/libhw -Lsrc/libhw -Lbuild/release/libbidir -Lsrc/libbidir -lboost_system -lboost_filesystem -lboost_thread -ldl -lm -lpthread -lgomp -lmitsuba-core -lmitsuba-render -lmitsuba-hw
g++ -o build/release/films/hdrfilm.so -rdynamic -shared -fPIC -lstdc++ build/release/films/hdrfilm.os -Lbuild/release/libcore -Lsrc/libcore -Lbuild/release/librender -Lsrc/librender -Lbuild/release/libhw -Lsrc/libhw -Lbuild/release/libbidir -Lsrc/libbidir -lHalf -lIlmImf -lz -lboost_system -lboost_filesystem -lboost_thread -ldl -lm -lpthread -lgomp -lmitsuba-core -lmitsuba-render -lmitsuba-hw
g++ -o build/release/mitsuba/mtssrv build/release/mitsuba/mtssrv.o -Lbuild/release/libcore -Lsrc/libcore -Lbuild/release/librender -Lsrc/librender -Lbuild/release/libhw -Lsrc/libhw -Lbuild/release/libbidir -Lsrc/libbidir -lGL -lGLU -lGLEWmx -lXxf86vm -lX11 -lxerces-c -lboost_system -lboost_filesystem -lboost_thread -ldl -lm -lpthread -lgomp -lmitsuba-core -lmitsuba-render -lmitsuba-hw
g++ -o build/release/bsdfs/mixturebsdf.so -rdynamic -shared -fPIC -lstdc++ build/release/bsdfs/mixturebsdf.os -Lbuild/release/libcore -Lsrc/libcore -Lbuild/release/librender -Lsrc/librender -Lbuild/release/libhw -Lsrc/libhw -Lbuild/release/libbidir -Lsrc/libbidir -lboost_system -lboost_filesystem -lboost_thread -ldl -lm -lpthread -lgomp -lmitsuba-core -lmitsuba-render -lmitsuba-hw
g++ -o build/release/emitters/point.so -rdynamic -shared -fPIC -lstdc++ build/release/emitters/point.os -Lbuild/release/libcore -Lsrc/libcore -Lbuild/release/librender -Lsrc/librender -Lbuild/release/libhw -Lsrc/libhw -Lbuild/release/libbidir -Lsrc/libbidir -lboost_system -lboost_filesystem -lboost_thread -ldl -lm -lpthread -lgomp -lmitsuba-core -lmitsuba-render -lmitsuba-hw
g++ -o build/release/integrators/ao.so -rdynamic -shared -fPIC -lstdc++ build/release/integrators/direct/ao.os -Lbuild/release/libcore -Lsrc/libcore -Lbuild/release/librender -Lsrc/librender -Lbuild/release/libhw -Lsrc/libhw -Lbuild/release/libbidir -Lsrc/libbidir -lboost_system -lboost_filesystem -lboost_thread -ldl -lm -lpthread -lgomp -lmitsuba-core -lmitsuba-render -lmitsuba-hw
g++ -o build/release/integrators/volpath_simple.so -rdynamic -shared -fPIC -lstdc++ build/release/integrators/path/volpath_simple.os -Lbuild/release/libcore -Lsrc/libcore -Lbuild/release/librender -Lsrc/librender -Lbuild/release/libhw -Lsrc/libhw -Lbuild/release/libbidir -Lsrc/libbidir -lboost_system -lboost_filesystem -lboost_thread -ldl -lm -lpthread -lgomp -lmitsuba-core -lmitsuba-render -lmitsuba-hw
g++ -o build/release/mitsuba/mtsutil build/release/mitsuba/mtsutil.o -Lbuild/release/libcore -Lsrc/libcore -Lbuild/release/librender -Lsrc/librender -Lbuild/release/libhw -Lsrc/libhw -Lbuild/release/libbidir -Lsrc/libbidir -lGL -lGLU -lGLEWmx -lXxf86vm -lX11 -lxerces-c -lboost_system -lboost_filesystem -lboost_thread -ldl -lm -lpthread -lgomp -lmitsuba-core -lmitsuba-render -lmitsuba-hw
g++ -o build/release/bsdfs/irawan.so -rdynamic -shared -fPIC -lstdc++ build/release/bsdfs/irawan.os -Lbuild/release/libcore -Lsrc/libcore -Lbuild/release/librender -Lsrc/librender -Lbuild/release/libhw -Lsrc/libhw -Lbuild/release/libbidir -Lsrc/libbidir -lboost_system -lboost_filesystem -lboost_thread -ldl -lm -lpthread -lgomp -lmitsuba-core -lmitsuba-render -lmitsuba-hw
g++ -o build/release/medium/heterogeneous.so -rdynamic -shared -fPIC -lstdc++ build/release/medium/heterogeneous.os -Lbuild/release/libcore -Lsrc/libcore -Lbuild/release/librender -Lsrc/librender -Lbuild/release/libhw -Lsrc/libhw -Lbuild/release/libbidir -Lsrc/libbidir -lboost_system -lboost_filesystem -lboost_thread -ldl -lm -lpthread -lgomp -lmitsuba-core -lmitsuba-render -lmitsuba-hw
g++ -o build/release/integrators/multichannel.so -rdynamic -shared -fPIC -lstdc++ build/release/integrators/misc/multichannel.os -Lbuild/release/libcore -Lsrc/libcore -Lbuild/release/librender -Lsrc/librender -Lbuild/release/libhw -Lsrc/libhw -Lbuild/release/libbidir -Lsrc/libbidir -lboost_system -lboost_filesystem -lboost_thread -ldl -lm -lpthread -lgomp -lmitsuba-core -lmitsuba-render -lmitsuba-hw
g++ -o build/release/bsdfs/roughcoating.so -rdynamic -shared -fPIC -lstdc++ build/release/bsdfs/roughcoating.os -Lbuild/release/libcore -Lsrc/libcore -Lbuild/release/librender -Lsrc/librender -Lbuild/release/libhw -Lsrc/libhw -Lbuild/release/libbidir -Lsrc/libbidir -lboost_system -lboost_filesystem -lboost_thread -ldl -lm -lpthread -lgomp -lmitsuba-core -lmitsuba-render -lmitsuba-hw
g++ -o build/release/bsdfs/ward.so -rdynamic -shared -fPIC -lstdc++ build/release/bsdfs/ward.os -Lbuild/release/libcore -Lsrc/libcore -Lbuild/release/librender -Lsrc/librender -Lbuild/release/libhw -Lsrc/libhw -Lbuild/release/libbidir -Lsrc/libbidir -lboost_system -lboost_filesystem -lboost_thread -ldl -lm -lpthread -lgomp -lmitsuba-core -lmitsuba-render -lmitsuba-hw
g++ -o build/release/emitters/constant.so -rdynamic -shared -fPIC -lstdc++ build/release/emitters/constant.os -Lbuild/release/libcore -Lsrc/libcore -Lbuild/release/librender -Lsrc/librender -Lbuild/release/libhw -Lsrc/libhw -Lbuild/release/libbidir -Lsrc/libbidir -lboost_system -lboost_filesystem -lboost_thread -ldl -lm -lpthread -lgomp -lmitsuba-core -lmitsuba-render -lmitsuba-hw
g++ -o build/release/medium/homogeneous.so -rdynamic -shared -fPIC -lstdc++ build/release/medium/homogeneous.os -Lbuild/release/libcore -Lsrc/libcore -Lbuild/release/librender -Lsrc/librender -Lbuild/release/libhw -Lsrc/libhw -Lbuild/release/libbidir -Lsrc/libbidir -lboost_system -lboost_filesystem -lboost_thread -ldl -lm -lpthread -lgomp -lmitsuba-core -lmitsuba-render -lmitsuba-hw
g++ -o build/release/mitsuba/mitsuba build/release/mitsuba/mitsuba.o -Lbuild/release/libcore -Lsrc/libcore -Lbuild/release/librender -Lsrc/librender -Lbuild/release/libhw -Lsrc/libhw -Lbuild/release/libbidir -Lsrc/libbidir -lGL -lGLU -lGLEWmx -lXxf86vm -lX11 -lxerces-c -lboost_system -lboost_filesystem -lboost_thread -ldl -lm -lpthread -lgomp -lmitsuba-core -lmitsuba-render -lmitsuba-hw
g++ -o build/release/bsdfs/null.so -rdynamic -shared -fPIC -lstdc++ build/release/bsdfs/null.os -Lbuild/release/libcore -Lsrc/libcore -Lbuild/release/librender -Lsrc/librender -Lbuild/release/libhw -Lsrc/libhw -Lbuild/release/libbidir -Lsrc/libbidir -lboost_system -lboost_filesystem -lboost_thread -ldl -lm -lpthread -lgomp -lmitsuba-core -lmitsuba-render -lmitsuba-hw
g++ -o build/release/integrators/irrcache.so -rdynamic -shared -fPIC -lstdc++ build/release/integrators/misc/irrcache.os build/release/integrators/misc/irrcache_proc.os -Lbuild/release/libcore -Lsrc/libcore -Lbuild/release/librender -Lsrc/librender -Lbuild/release/libhw -Lsrc/libhw -Lbuild/release/libbidir -Lsrc/libbidir -lboost_system -lboost_filesystem -lboost_thread -ldl -lm -lpthread -lgomp -lmitsuba-core -lmitsuba-render -lmitsuba-hw
g++ -o build/release/films/ldrfilm.so -rdynamic -shared -fPIC -lstdc++ build/release/films/ldrfilm.os -Lbuild/release/libcore -Lsrc/libcore -Lbuild/release/librender -Lsrc/librender -Lbuild/release/libhw -Lsrc/libhw -Lbuild/release/libbidir -Lsrc/libbidir -lHalf -lIlmImf -lz -lboost_system -lboost_filesystem -lboost_thread -ldl -lm -lpthread -lgomp -lmitsuba-core -lmitsuba-render -lmitsuba-hw
g++ -o build/release/emitters/sky.so -rdynamic -shared -fPIC -lstdc++ build/release/emitters/sky.os build/release/emitters/sunsky/skymodel.os -Lbuild/release/libcore -Lsrc/libcore -Lbuild/release/librender -Lsrc/librender -Lbuild/release/libhw -Lsrc/libhw -Lbuild/release/libbidir -Lsrc/libbidir -lboost_system -lboost_filesystem -lboost_thread -ldl -lm -lpthread -lgomp -lmitsuba-core -lmitsuba-render -lmitsuba-hw
g++ -o build/release/emitters/collimated.so -rdynamic -shared -fPIC -lstdc++ build/release/emitters/collimated.os -Lbuild/release/libcore -Lsrc/libcore -Lbuild/release/librender -Lsrc/librender -Lbuild/release/libhw -Lsrc/libhw -Lbuild/release/libbidir -Lsrc/libbidir -lboost_system -lboost_filesystem -lboost_thread -ldl -lm -lpthread -lgomp -lmitsuba-core -lmitsuba-render -lmitsuba-hw
g++ -o build/release/integrators/photonmapper.so -rdynamic -shared -fPIC -lstdc++ build/release/integrators/photonmapper/photonmapper.os build/release/integrators/photonmapper/bre.os -Lbuild/release/libcore -Lsrc/libcore -Lbuild/release/librender -Lsrc/librender -Lbuild/release/libhw -Lsrc/libhw -Lbuild/release/libbidir -Lsrc/libbidir -lboost_system -lboost_filesystem -lboost_thread -ldl -lm -lpthread -lgomp -lmitsuba-core -lmitsuba-render -lmitsuba-hw
g++ -o build/release/integrators/adaptive.so -rdynamic -shared -fPIC -lstdc++ build/release/integrators/misc/adaptive.os -Lbuild/release/libcore -Lsrc/libcore -Lbuild/release/librender -Lsrc/librender -Lbuild/release/libhw -Lsrc/libhw -Lbuild/release/libbidir -Lsrc/libbidir -lboost_system -lboost_filesystem -lboost_thread -ldl -lm -lpthread -lgomp -lmitsuba-core -lmitsuba-render -lmitsuba-hw
g++ -o build/release/bsdfs/phong.so -rdynamic -shared -fPIC -lstdc++ build/release/bsdfs/phong.os -Lbuild/release/libcore -Lsrc/libcore -Lbuild/release/librender -Lsrc/librender -Lbuild/release/libhw -Lsrc/libhw -Lbuild/release/libbidir -Lsrc/libbidir -lboost_system -lboost_filesystem -lboost_thread -ldl -lm -lpthread -lgomp -lmitsuba-core -lmitsuba-render -lmitsuba-hw
g++ -o build/release/bsdfs/diffuse.so -rdynamic -shared -fPIC -lstdc++ build/release/bsdfs/diffuse.os -Lbuild/release/libcore -Lsrc/libcore -Lbuild/release/librender -Lsrc/librender -Lbuild/release/libhw -Lsrc/libhw -Lbuild/release/libbidir -Lsrc/libbidir -lboost_system -lboost_filesystem -lboost_thread -ldl -lm -lpthread -lgomp -lmitsuba-core -lmitsuba-render -lmitsuba-hw
g++ -o build/release/integrators/sppm.so -rdynamic -shared -fPIC -lstdc++ build/release/integrators/photonmapper/sppm.os -Lbuild/release/libcore -Lsrc/libcore -Lbuild/release/librender -Lsrc/librender -Lbuild/release/libhw -Lsrc/libhw -Lbuild/release/libbidir -Lsrc/libbidir -lboost_system -lboost_filesystem -lboost_thread -ldl -lm -lpthread -lgomp -lmitsuba-core -lmitsuba-render -lmitsuba-hw
g++ -o build/release/emitters/sun.so -rdynamic -shared -fPIC -lstdc++ build/release/emitters/sun.os -Lbuild/release/libcore -Lsrc/libcore -Lbuild/release/librender -Lsrc/librender -Lbuild/release/libhw -Lsrc/libhw -Lbuild/release/libbidir -Lsrc/libbidir -lboost_system -lboost_filesystem -lboost_thread -ldl -lm -lpthread -lgomp -lmitsuba-core -lmitsuba-render -lmitsuba-hw
g++ -o build/release/emitters/spot.so -rdynamic -shared -fPIC -lstdc++ build/release/emitters/spot.os -Lbuild/release/libcore -Lsrc/libcore -Lbuild/release/librender -Lsrc/librender -Lbuild/release/libhw -Lsrc/libhw -Lbuild/release/libbidir -Lsrc/libbidir -lboost_system -lboost_filesystem -lboost_thread -ldl -lm -lpthread -lgomp -lmitsuba-core -lmitsuba-render -lmitsuba-hw
g++ -o build/release/bsdfs/roughplastic.so -rdynamic -shared -fPIC -lstdc++ build/release/bsdfs/roughplastic.os -Lbuild/release/libcore -Lsrc/libcore -Lbuild/release/librender -Lsrc/librender -Lbuild/release/libhw -Lsrc/libhw -Lbuild/release/libbidir -Lsrc/libbidir -lboost_system -lboost_filesystem -lboost_thread -ldl -lm -lpthread -lgomp -lmitsuba-core -lmitsuba-render -lmitsuba-hw
g++ -o build/release/integrators/ptracer.so -rdynamic -shared -fPIC -lstdc++ build/release/integrators/ptracer/ptracer.os build/release/integrators/ptracer/ptracer_proc.os -Lbuild/release/libcore -Lsrc/libcore -Lbuild/release/librender -Lsrc/librender -Lbuild/release/libhw -Lsrc/libhw -Lbuild/release/libbidir -Lsrc/libbidir -lboost_system -lboost_filesystem -lboost_thread -ldl -lm -lpthread -lgomp -lmitsuba-core -lmitsuba-render -lmitsuba-hw
g++ -o build/release/bsdfs/mask.so -rdynamic -shared -fPIC -lstdc++ build/release/bsdfs/mask.os -Lbuild/release/libcore -Lsrc/libcore -Lbuild/release/librender -Lsrc/librender -Lbuild/release/libhw -Lsrc/libhw -Lbuild/release/libbidir -Lsrc/libbidir -lboost_system -lboost_filesystem -lboost_thread -ldl -lm -lpthread -lgomp -lmitsuba-core -lmitsuba-render -lmitsuba-hw
g++ -o build/release/bsdfs/bumpmap.so -rdynamic -shared -fPIC -lstdc++ build/release/bsdfs/bumpmap.os -Lbuild/release/libcore -Lsrc/libcore -Lbuild/release/librender -Lsrc/librender -Lbuild/release/libhw -Lsrc/libhw -Lbuild/release/libbidir -Lsrc/libbidir -lboost_system -lboost_filesystem -lboost_thread -ldl -lm -lpthread -lgomp -lmitsuba-core -lmitsuba-render -lmitsuba-hw
g++ -o build/release/bsdfs/roughconductor.so -rdynamic -shared -fPIC -lstdc++ build/release/bsdfs/roughconductor.os -Lbuild/release/libcore -Lsrc/libcore -Lbuild/release/librender -Lsrc/librender -Lbuild/release/libhw -Lsrc/libhw -Lbuild/release/libbidir -Lsrc/libbidir -lboost_system -lboost_filesystem -lboost_thread -ldl -lm -lpthread -lgomp -lmitsuba-core -lmitsuba-render -lmitsuba-hw
g++ -o build/release/emitters/directional.so -rdynamic -shared -fPIC -lstdc++ build/release/emitters/directional.os -Lbuild/release/libcore -Lsrc/libcore -Lbuild/release/librender -Lsrc/librender -Lbuild/release/libhw -Lsrc/libhw -Lbuild/release/libbidir -Lsrc/libbidir -lboost_system -lboost_filesystem -lboost_thread -ldl -lm -lpthread -lgomp -lmitsuba-core -lmitsuba-render -lmitsuba-hw
g++ -o build/release/bsdfs/roughdielectric.so -rdynamic -shared -fPIC -lstdc++ build/release/bsdfs/roughdielectric.os -Lbuild/release/libcore -Lsrc/libcore -Lbuild/release/librender -Lsrc/librender -Lbuild/release/libhw -Lsrc/libhw -Lbuild/release/libbidir -Lsrc/libbidir -lboost_system -lboost_filesystem -lboost_thread -ldl -lm -lpthread -lgomp -lmitsuba-core -lmitsuba-render -lmitsuba-hw
g++ -o build/release/emitters/area.so -rdynamic -shared -fPIC -lstdc++ build/release/emitters/area.os -Lbuild/release/libcore -Lsrc/libcore -Lbuild/release/librender -Lsrc/librender -Lbuild/release/libhw -Lsrc/libhw -Lbuild/release/libbidir -Lsrc/libbidir -lboost_system -lboost_filesystem -lboost_thread -ldl -lm -lpthread -lgomp -lmitsuba-core -lmitsuba-render -lmitsuba-hw
g++ -o build/release/bsdfs/plastic.so -rdynamic -shared -fPIC -lstdc++ build/release/bsdfs/plastic.os -Lbuild/release/libcore -Lsrc/libcore -Lbuild/release/librender -Lsrc/librender -Lbuild/release/libhw -Lsrc/libhw -Lbuild/release/libbidir -Lsrc/libbidir -lboost_system -lboost_filesystem -lboost_thread -ldl -lm -lpthread -lgomp -lmitsuba-core -lmitsuba-render -lmitsuba-hw
g++ -o build/release/emitters/envmap.so -rdynamic -shared -fPIC -lstdc++ build/release/emitters/envmap.os -Lbuild/release/libcore -Lsrc/libcore -Lbuild/release/librender -Lsrc/librender -Lbuild/release/libhw -Lsrc/libhw -Lbuild/release/libbidir -Lsrc/libbidir -lboost_system -lboost_filesystem -lboost_thread -ldl -lm -lpthread -lgomp -lmitsuba-core -lmitsuba-render -lmitsuba-hw
g++ -o build/release/integrators/motion.so -rdynamic -shared -fPIC -lstdc++ build/release/integrators/misc/motion.os -Lbuild/release/libcore -Lsrc/libcore -Lbuild/release/librender -Lsrc/librender -Lbuild/release/libhw -Lsrc/libhw -Lbuild/release/libbidir -Lsrc/libbidir -lboost_system -lboost_filesystem -lboost_thread -ldl -lm -lpthread -lgomp -lmitsuba-core -lmitsuba-render -lmitsuba-hw
g++ -o build/release/bsdfs/coating.so -rdynamic -shared -fPIC -lstdc++ build/release/bsdfs/coating.os -Lbuild/release/libcore -Lsrc/libcore -Lbuild/release/librender -Lsrc/librender -Lbuild/release/libhw -Lsrc/libhw -Lbuild/release/libbidir -Lsrc/libbidir -lboost_system -lboost_filesystem -lboost_thread -ldl -lm -lpthread -lgomp -lmitsuba-core -lmitsuba-render -lmitsuba-hw
g++ -o build/release/bsdfs/blendbsdf.so -rdynamic -shared -fPIC -lstdc++ build/release/bsdfs/blendbsdf.os -Lbuild/release/libcore -Lsrc/libcore -Lbuild/release/librender -Lsrc/librender -Lbuild/release/libhw -Lsrc/libhw -Lbuild/release/libbidir -Lsrc/libbidir -lboost_system -lboost_filesystem -lboost_thread -ldl -lm -lpthread -lgomp -lmitsuba-core -lmitsuba-render -lmitsuba-hw
g++ -o build/release/integrators/vpl.so -rdynamic -shared -fPIC -lstdc++ build/release/integrators/vpl/vpl.os -Lbuild/release/libcore -Lsrc/libcore -Lbuild/release/librender -Lsrc/librender -Lbuild/release/libhw -Lsrc/libhw -Lbuild/release/libbidir -Lsrc/libbidir -lboost_system -lboost_filesystem -lboost_thread -ldl -lm -lpthread -lgomp -lmitsuba-core -lmitsuba-render -lmitsuba-hw
g++ -o build/release/bsdfs/conductor.so -rdynamic -shared -fPIC -lstdc++ build/release/bsdfs/conductor.os -Lbuild/release/libcore -Lsrc/libcore -Lbuild/release/librender -Lsrc/librender -Lbuild/release/libhw -Lsrc/libhw -Lbuild/release/libbidir -Lsrc/libbidir -lboost_system -lboost_filesystem -lboost_thread -ldl -lm -lpthread -lgomp -lmitsuba-core -lmitsuba-render -lmitsuba-hw
g++ -o build/release/integrators/field.so -rdynamic -shared -fPIC -lstdc++ build/release/integrators/misc/field.os -Lbuild/release/libcore -Lsrc/libcore -Lbuild/release/librender -Lsrc/librender -Lbuild/release/libhw -Lsrc/libhw -Lbuild/release/libbidir -Lsrc/libbidir -lboost_system -lboost_filesystem -lboost_thread -ldl -lm -lpthread -lgomp -lmitsuba-core -lmitsuba-render -lmitsuba-hw
g++ -o build/release/libbidir/libmitsuba-bidir.so -rdynamic -shared -fPIC -lstdc++ build/release/libbidir/common.os build/release/libbidir/rsampler.os build/release/libbidir/vertex.os build/release/libbidir/edge.os build/release/libbidir/path.os build/release/libbidir/verification.os build/release/libbidir/util.os build/release/libbidir/pathsampler.os build/release/libbidir/mut_bidir.os build/release/libbidir/mut_lens.os build/release/libbidir/mut_caustic.os build/release/libbidir/mut_mchain.os build/release/libbidir/manifold.os build/release/libbidir/mut_manifold.os -Lbuild/release/libcore -Lsrc/libcore -Lbuild/release/librender -Lsrc/librender -Lbuild/release/libhw -Lsrc/libhw -lboost_system -lboost_filesystem -lboost_thread -ldl -lm -lpthread -lgomp -lmitsuba-core -lmitsuba-render -lmitsuba-hw
g++ -o build/release/bsdfs/twosided.so -rdynamic -shared -fPIC -lstdc++ build/release/bsdfs/twosided.os -Lbuild/release/libcore -Lsrc/libcore -Lbuild/release/librender -Lsrc/librender -Lbuild/release/libhw -Lsrc/libhw -Lbuild/release/libbidir -Lsrc/libbidir -lboost_system -lboost_filesystem -lboost_thread -ldl -lm -lpthread -lgomp -lmitsuba-core -lmitsuba-render -lmitsuba-hw
g++ -o build/release/integrators/direct.so -rdynamic -shared -fPIC -lstdc++ build/release/integrators/direct/direct.os -Lbuild/release/libcore -Lsrc/libcore -Lbuild/release/librender -Lsrc/librender -Lbuild/release/libhw -Lsrc/libhw -Lbuild/release/libbidir -Lsrc/libbidir -lboost_system -lboost_filesystem -lboost_thread -ldl -lm -lpthread -lgomp -lmitsuba-core -lmitsuba-render -lmitsuba-hw
g++ -o build/release/integrators/volpath.so -rdynamic -shared -fPIC -lstdc++ build/release/integrators/path/volpath.os -Lbuild/release/libcore -Lsrc/libcore -Lbuild/release/librender -Lsrc/librender -Lbuild/release/libhw -Lsrc/libhw -Lbuild/release/libbidir -Lsrc/libbidir -lboost_system -lboost_filesystem -lboost_thread -ldl -lm -lpthread -lgomp -lmitsuba-core -lmitsuba-render -lmitsuba-hw
g++ -o build/release/bsdfs/roughdiffuse.so -rdynamic -shared -fPIC -lstdc++ build/release/bsdfs/roughdiffuse.os -Lbuild/release/libcore -Lsrc/libcore -Lbuild/release/librender -Lsrc/librender -Lbuild/release/libhw -Lsrc/libhw -Lbuild/release/libbidir -Lsrc/libbidir -lboost_system -lboost_filesystem -lboost_thread -ldl -lm -lpthread -lgomp -lmitsuba-core -lmitsuba-render -lmitsuba-hw
g++ -o build/release/bsdfs/hk.so -rdynamic -shared -fPIC -lstdc++ build/release/bsdfs/hk.os -Lbuild/release/libcore -Lsrc/libcore -Lbuild/release/librender -Lsrc/librender -Lbuild/release/libhw -Lsrc/libhw -Lbuild/release/libbidir -Lsrc/libbidir -lboost_system -lboost_filesystem -lboost_thread -ldl -lm -lpthread -lgomp -lmitsuba-core -lmitsuba-render -lmitsuba-hw
g++ -o build/release/emitters/sunsky.so -rdynamic -shared -fPIC -lstdc++ build/release/emitters/sunsky.os -Lbuild/release/libcore -Lsrc/libcore -Lbuild/release/librender -Lsrc/librender -Lbuild/release/libhw -Lsrc/libhw -Lbuild/release/libbidir -Lsrc/libbidir -lboost_system -lboost_filesystem -lboost_thread -ldl -lm -lpthread -lgomp -lmitsuba-core -lmitsuba-render -lmitsuba-hw
g++ -o build/release/bsdfs/thindielectric.so -rdynamic -shared -fPIC -lstdc++ build/release/bsdfs/thindielectric.os -Lbuild/release/libcore -Lsrc/libcore -Lbuild/release/librender -Lsrc/librender -Lbuild/release/libhw -Lsrc/libhw -Lbuild/release/libbidir -Lsrc/libbidir -lboost_system -lboost_filesystem -lboost_thread -ldl -lm -lpthread -lgomp -lmitsuba-core -lmitsuba-render -lmitsuba-hw
g++ -o build/release/integrators/bdpt.so -rdynamic -shared -fPIC -lstdc++ build/release/integrators/bdpt/bdpt.os build/release/integrators/bdpt/bdpt_wr.os build/release/integrators/bdpt/bdpt_proc.os -Lbuild/release/libcore -Lsrc/libcore -Lbuild/release/librender -Lsrc/librender -Lbuild/release/libhw -Lsrc/libhw -Lbuild/release/libbidir -Lsrc/libbidir -Lsrc/libbidir -lboost_system -lboost_filesystem -lboost_thread -ldl -lm -lpthread -lgomp -lmitsuba-core -lmitsuba-render -lmitsuba-hw -lmitsuba-bidir
g++ -o build/release/integrators/mlt.so -rdynamic -shared -fPIC -lstdc++ build/release/integrators/mlt/mlt.os build/release/integrators/mlt/mlt_proc.os -Lbuild/release/libcore -Lsrc/libcore -Lbuild/release/librender -Lsrc/librender -Lbuild/release/libhw -Lsrc/libhw -Lbuild/release/libbidir -Lsrc/libbidir -Lsrc/libbidir -lboost_system -lboost_filesystem -lboost_thread -ldl -lm -lpthread -lgomp -lmitsuba-core -lmitsuba-render -lmitsuba-hw -lmitsuba-bidir
g++ -o build/release/integrators/erpt.so -rdynamic -shared -fPIC -lstdc++ build/release/integrators/erpt/erpt.os build/release/integrators/erpt/erpt_proc.os -Lbuild/release/libcore -Lsrc/libcore -Lbuild/release/librender -Lsrc/librender -Lbuild/release/libhw -Lsrc/libhw -Lbuild/release/libbidir -Lsrc/libbidir -Lsrc/libbidir -lboost_system -lboost_filesystem -lboost_thread -ldl -lm -lpthread -lgomp -lmitsuba-core -lmitsuba-render -lmitsuba-hw -lmitsuba-bidir
g++ -o build/release/integrators/pssmlt.so -rdynamic -shared -fPIC -lstdc++ build/release/integrators/pssmlt/pssmlt.os build/release/integrators/pssmlt/pssmlt_sampler.os build/release/integrators/pssmlt/pssmlt_proc.os -Lbuild/release/libcore -Lsrc/libcore -Lbuild/release/librender -Lsrc/librender -Lbuild/release/libhw -Lsrc/libhw -Lbuild/release/libbidir -Lsrc/libbidir -Lsrc/libbidir -lboost_system -lboost_filesystem -lboost_thread -ldl -lm -lpthread -lgomp -lmitsuba-core -lmitsuba-render -lmitsuba-hw -lmitsuba-bidir
g++ -o build/release/films/mfilm.so -rdynamic -shared -fPIC -lstdc++ build/release/films/mfilm.os build/release/films/cnpy.os -Lbuild/release/libcore -Lsrc/libcore -Lbuild/release/librender -Lsrc/librender -Lbuild/release/libhw -Lsrc/libhw -Lbuild/release/libbidir -Lsrc/libbidir -lHalf -lIlmImf -lz -lboost_system -lboost_filesystem -lboost_thread -ldl -lm -lpthread -lgomp -lmitsuba-core -lmitsuba-render -lmitsuba-hw
"/usr/bin/moc" -I/usr/include/eigen3 -I/usr/include/OpenEXR -Iinclude -Isrc/mtsgui -I/usr/include/x86_64-linux-gnu/qt5/QtOpenGL -I/usr/include/x86_64-linux-gnu/qt5 -I/usr/include/x86_64-linux-gnu/qt5/QtWidgets -I/usr/include/x86_64-linux-gnu/qt5/QtGui -I/usr/include/x86_64-linux-gnu/qt5/QtXml -I/usr/include/x86_64-linux-gnu/qt5/QtXmlPatterns -I/usr/include/x86_64-linux-gnu/qt5/QtNetwork -I/usr/include/x86_64-linux-gnu/qt5/QtCore -o build/release/mtsgui/moc_glwidget.cc build/release/mtsgui/glwidget.h
"/usr/bin/moc" -I/usr/include/eigen3 -I/usr/include/OpenEXR -Iinclude -Isrc/mtsgui -I/usr/include/x86_64-linux-gnu/qt5/QtOpenGL -I/usr/include/x86_64-linux-gnu/qt5 -I/usr/include/x86_64-linux-gnu/qt5/QtWidgets -I/usr/include/x86_64-linux-gnu/qt5/QtGui -I/usr/include/x86_64-linux-gnu/qt5/QtXml -I/usr/include/x86_64-linux-gnu/qt5/QtXmlPatterns -I/usr/include/x86_64-linux-gnu/qt5/QtNetwork -I/usr/include/x86_64-linux-gnu/qt5/QtCore -o build/release/mtsgui/moc_importdlg.cc build/release/mtsgui/importdlg.h
"/usr/bin/moc" -I/usr/include/eigen3 -I/usr/include/OpenEXR -Iinclude -Isrc/mtsgui -I/usr/include/x86_64-linux-gnu/qt5/QtOpenGL -I/usr/include/x86_64-linux-gnu/qt5 -I/usr/include/x86_64-linux-gnu/qt5/QtWidgets -I/usr/include/x86_64-linux-gnu/qt5/QtGui -I/usr/include/x86_64-linux-gnu/qt5/QtXml -I/usr/include/x86_64-linux-gnu/qt5/QtXmlPatterns -I/usr/include/x86_64-linux-gnu/qt5/QtNetwork -I/usr/include/x86_64-linux-gnu/qt5/QtCore -o build/release/mtsgui/moc_loaddlg.cc build/release/mtsgui/loaddlg.h
"/usr/bin/moc" -I/usr/include/eigen3 -I/usr/include/OpenEXR -Iinclude -Isrc/mtsgui -I/usr/include/x86_64-linux-gnu/qt5/QtOpenGL -I/usr/include/x86_64-linux-gnu/qt5 -I/usr/include/x86_64-linux-gnu/qt5/QtWidgets -I/usr/include/x86_64-linux-gnu/qt5/QtGui -I/usr/include/x86_64-linux-gnu/qt5/QtXml -I/usr/include/x86_64-linux-gnu/qt5/QtXmlPatterns -I/usr/include/x86_64-linux-gnu/qt5/QtNetwork -I/usr/include/x86_64-linux-gnu/qt5/QtCore -o build/release/mtsgui/moc_locateresourcedlg.cc build/release/mtsgui/locateresourcedlg.h
"/usr/bin/moc" -I/usr/include/eigen3 -I/usr/include/OpenEXR -Iinclude -Isrc/mtsgui -I/usr/include/x86_64-linux-gnu/qt5/QtOpenGL -I/usr/include/x86_64-linux-gnu/qt5 -I/usr/include/x86_64-linux-gnu/qt5/QtWidgets -I/usr/include/x86_64-linux-gnu/qt5/QtGui -I/usr/include/x86_64-linux-gnu/qt5/QtXml -I/usr/include/x86_64-linux-gnu/qt5/QtXmlPatterns -I/usr/include/x86_64-linux-gnu/qt5/QtNetwork -I/usr/include/x86_64-linux-gnu/qt5/QtCore -o build/release/mtsgui/moc_logwidget.cc build/release/mtsgui/logwidget.h
g++ -o build/release/mtsgui/moc_importdlg.o -c -DGLEW_MX -O3 -Wall -g -pipe -march=nocona -msse2 -ftree-vectorize -mfpmath=sse -funsafe-math-optimizations -fno-rounding-math -fno-signaling-nans -fno-math-errno -fomit-frame-pointer -DMTS_DEBUG -DSINGLE_PRECISION -DSPECTRUM_SAMPLES=3 -DMTS_SSE -DMTS_HAS_COHERENT_RT -fopenmp -fvisibility=hidden -mtls-dialect=gnu2 -fPIC -DMTS_HAS_LIBPNG=1 -DMTS_HAS_LIBJPEG=1 -DMTS_HAS_OPENEXR=1 -DMTS_HAS_FFTW=1 -I/usr/include/eigen3 -I/usr/include/OpenEXR -Iinclude -Isrc/mtsgui -I/usr/include/x86_64-linux-gnu/qt5/QtOpenGL -I/usr/include/x86_64-linux-gnu/qt5 -I/usr/include/x86_64-linux-gnu/qt5/QtWidgets -I/usr/include/x86_64-linux-gnu/qt5/QtGui -I/usr/include/x86_64-linux-gnu/qt5/QtXml -I/usr/include/x86_64-linux-gnu/qt5/QtXmlPatterns -I/usr/include/x86_64-linux-gnu/qt5/QtNetwork -I/usr/include/x86_64-linux-gnu/qt5/QtCore build/release/mtsgui/moc_importdlg.cc
g++ -o build/release/mtsgui/moc_glwidget.o -c -DGLEW_MX -O3 -Wall -g -pipe -march=nocona -msse2 -ftree-vectorize -mfpmath=sse -funsafe-math-optimizations -fno-rounding-math -fno-signaling-nans -fno-math-errno -fomit-frame-pointer -DMTS_DEBUG -DSINGLE_PRECISION -DSPECTRUM_SAMPLES=3 -DMTS_SSE -DMTS_HAS_COHERENT_RT -fopenmp -fvisibility=hidden -mtls-dialect=gnu2 -fPIC -DMTS_HAS_LIBPNG=1 -DMTS_HAS_LIBJPEG=1 -DMTS_HAS_OPENEXR=1 -DMTS_HAS_FFTW=1 -I/usr/include/eigen3 -I/usr/include/OpenEXR -Iinclude -Isrc/mtsgui -I/usr/include/x86_64-linux-gnu/qt5/QtOpenGL -I/usr/include/x86_64-linux-gnu/qt5 -I/usr/include/x86_64-linux-gnu/qt5/QtWidgets -I/usr/include/x86_64-linux-gnu/qt5/QtGui -I/usr/include/x86_64-linux-gnu/qt5/QtXml -I/usr/include/x86_64-linux-gnu/qt5/QtXmlPatterns -I/usr/include/x86_64-linux-gnu/qt5/QtNetwork -I/usr/include/x86_64-linux-gnu/qt5/QtCore build/release/mtsgui/moc_glwidget.cc
g++ -o build/release/mtsgui/moc_loaddlg.o -c -DGLEW_MX -O3 -Wall -g -pipe -march=nocona -msse2 -ftree-vectorize -mfpmath=sse -funsafe-math-optimizations -fno-rounding-math -fno-signaling-nans -fno-math-errno -fomit-frame-pointer -DMTS_DEBUG -DSINGLE_PRECISION -DSPECTRUM_SAMPLES=3 -DMTS_SSE -DMTS_HAS_COHERENT_RT -fopenmp -fvisibility=hidden -mtls-dialect=gnu2 -fPIC -DMTS_HAS_LIBPNG=1 -DMTS_HAS_LIBJPEG=1 -DMTS_HAS_OPENEXR=1 -DMTS_HAS_FFTW=1 -I/usr/include/eigen3 -I/usr/include/OpenEXR -Iinclude -Isrc/mtsgui -I/usr/include/x86_64-linux-gnu/qt5/QtOpenGL -I/usr/include/x86_64-linux-gnu/qt5 -I/usr/include/x86_64-linux-gnu/qt5/QtWidgets -I/usr/include/x86_64-linux-gnu/qt5/QtGui -I/usr/include/x86_64-linux-gnu/qt5/QtXml -I/usr/include/x86_64-linux-gnu/qt5/QtXmlPatterns -I/usr/include/x86_64-linux-gnu/qt5/QtNetwork -I/usr/include/x86_64-linux-gnu/qt5/QtCore build/release/mtsgui/moc_loaddlg.cc
g++ -o build/release/mtsgui/moc_locateresourcedlg.o -c -DGLEW_MX -O3 -Wall -g -pipe -march=nocona -msse2 -ftree-vectorize -mfpmath=sse -funsafe-math-optimizations -fno-rounding-math -fno-signaling-nans -fno-math-errno -fomit-frame-pointer -DMTS_DEBUG -DSINGLE_PRECISION -DSPECTRUM_SAMPLES=3 -DMTS_SSE -DMTS_HAS_COHERENT_RT -fopenmp -fvisibility=hidden -mtls-dialect=gnu2 -fPIC -DMTS_HAS_LIBPNG=1 -DMTS_HAS_LIBJPEG=1 -DMTS_HAS_OPENEXR=1 -DMTS_HAS_FFTW=1 -I/usr/include/eigen3 -I/usr/include/OpenEXR -Iinclude -Isrc/mtsgui -I/usr/include/x86_64-linux-gnu/qt5/QtOpenGL -I/usr/include/x86_64-linux-gnu/qt5 -I/usr/include/x86_64-linux-gnu/qt5/QtWidgets -I/usr/include/x86_64-linux-gnu/qt5/QtGui -I/usr/include/x86_64-linux-gnu/qt5/QtXml -I/usr/include/x86_64-linux-gnu/qt5/QtXmlPatterns -I/usr/include/x86_64-linux-gnu/qt5/QtNetwork -I/usr/include/x86_64-linux-gnu/qt5/QtCore build/release/mtsgui/moc_locateresourcedlg.cc
g++ -o build/release/mtsgui/moc_logwidget.o -c -DGLEW_MX -O3 -Wall -g -pipe -march=nocona -msse2 -ftree-vectorize -mfpmath=sse -funsafe-math-optimizations -fno-rounding-math -fno-signaling-nans -fno-math-errno -fomit-frame-pointer -DMTS_DEBUG -DSINGLE_PRECISION -DSPECTRUM_SAMPLES=3 -DMTS_SSE -DMTS_HAS_COHERENT_RT -fopenmp -fvisibility=hidden -mtls-dialect=gnu2 -fPIC -DMTS_HAS_LIBPNG=1 -DMTS_HAS_LIBJPEG=1 -DMTS_HAS_OPENEXR=1 -DMTS_HAS_FFTW=1 -I/usr/include/eigen3 -I/usr/include/OpenEXR -Iinclude -Isrc/mtsgui -I/usr/include/x86_64-linux-gnu/qt5/QtOpenGL -I/usr/include/x86_64-linux-gnu/qt5 -I/usr/include/x86_64-linux-gnu/qt5/QtWidgets -I/usr/include/x86_64-linux-gnu/qt5/QtGui -I/usr/include/x86_64-linux-gnu/qt5/QtXml -I/usr/include/x86_64-linux-gnu/qt5/QtXmlPatterns -I/usr/include/x86_64-linux-gnu/qt5/QtNetwork -I/usr/include/x86_64-linux-gnu/qt5/QtCore build/release/mtsgui/moc_logwidget.cc
"/usr/bin/moc" -I/usr/include/eigen3 -I/usr/include/OpenEXR -Iinclude -Isrc/mtsgui -I/usr/include/x86_64-linux-gnu/qt5/QtOpenGL -I/usr/include/x86_64-linux-gnu/qt5 -I/usr/include/x86_64-linux-gnu/qt5/QtWidgets -I/usr/include/x86_64-linux-gnu/qt5/QtGui -I/usr/include/x86_64-linux-gnu/qt5/QtXml -I/usr/include/x86_64-linux-gnu/qt5/QtXmlPatterns -I/usr/include/x86_64-linux-gnu/qt5/QtNetwork -I/usr/include/x86_64-linux-gnu/qt5/QtCore -o build/release/mtsgui/moc_mainwindow.cc build/release/mtsgui/mainwindow.h
g++ -o build/release/mtsgui/moc_mainwindow.o -c -DGLEW_MX -O3 -Wall -g -pipe -march=nocona -msse2 -ftree-vectorize -mfpmath=sse -funsafe-math-optimizations -fno-rounding-math -fno-signaling-nans -fno-math-errno -fomit-frame-pointer -DMTS_DEBUG -DSINGLE_PRECISION -DSPECTRUM_SAMPLES=3 -DMTS_SSE -DMTS_HAS_COHERENT_RT -fopenmp -fvisibility=hidden -mtls-dialect=gnu2 -fPIC -DMTS_HAS_LIBPNG=1 -DMTS_HAS_LIBJPEG=1 -DMTS_HAS_OPENEXR=1 -DMTS_HAS_FFTW=1 -I/usr/include/eigen3 -I/usr/include/OpenEXR -Iinclude -Isrc/mtsgui -I/usr/include/x86_64-linux-gnu/qt5/QtOpenGL -I/usr/include/x86_64-linux-gnu/qt5 -I/usr/include/x86_64-linux-gnu/qt5/QtWidgets -I/usr/include/x86_64-linux-gnu/qt5/QtGui -I/usr/include/x86_64-linux-gnu/qt5/QtXml -I/usr/include/x86_64-linux-gnu/qt5/QtXmlPatterns -I/usr/include/x86_64-linux-gnu/qt5/QtNetwork -I/usr/include/x86_64-linux-gnu/qt5/QtCore build/release/mtsgui/moc_mainwindow.cc
"/usr/bin/moc" -I/usr/include/eigen3 -I/usr/include/OpenEXR -Iinclude -Isrc/mtsgui -I/usr/include/x86_64-linux-gnu/qt5/QtOpenGL -I/usr/include/x86_64-linux-gnu/qt5 -I/usr/include/x86_64-linux-gnu/qt5/QtWidgets -I/usr/include/x86_64-linux-gnu/qt5/QtGui -I/usr/include/x86_64-linux-gnu/qt5/QtXml -I/usr/include/x86_64-linux-gnu/qt5/QtXmlPatterns -I/usr/include/x86_64-linux-gnu/qt5/QtNetwork -I/usr/include/x86_64-linux-gnu/qt5/QtCore -o build/release/mtsgui/moc_preview.cc build/release/mtsgui/preview.h
g++ -o build/release/mtsgui/moc_preview.o -c -DGLEW_MX -O3 -Wall -g -pipe -march=nocona -msse2 -ftree-vectorize -mfpmath=sse -funsafe-math-optimizations -fno-rounding-math -fno-signaling-nans -fno-math-errno -fomit-frame-pointer -DMTS_DEBUG -DSINGLE_PRECISION -DSPECTRUM_SAMPLES=3 -DMTS_SSE -DMTS_HAS_COHERENT_RT -fopenmp -fvisibility=hidden -mtls-dialect=gnu2 -fPIC -DMTS_HAS_LIBPNG=1 -DMTS_HAS_LIBJPEG=1 -DMTS_HAS_OPENEXR=1 -DMTS_HAS_FFTW=1 -I/usr/include/eigen3 -I/usr/include/OpenEXR -Iinclude -Isrc/mtsgui -I/usr/include/x86_64-linux-gnu/qt5/QtOpenGL -I/usr/include/x86_64-linux-gnu/qt5 -I/usr/include/x86_64-linux-gnu/qt5/QtWidgets -I/usr/include/x86_64-linux-gnu/qt5/QtGui -I/usr/include/x86_64-linux-gnu/qt5/QtXml -I/usr/include/x86_64-linux-gnu/qt5/QtXmlPatterns -I/usr/include/x86_64-linux-gnu/qt5/QtNetwork -I/usr/include/x86_64-linux-gnu/qt5/QtCore build/release/mtsgui/moc_preview.cc
"/usr/bin/moc" -I/usr/include/eigen3 -I/usr/include/OpenEXR -Iinclude -Isrc/mtsgui -I/usr/include/x86_64-linux-gnu/qt5/QtOpenGL -I/usr/include/x86_64-linux-gnu/qt5 -I/usr/include/x86_64-linux-gnu/qt5/QtWidgets -I/usr/include/x86_64-linux-gnu/qt5/QtGui -I/usr/include/x86_64-linux-gnu/qt5/QtXml -I/usr/include/x86_64-linux-gnu/qt5/QtXmlPatterns -I/usr/include/x86_64-linux-gnu/qt5/QtNetwork -I/usr/include/x86_64-linux-gnu/qt5/QtCore -o build/release/mtsgui/moc_previewsettingsdlg.cc build/release/mtsgui/previewsettingsdlg.h
"/usr/bin/moc" -I/usr/include/eigen3 -I/usr/include/OpenEXR -Iinclude -Isrc/mtsgui -I/usr/include/x86_64-linux-gnu/qt5/QtOpenGL -I/usr/include/x86_64-linux-gnu/qt5 -I/usr/include/x86_64-linux-gnu/qt5/QtWidgets -I/usr/include/x86_64-linux-gnu/qt5/QtGui -I/usr/include/x86_64-linux-gnu/qt5/QtXml -I/usr/include/x86_64-linux-gnu/qt5/QtXmlPatterns -I/usr/include/x86_64-linux-gnu/qt5/QtNetwork -I/usr/include/x86_64-linux-gnu/qt5/QtCore -o build/release/mtsgui/moc_programsettingsdlg.cc build/release/mtsgui/programsettingsdlg.h
"/usr/bin/moc" -I/usr/include/eigen3 -I/usr/include/OpenEXR -Iinclude -Isrc/mtsgui -I/usr/include/x86_64-linux-gnu/qt5/QtOpenGL -I/usr/include/x86_64-linux-gnu/qt5 -I/usr/include/x86_64-linux-gnu/qt5/QtWidgets -I/usr/include/x86_64-linux-gnu/qt5/QtGui -I/usr/include/x86_64-linux-gnu/qt5/QtXml -I/usr/include/x86_64-linux-gnu/qt5/QtXmlPatterns -I/usr/include/x86_64-linux-gnu/qt5/QtNetwork -I/usr/include/x86_64-linux-gnu/qt5/QtCore -o build/release/mtsgui/moc_rendersettingsdlg.cc build/release/mtsgui/rendersettingsdlg.h
"/usr/bin/moc" -I/usr/include/eigen3 -I/usr/include/OpenEXR -Iinclude -Isrc/mtsgui -I/usr/include/x86_64-linux-gnu/qt5/QtOpenGL -I/usr/include/x86_64-linux-gnu/qt5 -I/usr/include/x86_64-linux-gnu/qt5/QtWidgets -I/usr/include/x86_64-linux-gnu/qt5/QtGui -I/usr/include/x86_64-linux-gnu/qt5/QtXml -I/usr/include/x86_64-linux-gnu/qt5/QtXmlPatterns -I/usr/include/x86_64-linux-gnu/qt5/QtNetwork -I/usr/include/x86_64-linux-gnu/qt5/QtCore -o build/release/mtsgui/moc_sceneimporter.cc build/release/mtsgui/sceneimporter.h
g++ -o build/release/mtsgui/moc_programsettingsdlg.o -c -DGLEW_MX -O3 -Wall -g -pipe -march=nocona -msse2 -ftree-vectorize -mfpmath=sse -funsafe-math-optimizations -fno-rounding-math -fno-signaling-nans -fno-math-errno -fomit-frame-pointer -DMTS_DEBUG -DSINGLE_PRECISION -DSPECTRUM_SAMPLES=3 -DMTS_SSE -DMTS_HAS_COHERENT_RT -fopenmp -fvisibility=hidden -mtls-dialect=gnu2 -fPIC -DMTS_HAS_LIBPNG=1 -DMTS_HAS_LIBJPEG=1 -DMTS_HAS_OPENEXR=1 -DMTS_HAS_FFTW=1 -I/usr/include/eigen3 -I/usr/include/OpenEXR -Iinclude -Isrc/mtsgui -I/usr/include/x86_64-linux-gnu/qt5/QtOpenGL -I/usr/include/x86_64-linux-gnu/qt5 -I/usr/include/x86_64-linux-gnu/qt5/QtWidgets -I/usr/include/x86_64-linux-gnu/qt5/QtGui -I/usr/include/x86_64-linux-gnu/qt5/QtXml -I/usr/include/x86_64-linux-gnu/qt5/QtXmlPatterns -I/usr/include/x86_64-linux-gnu/qt5/QtNetwork -I/usr/include/x86_64-linux-gnu/qt5/QtCore build/release/mtsgui/moc_programsettingsdlg.cc
g++ -o build/release/mtsgui/moc_previewsettingsdlg.o -c -DGLEW_MX -O3 -Wall -g -pipe -march=nocona -msse2 -ftree-vectorize -mfpmath=sse -funsafe-math-optimizations -fno-rounding-math -fno-signaling-nans -fno-math-errno -fomit-frame-pointer -DMTS_DEBUG -DSINGLE_PRECISION -DSPECTRUM_SAMPLES=3 -DMTS_SSE -DMTS_HAS_COHERENT_RT -fopenmp -fvisibility=hidden -mtls-dialect=gnu2 -fPIC -DMTS_HAS_LIBPNG=1 -DMTS_HAS_LIBJPEG=1 -DMTS_HAS_OPENEXR=1 -DMTS_HAS_FFTW=1 -I/usr/include/eigen3 -I/usr/include/OpenEXR -Iinclude -Isrc/mtsgui -I/usr/include/x86_64-linux-gnu/qt5/QtOpenGL -I/usr/include/x86_64-linux-gnu/qt5 -I/usr/include/x86_64-linux-gnu/qt5/QtWidgets -I/usr/include/x86_64-linux-gnu/qt5/QtGui -I/usr/include/x86_64-linux-gnu/qt5/QtXml -I/usr/include/x86_64-linux-gnu/qt5/QtXmlPatterns -I/usr/include/x86_64-linux-gnu/qt5/QtNetwork -I/usr/include/x86_64-linux-gnu/qt5/QtCore build/release/mtsgui/moc_previewsettingsdlg.cc
g++ -o build/release/mtsgui/moc_sceneimporter.o -c -DGLEW_MX -O3 -Wall -g -pipe -march=nocona -msse2 -ftree-vectorize -mfpmath=sse -funsafe-math-optimizations -fno-rounding-math -fno-signaling-nans -fno-math-errno -fomit-frame-pointer -DMTS_DEBUG -DSINGLE_PRECISION -DSPECTRUM_SAMPLES=3 -DMTS_SSE -DMTS_HAS_COHERENT_RT -fopenmp -fvisibility=hidden -mtls-dialect=gnu2 -fPIC -DMTS_HAS_LIBPNG=1 -DMTS_HAS_LIBJPEG=1 -DMTS_HAS_OPENEXR=1 -DMTS_HAS_FFTW=1 -I/usr/include/eigen3 -I/usr/include/OpenEXR -Iinclude -Isrc/mtsgui -I/usr/include/x86_64-linux-gnu/qt5/QtOpenGL -I/usr/include/x86_64-linux-gnu/qt5 -I/usr/include/x86_64-linux-gnu/qt5/QtWidgets -I/usr/include/x86_64-linux-gnu/qt5/QtGui -I/usr/include/x86_64-linux-gnu/qt5/QtXml -I/usr/include/x86_64-linux-gnu/qt5/QtXmlPatterns -I/usr/include/x86_64-linux-gnu/qt5/QtNetwork -I/usr/include/x86_64-linux-gnu/qt5/QtCore build/release/mtsgui/moc_sceneimporter.cc
g++ -o build/release/mtsgui/moc_rendersettingsdlg.o -c -DGLEW_MX -O3 -Wall -g -pipe -march=nocona -msse2 -ftree-vectorize -mfpmath=sse -funsafe-math-optimizations -fno-rounding-math -fno-signaling-nans -fno-math-errno -fomit-frame-pointer -DMTS_DEBUG -DSINGLE_PRECISION -DSPECTRUM_SAMPLES=3 -DMTS_SSE -DMTS_HAS_COHERENT_RT -fopenmp -fvisibility=hidden -mtls-dialect=gnu2 -fPIC -DMTS_HAS_LIBPNG=1 -DMTS_HAS_LIBJPEG=1 -DMTS_HAS_OPENEXR=1 -DMTS_HAS_FFTW=1 -I/usr/include/eigen3 -I/usr/include/OpenEXR -Iinclude -Isrc/mtsgui -I/usr/include/x86_64-linux-gnu/qt5/QtOpenGL -I/usr/include/x86_64-linux-gnu/qt5 -I/usr/include/x86_64-linux-gnu/qt5/QtWidgets -I/usr/include/x86_64-linux-gnu/qt5/QtGui -I/usr/include/x86_64-linux-gnu/qt5/QtXml -I/usr/include/x86_64-linux-gnu/qt5/QtXmlPatterns -I/usr/include/x86_64-linux-gnu/qt5/QtNetwork -I/usr/include/x86_64-linux-gnu/qt5/QtCore build/release/mtsgui/moc_rendersettingsdlg.cc
"/usr/bin/moc" -I/usr/include/eigen3 -I/usr/include/OpenEXR -Iinclude -Isrc/mtsgui -I/usr/include/x86_64-linux-gnu/qt5/QtOpenGL -I/usr/include/x86_64-linux-gnu/qt5 -I/usr/include/x86_64-linux-gnu/qt5/QtWidgets -I/usr/include/x86_64-linux-gnu/qt5/QtGui -I/usr/include/x86_64-linux-gnu/qt5/QtXml -I/usr/include/x86_64-linux-gnu/qt5/QtXmlPatterns -I/usr/include/x86_64-linux-gnu/qt5/QtNetwork -I/usr/include/x86_64-linux-gnu/qt5/QtCore -o build/release/mtsgui/moc_sceneinfodlg.cc build/release/mtsgui/sceneinfodlg.h
g++ -o build/release/mtsgui/moc_sceneinfodlg.o -c -DGLEW_MX -O3 -Wall -g -pipe -march=nocona -msse2 -ftree-vectorize -mfpmath=sse -funsafe-math-optimizations -fno-rounding-math -fno-signaling-nans -fno-math-errno -fomit-frame-pointer -DMTS_DEBUG -DSINGLE_PRECISION -DSPECTRUM_SAMPLES=3 -DMTS_SSE -DMTS_HAS_COHERENT_RT -fopenmp -fvisibility=hidden -mtls-dialect=gnu2 -fPIC -DMTS_HAS_LIBPNG=1 -DMTS_HAS_LIBJPEG=1 -DMTS_HAS_OPENEXR=1 -DMTS_HAS_FFTW=1 -I/usr/include/eigen3 -I/usr/include/OpenEXR -Iinclude -Isrc/mtsgui -I/usr/include/x86_64-linux-gnu/qt5/QtOpenGL -I/usr/include/x86_64-linux-gnu/qt5 -I/usr/include/x86_64-linux-gnu/qt5/QtWidgets -I/usr/include/x86_64-linux-gnu/qt5/QtGui -I/usr/include/x86_64-linux-gnu/qt5/QtXml -I/usr/include/x86_64-linux-gnu/qt5/QtXmlPatterns -I/usr/include/x86_64-linux-gnu/qt5/QtNetwork -I/usr/include/x86_64-linux-gnu/qt5/QtCore build/release/mtsgui/moc_sceneinfodlg.cc
"/usr/bin/moc" -I/usr/include/eigen3 -I/usr/include/OpenEXR -Iinclude -Isrc/mtsgui -I/usr/include/x86_64-linux-gnu/qt5/QtOpenGL -I/usr/include/x86_64-linux-gnu/qt5 -I/usr/include/x86_64-linux-gnu/qt5/QtWidgets -I/usr/include/x86_64-linux-gnu/qt5/QtGui -I/usr/include/x86_64-linux-gnu/qt5/QtXml -I/usr/include/x86_64-linux-gnu/qt5/QtXmlPatterns -I/usr/include/x86_64-linux-gnu/qt5/QtNetwork -I/usr/include/x86_64-linux-gnu/qt5/QtCore -o build/release/mtsgui/moc_server.cc build/release/mtsgui/server.h
g++ -o build/release/mtsgui/moc_server.o -c -DGLEW_MX -O3 -Wall -g -pipe -march=nocona -msse2 -ftree-vectorize -mfpmath=sse -funsafe-math-optimizations -fno-rounding-math -fno-signaling-nans -fno-math-errno -fomit-frame-pointer -DMTS_DEBUG -DSINGLE_PRECISION -DSPECTRUM_SAMPLES=3 -DMTS_SSE -DMTS_HAS_COHERENT_RT -fopenmp -fvisibility=hidden -mtls-dialect=gnu2 -fPIC -DMTS_HAS_LIBPNG=1 -DMTS_HAS_LIBJPEG=1 -DMTS_HAS_OPENEXR=1 -DMTS_HAS_FFTW=1 -I/usr/include/eigen3 -I/usr/include/OpenEXR -Iinclude -Isrc/mtsgui -I/usr/include/x86_64-linux-gnu/qt5/QtOpenGL -I/usr/include/x86_64-linux-gnu/qt5 -I/usr/include/x86_64-linux-gnu/qt5/QtWidgets -I/usr/include/x86_64-linux-gnu/qt5/QtGui -I/usr/include/x86_64-linux-gnu/qt5/QtXml -I/usr/include/x86_64-linux-gnu/qt5/QtXmlPatterns -I/usr/include/x86_64-linux-gnu/qt5/QtNetwork -I/usr/include/x86_64-linux-gnu/qt5/QtCore build/release/mtsgui/moc_server.cc
"/usr/bin/moc" -I/usr/include/eigen3 -I/usr/include/OpenEXR -Iinclude -Isrc/mtsgui -I/usr/include/x86_64-linux-gnu/qt5/QtOpenGL -I/usr/include/x86_64-linux-gnu/qt5 -I/usr/include/x86_64-linux-gnu/qt5/QtWidgets -I/usr/include/x86_64-linux-gnu/qt5/QtGui -I/usr/include/x86_64-linux-gnu/qt5/QtXml -I/usr/include/x86_64-linux-gnu/qt5/QtXmlPatterns -I/usr/include/x86_64-linux-gnu/qt5/QtNetwork -I/usr/include/x86_64-linux-gnu/qt5/QtCore -o build/release/mtsgui/moc_tabbar.cc build/release/mtsgui/tabbar.h
"/usr/bin/moc" -I/usr/include/eigen3 -I/usr/include/OpenEXR -Iinclude -Isrc/mtsgui -I/usr/include/x86_64-linux-gnu/qt5/QtOpenGL -I/usr/include/x86_64-linux-gnu/qt5 -I/usr/include/x86_64-linux-gnu/qt5/QtWidgets -I/usr/include/x86_64-linux-gnu/qt5/QtGui -I/usr/include/x86_64-linux-gnu/qt5/QtXml -I/usr/include/x86_64-linux-gnu/qt5/QtXmlPatterns -I/usr/include/x86_64-linux-gnu/qt5/QtNetwork -I/usr/include/x86_64-linux-gnu/qt5/QtCore -o build/release/mtsgui/moc_updatedlg.cc build/release/mtsgui/updatedlg.h
g++ -o build/release/mtsgui/moc_tabbar.o -c -DGLEW_MX -O3 -Wall -g -pipe -march=nocona -msse2 -ftree-vectorize -mfpmath=sse -funsafe-math-optimizations -fno-rounding-math -fno-signaling-nans -fno-math-errno -fomit-frame-pointer -DMTS_DEBUG -DSINGLE_PRECISION -DSPECTRUM_SAMPLES=3 -DMTS_SSE -DMTS_HAS_COHERENT_RT -fopenmp -fvisibility=hidden -mtls-dialect=gnu2 -fPIC -DMTS_HAS_LIBPNG=1 -DMTS_HAS_LIBJPEG=1 -DMTS_HAS_OPENEXR=1 -DMTS_HAS_FFTW=1 -I/usr/include/eigen3 -I/usr/include/OpenEXR -Iinclude -Isrc/mtsgui -I/usr/include/x86_64-linux-gnu/qt5/QtOpenGL -I/usr/include/x86_64-linux-gnu/qt5 -I/usr/include/x86_64-linux-gnu/qt5/QtWidgets -I/usr/include/x86_64-linux-gnu/qt5/QtGui -I/usr/include/x86_64-linux-gnu/qt5/QtXml -I/usr/include/x86_64-linux-gnu/qt5/QtXmlPatterns -I/usr/include/x86_64-linux-gnu/qt5/QtNetwork -I/usr/include/x86_64-linux-gnu/qt5/QtCore build/release/mtsgui/moc_tabbar.cc
"/usr/bin/moc" -I/usr/include/eigen3 -I/usr/include/OpenEXR -Iinclude -Isrc/mtsgui -I/usr/include/x86_64-linux-gnu/qt5/QtOpenGL -I/usr/include/x86_64-linux-gnu/qt5 -I/usr/include/x86_64-linux-gnu/qt5/QtWidgets -I/usr/include/x86_64-linux-gnu/qt5/QtGui -I/usr/include/x86_64-linux-gnu/qt5/QtXml -I/usr/include/x86_64-linux-gnu/qt5/QtXmlPatterns -I/usr/include/x86_64-linux-gnu/qt5/QtNetwork -I/usr/include/x86_64-linux-gnu/qt5/QtCore -o build/release/mtsgui/moc_upgrade.cc build/release/mtsgui/upgrade.h
g++ -o build/release/mtsgui/moc_updatedlg.o -c -DGLEW_MX -O3 -Wall -g -pipe -march=nocona -msse2 -ftree-vectorize -mfpmath=sse -funsafe-math-optimizations -fno-rounding-math -fno-signaling-nans -fno-math-errno -fomit-frame-pointer -DMTS_DEBUG -DSINGLE_PRECISION -DSPECTRUM_SAMPLES=3 -DMTS_SSE -DMTS_HAS_COHERENT_RT -fopenmp -fvisibility=hidden -mtls-dialect=gnu2 -fPIC -DMTS_HAS_LIBPNG=1 -DMTS_HAS_LIBJPEG=1 -DMTS_HAS_OPENEXR=1 -DMTS_HAS_FFTW=1 -I/usr/include/eigen3 -I/usr/include/OpenEXR -Iinclude -Isrc/mtsgui -I/usr/include/x86_64-linux-gnu/qt5/QtOpenGL -I/usr/include/x86_64-linux-gnu/qt5 -I/usr/include/x86_64-linux-gnu/qt5/QtWidgets -I/usr/include/x86_64-linux-gnu/qt5/QtGui -I/usr/include/x86_64-linux-gnu/qt5/QtXml -I/usr/include/x86_64-linux-gnu/qt5/QtXmlPatterns -I/usr/include/x86_64-linux-gnu/qt5/QtNetwork -I/usr/include/x86_64-linux-gnu/qt5/QtCore build/release/mtsgui/moc_updatedlg.cc
"/usr/bin/moc" -I/usr/include/eigen3 -I/usr/include/OpenEXR -Iinclude -Isrc/mtsgui -I/usr/include/x86_64-linux-gnu/qt5/QtOpenGL -I/usr/include/x86_64-linux-gnu/qt5 -I/usr/include/x86_64-linux-gnu/qt5/QtWidgets -I/usr/include/x86_64-linux-gnu/qt5/QtGui -I/usr/include/x86_64-linux-gnu/qt5/QtXml -I/usr/include/x86_64-linux-gnu/qt5/QtXmlPatterns -I/usr/include/x86_64-linux-gnu/qt5/QtNetwork -I/usr/include/x86_64-linux-gnu/qt5/QtCore -o build/release/mtsgui/moc_xmltreemodel.cc build/release/mtsgui/xmltreemodel.h
g++ -o build/release/mtsgui/moc_upgrade.o -c -DGLEW_MX -O3 -Wall -g -pipe -march=nocona -msse2 -ftree-vectorize -mfpmath=sse -funsafe-math-optimizations -fno-rounding-math -fno-signaling-nans -fno-math-errno -fomit-frame-pointer -DMTS_DEBUG -DSINGLE_PRECISION -DSPECTRUM_SAMPLES=3 -DMTS_SSE -DMTS_HAS_COHERENT_RT -fopenmp -fvisibility=hidden -mtls-dialect=gnu2 -fPIC -DMTS_HAS_LIBPNG=1 -DMTS_HAS_LIBJPEG=1 -DMTS_HAS_OPENEXR=1 -DMTS_HAS_FFTW=1 -I/usr/include/eigen3 -I/usr/include/OpenEXR -Iinclude -Isrc/mtsgui -I/usr/include/x86_64-linux-gnu/qt5/QtOpenGL -I/usr/include/x86_64-linux-gnu/qt5 -I/usr/include/x86_64-linux-gnu/qt5/QtWidgets -I/usr/include/x86_64-linux-gnu/qt5/QtGui -I/usr/include/x86_64-linux-gnu/qt5/QtXml -I/usr/include/x86_64-linux-gnu/qt5/QtXmlPatterns -I/usr/include/x86_64-linux-gnu/qt5/QtNetwork -I/usr/include/x86_64-linux-gnu/qt5/QtCore build/release/mtsgui/moc_upgrade.cc
g++ -o build/release/mtsgui/moc_xmltreemodel.o -c -DGLEW_MX -O3 -Wall -g -pipe -march=nocona -msse2 -ftree-vectorize -mfpmath=sse -funsafe-math-optimizations -fno-rounding-math -fno-signaling-nans -fno-math-errno -fomit-frame-pointer -DMTS_DEBUG -DSINGLE_PRECISION -DSPECTRUM_SAMPLES=3 -DMTS_SSE -DMTS_HAS_COHERENT_RT -fopenmp -fvisibility=hidden -mtls-dialect=gnu2 -fPIC -DMTS_HAS_LIBPNG=1 -DMTS_HAS_LIBJPEG=1 -DMTS_HAS_OPENEXR=1 -DMTS_HAS_FFTW=1 -I/usr/include/eigen3 -I/usr/include/OpenEXR -Iinclude -Isrc/mtsgui -I/usr/include/x86_64-linux-gnu/qt5/QtOpenGL -I/usr/include/x86_64-linux-gnu/qt5 -I/usr/include/x86_64-linux-gnu/qt5/QtWidgets -I/usr/include/x86_64-linux-gnu/qt5/QtGui -I/usr/include/x86_64-linux-gnu/qt5/QtXml -I/usr/include/x86_64-linux-gnu/qt5/QtXmlPatterns -I/usr/include/x86_64-linux-gnu/qt5/QtNetwork -I/usr/include/x86_64-linux-gnu/qt5/QtCore build/release/mtsgui/moc_xmltreemodel.cc
g++ -o build/release/mtsgui/test_simdtonemap.o -c -DGLEW_MX -O3 -Wall -g -pipe -march=nocona -msse2 -ftree-vectorize -mfpmath=sse -funsafe-math-optimizations -fno-rounding-math -fno-signaling-nans -fno-math-errno -fomit-frame-pointer -DMTS_DEBUG -DSINGLE_PRECISION -DSPECTRUM_SAMPLES=3 -DMTS_SSE -DMTS_HAS_COHERENT_RT -fopenmp -fvisibility=hidden -mtls-dialect=gnu2 -fPIC -DMTS_HAS_LIBPNG=1 -DMTS_HAS_LIBJPEG=1 -DMTS_HAS_OPENEXR=1 -DMTS_HAS_FFTW=1 -I/usr/include/eigen3 -I/usr/include/OpenEXR -Iinclude -Isrc/mtsgui -I/usr/include/x86_64-linux-gnu/qt5/QtOpenGL -I/usr/include/x86_64-linux-gnu/qt5 -I/usr/include/x86_64-linux-gnu/qt5/QtWidgets -I/usr/include/x86_64-linux-gnu/qt5/QtGui -I/usr/include/x86_64-linux-gnu/qt5/QtXml -I/usr/include/x86_64-linux-gnu/qt5/QtXmlPatterns -I/usr/include/x86_64-linux-gnu/qt5/QtNetwork -I/usr/include/x86_64-linux-gnu/qt5/QtCore build/release/mtsgui/test_simdtonemap.cpp
g++ -o build/release/mtsgui/save.o -c -DGLEW_MX -O3 -Wall -g -pipe -march=nocona -msse2 -ftree-vectorize -mfpmath=sse -funsafe-math-optimizations -fno-rounding-math -fno-signaling-nans -fno-math-errno -fomit-frame-pointer -DMTS_DEBUG -DSINGLE_PRECISION -DSPECTRUM_SAMPLES=3 -DMTS_SSE -DMTS_HAS_COHERENT_RT -fopenmp -fvisibility=hidden -mtls-dialect=gnu2 -fPIC -DMTS_HAS_LIBPNG=1 -DMTS_HAS_LIBJPEG=1 -DMTS_HAS_OPENEXR=1 -DMTS_HAS_FFTW=1 -I/usr/include/eigen3 -I/usr/include/OpenEXR -Iinclude -Isrc/mtsgui -I/usr/include/x86_64-linux-gnu/qt5/QtOpenGL -I/usr/include/x86_64-linux-gnu/qt5 -I/usr/include/x86_64-linux-gnu/qt5/QtWidgets -I/usr/include/x86_64-linux-gnu/qt5/QtGui -I/usr/include/x86_64-linux-gnu/qt5/QtXml -I/usr/include/x86_64-linux-gnu/qt5/QtXmlPatterns -I/usr/include/x86_64-linux-gnu/qt5/QtNetwork -I/usr/include/x86_64-linux-gnu/qt5/QtCore build/release/mtsgui/save.cpp
g++ -o build/release/mtsgui/simdtonemap.o -c -DGLEW_MX -O3 -Wall -g -pipe -march=nocona -msse2 -ftree-vectorize -mfpmath=sse -funsafe-math-optimizations -fno-rounding-math -fno-signaling-nans -fno-math-errno -fomit-frame-pointer -DMTS_DEBUG -DSINGLE_PRECISION -DSPECTRUM_SAMPLES=3 -DMTS_SSE -DMTS_HAS_COHERENT_RT -fopenmp -fvisibility=hidden -mtls-dialect=gnu2 -fPIC -DMTS_HAS_LIBPNG=1 -DMTS_HAS_LIBJPEG=1 -DMTS_HAS_OPENEXR=1 -DMTS_HAS_FFTW=1 -I/usr/include/eigen3 -I/usr/include/OpenEXR -Iinclude -Isrc/mtsgui -I/usr/include/x86_64-linux-gnu/qt5/QtOpenGL -I/usr/include/x86_64-linux-gnu/qt5 -I/usr/include/x86_64-linux-gnu/qt5/QtWidgets -I/usr/include/x86_64-linux-gnu/qt5/QtGui -I/usr/include/x86_64-linux-gnu/qt5/QtXml -I/usr/include/x86_64-linux-gnu/qt5/QtXmlPatterns -I/usr/include/x86_64-linux-gnu/qt5/QtNetwork -I/usr/include/x86_64-linux-gnu/qt5/QtCore build/release/mtsgui/simdtonemap.cpp
g++ -o build/release/mtsgui/preview.o -c -DGLEW_MX -O3 -Wall -g -pipe -march=nocona -msse2 -ftree-vectorize -mfpmath=sse -funsafe-math-optimizations -fno-rounding-math -fno-signaling-nans -fno-math-errno -fomit-frame-pointer -DMTS_DEBUG -DSINGLE_PRECISION -DSPECTRUM_SAMPLES=3 -DMTS_SSE -DMTS_HAS_COHERENT_RT -fopenmp -fvisibility=hidden -mtls-dialect=gnu2 -fPIC -DMTS_HAS_LIBPNG=1 -DMTS_HAS_LIBJPEG=1 -DMTS_HAS_OPENEXR=1 -DMTS_HAS_FFTW=1 -I/usr/include/eigen3 -I/usr/include/OpenEXR -Iinclude -Isrc/mtsgui -I/usr/include/x86_64-linux-gnu/qt5/QtOpenGL -I/usr/include/x86_64-linux-gnu/qt5 -I/usr/include/x86_64-linux-gnu/qt5/QtWidgets -I/usr/include/x86_64-linux-gnu/qt5/QtGui -I/usr/include/x86_64-linux-gnu/qt5/QtXml -I/usr/include/x86_64-linux-gnu/qt5/QtXmlPatterns -I/usr/include/x86_64-linux-gnu/qt5/QtNetwork -I/usr/include/x86_64-linux-gnu/qt5/QtCore build/release/mtsgui/preview.cpp
g++ -o build/release/mtsgui/upgrade.o -c -DGLEW_MX -O3 -Wall -g -pipe -march=nocona -msse2 -ftree-vectorize -mfpmath=sse -funsafe-math-optimizations -fno-rounding-math -fno-signaling-nans -fno-math-errno -fomit-frame-pointer -DMTS_DEBUG -DSINGLE_PRECISION -DSPECTRUM_SAMPLES=3 -DMTS_SSE -DMTS_HAS_COHERENT_RT -fopenmp -fvisibility=hidden -mtls-dialect=gnu2 -fPIC -DMTS_HAS_LIBPNG=1 -DMTS_HAS_LIBJPEG=1 -DMTS_HAS_OPENEXR=1 -DMTS_HAS_FFTW=1 -I/usr/include/eigen3 -I/usr/include/OpenEXR -Iinclude -Isrc/mtsgui -I/usr/include/x86_64-linux-gnu/qt5/QtOpenGL -I/usr/include/x86_64-linux-gnu/qt5 -I/usr/include/x86_64-linux-gnu/qt5/QtWidgets -I/usr/include/x86_64-linux-gnu/qt5/QtGui -I/usr/include/x86_64-linux-gnu/qt5/QtXml -I/usr/include/x86_64-linux-gnu/qt5/QtXmlPatterns -I/usr/include/x86_64-linux-gnu/qt5/QtNetwork -I/usr/include/x86_64-linux-gnu/qt5/QtCore build/release/mtsgui/upgrade.cpp
g++ -o build/release/mtsgui/programsettingsdlg.o -c -DGLEW_MX -O3 -Wall -g -pipe -march=nocona -msse2 -ftree-vectorize -mfpmath=sse -funsafe-math-optimizations -fno-rounding-math -fno-signaling-nans -fno-math-errno -fomit-frame-pointer -DMTS_DEBUG -DSINGLE_PRECISION -DSPECTRUM_SAMPLES=3 -DMTS_SSE -DMTS_HAS_COHERENT_RT -fopenmp -fvisibility=hidden -mtls-dialect=gnu2 -fPIC -DMTS_HAS_LIBPNG=1 -DMTS_HAS_LIBJPEG=1 -DMTS_HAS_OPENEXR=1 -DMTS_HAS_FFTW=1 -I/usr/include/eigen3 -I/usr/include/OpenEXR -Iinclude -Isrc/mtsgui -I/usr/include/x86_64-linux-gnu/qt5/QtOpenGL -I/usr/include/x86_64-linux-gnu/qt5 -I/usr/include/x86_64-linux-gnu/qt5/QtWidgets -I/usr/include/x86_64-linux-gnu/qt5/QtGui -I/usr/include/x86_64-linux-gnu/qt5/QtXml -I/usr/include/x86_64-linux-gnu/qt5/QtXmlPatterns -I/usr/include/x86_64-linux-gnu/qt5/QtNetwork -I/usr/include/x86_64-linux-gnu/qt5/QtCore build/release/mtsgui/programsettingsdlg.cpp
"/usr/bin/uic" -o build/release/mtsgui/ui_previewsettingsdlg.h build/release/mtsgui/previewsettingsdlg.ui
g++ -o build/release/mtsgui/previewsettingsdlg.o -c -DGLEW_MX -O3 -Wall -g -pipe -march=nocona -msse2 -ftree-vectorize -mfpmath=sse -funsafe-math-optimizations -fno-rounding-math -fno-signaling-nans -fno-math-errno -fomit-frame-pointer -DMTS_DEBUG -DSINGLE_PRECISION -DSPECTRUM_SAMPLES=3 -DMTS_SSE -DMTS_HAS_COHERENT_RT -fopenmp -fvisibility=hidden -mtls-dialect=gnu2 -fPIC -DMTS_HAS_LIBPNG=1 -DMTS_HAS_LIBJPEG=1 -DMTS_HAS_OPENEXR=1 -DMTS_HAS_FFTW=1 -I/usr/include/eigen3 -I/usr/include/OpenEXR -Iinclude -Isrc/mtsgui -I/usr/include/x86_64-linux-gnu/qt5/QtOpenGL -I/usr/include/x86_64-linux-gnu/qt5 -I/usr/include/x86_64-linux-gnu/qt5/QtWidgets -I/usr/include/x86_64-linux-gnu/qt5/QtGui -I/usr/include/x86_64-linux-gnu/qt5/QtXml -I/usr/include/x86_64-linux-gnu/qt5/QtXmlPatterns -I/usr/include/x86_64-linux-gnu/qt5/QtNetwork -I/usr/include/x86_64-linux-gnu/qt5/QtCore build/release/mtsgui/previewsettingsdlg.cpp
"/usr/bin/uic" -o build/release/mtsgui/ui_updatedlg.h build/release/mtsgui/updatedlg.ui
g++ -o build/release/mtsgui/updatedlg.o -c -DGLEW_MX -O3 -Wall -g -pipe -march=nocona -msse2 -ftree-vectorize -mfpmath=sse -funsafe-math-optimizations -fno-rounding-math -fno-signaling-nans -fno-math-errno -fomit-frame-pointer -DMTS_DEBUG -DSINGLE_PRECISION -DSPECTRUM_SAMPLES=3 -DMTS_SSE -DMTS_HAS_COHERENT_RT -fopenmp -fvisibility=hidden -mtls-dialect=gnu2 -fPIC -DMTS_HAS_LIBPNG=1 -DMTS_HAS_LIBJPEG=1 -DMTS_HAS_OPENEXR=1 -DMTS_HAS_FFTW=1 -I/usr/include/eigen3 -I/usr/include/OpenEXR -Iinclude -Isrc/mtsgui -I/usr/include/x86_64-linux-gnu/qt5/QtOpenGL -I/usr/include/x86_64-linux-gnu/qt5 -I/usr/include/x86_64-linux-gnu/qt5/QtWidgets -I/usr/include/x86_64-linux-gnu/qt5/QtGui -I/usr/include/x86_64-linux-gnu/qt5/QtXml -I/usr/include/x86_64-linux-gnu/qt5/QtXmlPatterns -I/usr/include/x86_64-linux-gnu/qt5/QtNetwork -I/usr/include/x86_64-linux-gnu/qt5/QtCore build/release/mtsgui/updatedlg.cpp
g++ -o build/release/mtsgui/xmltreemodel.o -c -DGLEW_MX -O3 -Wall -g -pipe -march=nocona -msse2 -ftree-vectorize -mfpmath=sse -funsafe-math-optimizations -fno-rounding-math -fno-signaling-nans -fno-math-errno -fomit-frame-pointer -DMTS_DEBUG -DSINGLE_PRECISION -DSPECTRUM_SAMPLES=3 -DMTS_SSE -DMTS_HAS_COHERENT_RT -fopenmp -fvisibility=hidden -mtls-dialect=gnu2 -fPIC -DMTS_HAS_LIBPNG=1 -DMTS_HAS_LIBJPEG=1 -DMTS_HAS_OPENEXR=1 -DMTS_HAS_FFTW=1 -I/usr/include/eigen3 -I/usr/include/OpenEXR -Iinclude -Isrc/mtsgui -I/usr/include/x86_64-linux-gnu/qt5/QtOpenGL -I/usr/include/x86_64-linux-gnu/qt5 -I/usr/include/x86_64-linux-gnu/qt5/QtWidgets -I/usr/include/x86_64-linux-gnu/qt5/QtGui -I/usr/include/x86_64-linux-gnu/qt5/QtXml -I/usr/include/x86_64-linux-gnu/qt5/QtXmlPatterns -I/usr/include/x86_64-linux-gnu/qt5/QtNetwork -I/usr/include/x86_64-linux-gnu/qt5/QtCore build/release/mtsgui/xmltreemodel.cpp
g++ -o build/release/mtsgui/server.o -c -DGLEW_MX -O3 -Wall -g -pipe -march=nocona -msse2 -ftree-vectorize -mfpmath=sse -funsafe-math-optimizations -fno-rounding-math -fno-signaling-nans -fno-math-errno -fomit-frame-pointer -DMTS_DEBUG -DSINGLE_PRECISION -DSPECTRUM_SAMPLES=3 -DMTS_SSE -DMTS_HAS_COHERENT_RT -fopenmp -fvisibility=hidden -mtls-dialect=gnu2 -fPIC -DMTS_HAS_LIBPNG=1 -DMTS_HAS_LIBJPEG=1 -DMTS_HAS_OPENEXR=1 -DMTS_HAS_FFTW=1 -I/usr/include/eigen3 -I/usr/include/OpenEXR -Iinclude -Isrc/mtsgui -I/usr/include/x86_64-linux-gnu/qt5/QtOpenGL -I/usr/include/x86_64-linux-gnu/qt5 -I/usr/include/x86_64-linux-gnu/qt5/QtWidgets -I/usr/include/x86_64-linux-gnu/qt5/QtGui -I/usr/include/x86_64-linux-gnu/qt5/QtXml -I/usr/include/x86_64-linux-gnu/qt5/QtXmlPatterns -I/usr/include/x86_64-linux-gnu/qt5/QtNetwork -I/usr/include/x86_64-linux-gnu/qt5/QtCore build/release/mtsgui/server.cpp
g++ -o build/release/mtsgui/sceneloader.o -c -DGLEW_MX -O3 -Wall -g -pipe -march=nocona -msse2 -ftree-vectorize -mfpmath=sse -funsafe-math-optimizations -fno-rounding-math -fno-signaling-nans -fno-math-errno -fomit-frame-pointer -DMTS_DEBUG -DSINGLE_PRECISION -DSPECTRUM_SAMPLES=3 -DMTS_SSE -DMTS_HAS_COHERENT_RT -fopenmp -fvisibility=hidden -mtls-dialect=gnu2 -fPIC -DMTS_HAS_LIBPNG=1 -DMTS_HAS_LIBJPEG=1 -DMTS_HAS_OPENEXR=1 -DMTS_HAS_FFTW=1 -I/usr/include/eigen3 -I/usr/include/OpenEXR -Iinclude -Isrc/mtsgui -I/usr/include/x86_64-linux-gnu/qt5/QtOpenGL -I/usr/include/x86_64-linux-gnu/qt5 -I/usr/include/x86_64-linux-gnu/qt5/QtWidgets -I/usr/include/x86_64-linux-gnu/qt5/QtGui -I/usr/include/x86_64-linux-gnu/qt5/QtXml -I/usr/include/x86_64-linux-gnu/qt5/QtXmlPatterns -I/usr/include/x86_64-linux-gnu/qt5/QtNetwork -I/usr/include/x86_64-linux-gnu/qt5/QtCore build/release/mtsgui/sceneloader.cpp
"/usr/bin/uic" -o build/release/mtsgui/ui_sceneinfodlg.h build/release/mtsgui/sceneinfodlg.ui
g++ -o build/release/mtsgui/sceneinfodlg.o -c -DGLEW_MX -O3 -Wall -g -pipe -march=nocona -msse2 -ftree-vectorize -mfpmath=sse -funsafe-math-optimizations -fno-rounding-math -fno-signaling-nans -fno-math-errno -fomit-frame-pointer -DMTS_DEBUG -DSINGLE_PRECISION -DSPECTRUM_SAMPLES=3 -DMTS_SSE -DMTS_HAS_COHERENT_RT -fopenmp -fvisibility=hidden -mtls-dialect=gnu2 -fPIC -DMTS_HAS_LIBPNG=1 -DMTS_HAS_LIBJPEG=1 -DMTS_HAS_OPENEXR=1 -DMTS_HAS_FFTW=1 -I/usr/include/eigen3 -I/usr/include/OpenEXR -Iinclude -Isrc/mtsgui -I/usr/include/x86_64-linux-gnu/qt5/QtOpenGL -I/usr/include/x86_64-linux-gnu/qt5 -I/usr/include/x86_64-linux-gnu/qt5/QtWidgets -I/usr/include/x86_64-linux-gnu/qt5/QtGui -I/usr/include/x86_64-linux-gnu/qt5/QtXml -I/usr/include/x86_64-linux-gnu/qt5/QtXmlPatterns -I/usr/include/x86_64-linux-gnu/qt5/QtNetwork -I/usr/include/x86_64-linux-gnu/qt5/QtCore build/release/mtsgui/sceneinfodlg.cpp
"/usr/bin/uic" -o build/release/mtsgui/ui_rendersettingsdlg.h build/release/mtsgui/rendersettingsdlg.ui
g++ -o build/release/mtsgui/rendersettingsdlg.o -c -DGLEW_MX -O3 -Wall -g -pipe -march=nocona -msse2 -ftree-vectorize -mfpmath=sse -funsafe-math-optimizations -fno-rounding-math -fno-signaling-nans -fno-math-errno -fomit-frame-pointer -DMTS_DEBUG -DSINGLE_PRECISION -DSPECTRUM_SAMPLES=3 -DMTS_SSE -DMTS_HAS_COHERENT_RT -fopenmp -fvisibility=hidden -mtls-dialect=gnu2 -fPIC -DMTS_HAS_LIBPNG=1 -DMTS_HAS_LIBJPEG=1 -DMTS_HAS_OPENEXR=1 -DMTS_HAS_FFTW=1 -I/usr/include/eigen3 -I/usr/include/OpenEXR -Iinclude -Isrc/mtsgui -I/usr/include/x86_64-linux-gnu/qt5/QtOpenGL -I/usr/include/x86_64-linux-gnu/qt5 -I/usr/include/x86_64-linux-gnu/qt5/QtWidgets -I/usr/include/x86_64-linux-gnu/qt5/QtGui -I/usr/include/x86_64-linux-gnu/qt5/QtXml -I/usr/include/x86_64-linux-gnu/qt5/QtXmlPatterns -I/usr/include/x86_64-linux-gnu/qt5/QtNetwork -I/usr/include/x86_64-linux-gnu/qt5/QtCore build/release/mtsgui/rendersettingsdlg.cpp
g++ -o build/release/mtsgui/symlinks_auth.o -c -DGLEW_MX -O3 -Wall -g -pipe -march=nocona -msse2 -ftree-vectorize -mfpmath=sse -funsafe-math-optimizations -fno-rounding-math -fno-signaling-nans -fno-math-errno -fomit-frame-pointer -DMTS_DEBUG -DSINGLE_PRECISION -DSPECTRUM_SAMPLES=3 -DMTS_SSE -DMTS_HAS_COHERENT_RT -fopenmp -fvisibility=hidden -mtls-dialect=gnu2 -fPIC -DMTS_HAS_LIBPNG=1 -DMTS_HAS_LIBJPEG=1 -DMTS_HAS_OPENEXR=1 -DMTS_HAS_FFTW=1 -I/usr/include/eigen3 -I/usr/include/OpenEXR -Iinclude -Isrc/mtsgui -I/usr/include/x86_64-linux-gnu/qt5/QtOpenGL -I/usr/include/x86_64-linux-gnu/qt5 -I/usr/include/x86_64-linux-gnu/qt5/QtWidgets -I/usr/include/x86_64-linux-gnu/qt5/QtGui -I/usr/include/x86_64-linux-gnu/qt5/QtXml -I/usr/include/x86_64-linux-gnu/qt5/QtXmlPatterns -I/usr/include/x86_64-linux-gnu/qt5/QtNetwork -I/usr/include/x86_64-linux-gnu/qt5/QtCore build/release/mtsgui/symlinks_auth.cpp
g++ -o build/release/mtsgui/tabbar.o -c -DGLEW_MX -O3 -Wall -g -pipe -march=nocona -msse2 -ftree-vectorize -mfpmath=sse -funsafe-math-optimizations -fno-rounding-math -fno-signaling-nans -fno-math-errno -fomit-frame-pointer -DMTS_DEBUG -DSINGLE_PRECISION -DSPECTRUM_SAMPLES=3 -DMTS_SSE -DMTS_HAS_COHERENT_RT -fopenmp -fvisibility=hidden -mtls-dialect=gnu2 -fPIC -DMTS_HAS_LIBPNG=1 -DMTS_HAS_LIBJPEG=1 -DMTS_HAS_OPENEXR=1 -DMTS_HAS_FFTW=1 -I/usr/include/eigen3 -I/usr/include/OpenEXR -Iinclude -Isrc/mtsgui -I/usr/include/x86_64-linux-gnu/qt5/QtOpenGL -I/usr/include/x86_64-linux-gnu/qt5 -I/usr/include/x86_64-linux-gnu/qt5/QtWidgets -I/usr/include/x86_64-linux-gnu/qt5/QtGui -I/usr/include/x86_64-linux-gnu/qt5/QtXml -I/usr/include/x86_64-linux-gnu/qt5/QtXmlPatterns -I/usr/include/x86_64-linux-gnu/qt5/QtNetwork -I/usr/include/x86_64-linux-gnu/qt5/QtCore build/release/mtsgui/tabbar.cpp
g++ -o build/release/mtsgui/sceneimporter.o -c -DGLEW_MX -O3 -Wall -g -pipe -march=nocona -msse2 -ftree-vectorize -mfpmath=sse -funsafe-math-optimizations -fno-rounding-math -fno-signaling-nans -fno-math-errno -fomit-frame-pointer -DMTS_DEBUG -DSINGLE_PRECISION -DSPECTRUM_SAMPLES=3 -DMTS_SSE -DMTS_HAS_COHERENT_RT -fopenmp -fvisibility=hidden -mtls-dialect=gnu2 -fPIC -DMTS_HAS_LIBPNG=1 -DMTS_HAS_LIBJPEG=1 -DMTS_HAS_OPENEXR=1 -DMTS_HAS_FFTW=1 -I/usr/include/eigen3 -I/usr/include/OpenEXR -Iinclude -Isrc/mtsgui -I/usr/include/x86_64-linux-gnu/qt5/QtOpenGL -I/usr/include/x86_64-linux-gnu/qt5 -I/usr/include/x86_64-linux-gnu/qt5/QtWidgets -I/usr/include/x86_64-linux-gnu/qt5/QtGui -I/usr/include/x86_64-linux-gnu/qt5/QtXml -I/usr/include/x86_64-linux-gnu/qt5/QtXmlPatterns -I/usr/include/x86_64-linux-gnu/qt5/QtNetwork -I/usr/include/x86_64-linux-gnu/qt5/QtCore build/release/mtsgui/sceneimporter.cpp
"/usr/bin/rcc" build/release/mtsgui/resources.qrc -o build/release/mtsgui/qrc_resources.cc
g++ -o build/release/phase/hg.os -c -O3 -Wall -g -pipe -march=nocona -msse2 -ftree-vectorize -mfpmath=sse -funsafe-math-optimizations -fno-rounding-math -fno-signaling-nans -fno-math-errno -fomit-frame-pointer -DMTS_DEBUG -DSINGLE_PRECISION -DSPECTRUM_SAMPLES=3 -DMTS_SSE -DMTS_HAS_COHERENT_RT -fopenmp -fvisibility=hidden -mtls-dialect=gnu2 -fPIC -fPIC -DMTS_HAS_LIBPNG=1 -DMTS_HAS_LIBJPEG=1 -DMTS_HAS_OPENEXR=1 -DMTS_HAS_FFTW=1 -I/usr/include/eigen3 -I/usr/include/OpenEXR -Iinclude src/phase/hg.cpp
g++ -o build/release/mtsgui/qrc_resources.o -c -DGLEW_MX -O3 -Wall -g -pipe -march=nocona -msse2 -ftree-vectorize -mfpmath=sse -funsafe-math-optimizations -fno-rounding-math -fno-signaling-nans -fno-math-errno -fomit-frame-pointer -DMTS_DEBUG -DSINGLE_PRECISION -DSPECTRUM_SAMPLES=3 -DMTS_SSE -DMTS_HAS_COHERENT_RT -fopenmp -fvisibility=hidden -mtls-dialect=gnu2 -fPIC -DMTS_HAS_LIBPNG=1 -DMTS_HAS_LIBJPEG=1 -DMTS_HAS_OPENEXR=1 -DMTS_HAS_FFTW=1 -I/usr/include/eigen3 -I/usr/include/OpenEXR -Iinclude -Isrc/mtsgui -I/usr/include/x86_64-linux-gnu/qt5/QtOpenGL -I/usr/include/x86_64-linux-gnu/qt5 -I/usr/include/x86_64-linux-gnu/qt5/QtWidgets -I/usr/include/x86_64-linux-gnu/qt5/QtGui -I/usr/include/x86_64-linux-gnu/qt5/QtXml -I/usr/include/x86_64-linux-gnu/qt5/QtXmlPatterns -I/usr/include/x86_64-linux-gnu/qt5/QtNetwork -I/usr/include/x86_64-linux-gnu/qt5/QtCore build/release/mtsgui/qrc_resources.cc
g++ -o build/release/phase/isotropic.os -c -O3 -Wall -g -pipe -march=nocona -msse2 -ftree-vectorize -mfpmath=sse -funsafe-math-optimizations -fno-rounding-math -fno-signaling-nans -fno-math-errno -fomit-frame-pointer -DMTS_DEBUG -DSINGLE_PRECISION -DSPECTRUM_SAMPLES=3 -DMTS_SSE -DMTS_HAS_COHERENT_RT -fopenmp -fvisibility=hidden -mtls-dialect=gnu2 -fPIC -fPIC -DMTS_HAS_LIBPNG=1 -DMTS_HAS_LIBJPEG=1 -DMTS_HAS_OPENEXR=1 -DMTS_HAS_FFTW=1 -I/usr/include/eigen3 -I/usr/include/OpenEXR -Iinclude src/phase/isotropic.cpp
g++ -o build/release/phase/hg.so -rdynamic -shared -fPIC -lstdc++ build/release/phase/hg.os -Lbuild/release/libcore -Lsrc/libcore -Lbuild/release/librender -Lsrc/librender -Lbuild/release/libhw -Lsrc/libhw -Lbuild/release/libbidir -Lsrc/libbidir -lboost_system -lboost_filesystem -lboost_thread -ldl -lm -lpthread -lgomp -lmitsuba-core -lmitsuba-render -lmitsuba-hw
g++ -o build/release/phase/kkay.os -c -O3 -Wall -g -pipe -march=nocona -msse2 -ftree-vectorize -mfpmath=sse -funsafe-math-optimizations -fno-rounding-math -fno-signaling-nans -fno-math-errno -fomit-frame-pointer -DMTS_DEBUG -DSINGLE_PRECISION -DSPECTRUM_SAMPLES=3 -DMTS_SSE -DMTS_HAS_COHERENT_RT -fopenmp -fvisibility=hidden -mtls-dialect=gnu2 -fPIC -fPIC -DMTS_HAS_LIBPNG=1 -DMTS_HAS_LIBJPEG=1 -DMTS_HAS_OPENEXR=1 -DMTS_HAS_FFTW=1 -I/usr/include/eigen3 -I/usr/include/OpenEXR -Iinclude src/phase/kkay.cpp
g++ -o build/release/phase/isotropic.so -rdynamic -shared -fPIC -lstdc++ build/release/phase/isotropic.os -Lbuild/release/libcore -Lsrc/libcore -Lbuild/release/librender -Lsrc/librender -Lbuild/release/libhw -Lsrc/libhw -Lbuild/release/libbidir -Lsrc/libbidir -lboost_system -lboost_filesystem -lboost_thread -ldl -lm -lpthread -lgomp -lmitsuba-core -lmitsuba-render -lmitsuba-hw
g++ -o build/release/phase/microflake.os -c -O3 -Wall -g -pipe -march=nocona -msse2 -ftree-vectorize -mfpmath=sse -funsafe-math-optimizations -fno-rounding-math -fno-signaling-nans -fno-math-errno -fomit-frame-pointer -DMTS_DEBUG -DSINGLE_PRECISION -DSPECTRUM_SAMPLES=3 -DMTS_SSE -DMTS_HAS_COHERENT_RT -fopenmp -fvisibility=hidden -mtls-dialect=gnu2 -fPIC -fPIC -DMTS_HAS_LIBPNG=1 -DMTS_HAS_LIBJPEG=1 -DMTS_HAS_OPENEXR=1 -DMTS_HAS_FFTW=1 -I/usr/include/eigen3 -I/usr/include/OpenEXR -Iinclude src/phase/microflake.cpp
g++ -o build/release/phase/mixturephase.os -c -O3 -Wall -g -pipe -march=nocona -msse2 -ftree-vectorize -mfpmath=sse -funsafe-math-optimizations -fno-rounding-math -fno-signaling-nans -fno-math-errno -fomit-frame-pointer -DMTS_DEBUG -DSINGLE_PRECISION -DSPECTRUM_SAMPLES=3 -DMTS_SSE -DMTS_HAS_COHERENT_RT -fopenmp -fvisibility=hidden -mtls-dialect=gnu2 -fPIC -fPIC -DMTS_HAS_LIBPNG=1 -DMTS_HAS_LIBJPEG=1 -DMTS_HAS_OPENEXR=1 -DMTS_HAS_FFTW=1 -I/usr/include/eigen3 -I/usr/include/OpenEXR -Iinclude src/phase/mixturephase.cpp
g++ -o build/release/phase/kkay.so -rdynamic -shared -fPIC -lstdc++ build/release/phase/kkay.os -Lbuild/release/libcore -Lsrc/libcore -Lbuild/release/librender -Lsrc/librender -Lbuild/release/libhw -Lsrc/libhw -Lbuild/release/libbidir -Lsrc/libbidir -lboost_system -lboost_filesystem -lboost_thread -ldl -lm -lpthread -lgomp -lmitsuba-core -lmitsuba-render -lmitsuba-hw
g++ -o build/release/phase/rayleigh.os -c -O3 -Wall -g -pipe -march=nocona -msse2 -ftree-vectorize -mfpmath=sse -funsafe-math-optimizations -fno-rounding-math -fno-signaling-nans -fno-math-errno -fomit-frame-pointer -DMTS_DEBUG -DSINGLE_PRECISION -DSPECTRUM_SAMPLES=3 -DMTS_SSE -DMTS_HAS_COHERENT_RT -fopenmp -fvisibility=hidden -mtls-dialect=gnu2 -fPIC -fPIC -DMTS_HAS_LIBPNG=1 -DMTS_HAS_LIBJPEG=1 -DMTS_HAS_OPENEXR=1 -DMTS_HAS_FFTW=1 -I/usr/include/eigen3 -I/usr/include/OpenEXR -Iinclude src/phase/rayleigh.cpp
g++ -o build/release/rfilters/box.os -c -O3 -Wall -g -pipe -march=nocona -msse2 -ftree-vectorize -mfpmath=sse -funsafe-math-optimizations -fno-rounding-math -fno-signaling-nans -fno-math-errno -fomit-frame-pointer -DMTS_DEBUG -DSINGLE_PRECISION -DSPECTRUM_SAMPLES=3 -DMTS_SSE -DMTS_HAS_COHERENT_RT -fopenmp -fvisibility=hidden -mtls-dialect=gnu2 -fPIC -fPIC -DMTS_HAS_LIBPNG=1 -DMTS_HAS_LIBJPEG=1 -DMTS_HAS_OPENEXR=1 -DMTS_HAS_FFTW=1 -I/usr/include/eigen3 -I/usr/include/OpenEXR -Iinclude src/rfilters/box.cpp
g++ -o build/release/rfilters/catmullrom.os -c -O3 -Wall -g -pipe -march=nocona -msse2 -ftree-vectorize -mfpmath=sse -funsafe-math-optimizations -fno-rounding-math -fno-signaling-nans -fno-math-errno -fomit-frame-pointer -DMTS_DEBUG -DSINGLE_PRECISION -DSPECTRUM_SAMPLES=3 -DMTS_SSE -DMTS_HAS_COHERENT_RT -fopenmp -fvisibility=hidden -mtls-dialect=gnu2 -fPIC -fPIC -DMTS_HAS_LIBPNG=1 -DMTS_HAS_LIBJPEG=1 -DMTS_HAS_OPENEXR=1 -DMTS_HAS_FFTW=1 -I/usr/include/eigen3 -I/usr/include/OpenEXR -Iinclude src/rfilters/catmullrom.cpp
g++ -o build/release/mtsgui/mtsgui build/release/mtsgui/main.o build/release/mtsgui/loaddlg.o build/release/mtsgui/test_simdtonemap.o build/release/mtsgui/save.o build/release/mtsgui/simdtonemap.o build/release/mtsgui/addserverdlg.o build/release/mtsgui/preview.o build/release/mtsgui/upgrade.o build/release/mtsgui/logwidget.o build/release/mtsgui/importdlg.o build/release/mtsgui/programsettingsdlg.o build/release/mtsgui/acknowledgmentdlg.o build/release/mtsgui/aboutdlg.o build/release/mtsgui/locateresourcedlg.o build/release/mtsgui/previewsettingsdlg.o build/release/mtsgui/updatedlg.o build/release/mtsgui/glwidget.o build/release/mtsgui/xmltreemodel.o build/release/mtsgui/server.o build/release/mtsgui/sceneloader.o build/release/mtsgui/sceneinfodlg.o build/release/mtsgui/rendersettingsdlg.o build/release/mtsgui/symlinks_auth.o build/release/mtsgui/tabbar.o build/release/mtsgui/sceneimporter.o build/release/mtsgui/mainwindow.o build/release/mtsgui/qrc_resources.o build/release/mtsgui/moc_loaddlg.o build/release/mtsgui/moc_addserverdlg.o build/release/mtsgui/moc_preview.o build/release/mtsgui/moc_upgrade.o build/release/mtsgui/moc_logwidget.o build/release/mtsgui/moc_importdlg.o build/release/mtsgui/moc_programsettingsdlg.o build/release/mtsgui/moc_acknowledgmentdlg.o build/release/mtsgui/moc_aboutdlg.o build/release/mtsgui/moc_locateresourcedlg.o build/release/mtsgui/moc_previewsettingsdlg.o build/release/mtsgui/moc_updatedlg.o build/release/mtsgui/moc_glwidget.o build/release/mtsgui/moc_xmltreemodel.o build/release/mtsgui/moc_server.o build/release/mtsgui/moc_sceneinfodlg.o build/release/mtsgui/moc_rendersettingsdlg.o build/release/mtsgui/moc_tabbar.o build/release/mtsgui/moc_sceneimporter.o build/release/mtsgui/moc_mainwindow.o -Lbuild/release/libcore -Lsrc/libcore -Lbuild/release/librender -Lsrc/librender -Lbuild/release/libhw -Lsrc/libhw -Lbuild/release/libbidir -Lsrc/libbidir -lGL -lGLU -lGLEWmx -lXxf86vm -lX11 -lxerces-c -lboost_system -lboost_filesystem -lboost_thread -ldl -lm -lpthread -lgomp -lmitsuba-core -lmitsuba-render -lmitsuba-hw -lQt5OpenGL -lQt5Widgets -lQt5Gui -lQt5Xml -lQt5XmlPatterns -lQt5Network -lQt5Core
g++ -o build/release/rfilters/catmullrom.so -rdynamic -shared -fPIC -lstdc++ build/release/rfilters/catmullrom.os -Lbuild/release/libcore -Lsrc/libcore -Lbuild/release/librender -Lsrc/librender -Lbuild/release/libhw -Lsrc/libhw -Lbuild/release/libbidir -Lsrc/libbidir -lboost_system -lboost_filesystem -lboost_thread -ldl -lm -lpthread -lgomp -lmitsuba-core -lmitsuba-render -lmitsuba-hw
g++ -o build/release/rfilters/box.so -rdynamic -shared -fPIC -lstdc++ build/release/rfilters/box.os -Lbuild/release/libcore -Lsrc/libcore -Lbuild/release/librender -Lsrc/librender -Lbuild/release/libhw -Lsrc/libhw -Lbuild/release/libbidir -Lsrc/libbidir -lboost_system -lboost_filesystem -lboost_thread -ldl -lm -lpthread -lgomp -lmitsuba-core -lmitsuba-render -lmitsuba-hw
g++ -o build/release/rfilters/gaussian.os -c -O3 -Wall -g -pipe -march=nocona -msse2 -ftree-vectorize -mfpmath=sse -funsafe-math-optimizations -fno-rounding-math -fno-signaling-nans -fno-math-errno -fomit-frame-pointer -DMTS_DEBUG -DSINGLE_PRECISION -DSPECTRUM_SAMPLES=3 -DMTS_SSE -DMTS_HAS_COHERENT_RT -fopenmp -fvisibility=hidden -mtls-dialect=gnu2 -fPIC -fPIC -DMTS_HAS_LIBPNG=1 -DMTS_HAS_LIBJPEG=1 -DMTS_HAS_OPENEXR=1 -DMTS_HAS_FFTW=1 -I/usr/include/eigen3 -I/usr/include/OpenEXR -Iinclude src/rfilters/gaussian.cpp
g++ -o build/release/rfilters/lanczos.os -c -O3 -Wall -g -pipe -march=nocona -msse2 -ftree-vectorize -mfpmath=sse -funsafe-math-optimizations -fno-rounding-math -fno-signaling-nans -fno-math-errno -fomit-frame-pointer -DMTS_DEBUG -DSINGLE_PRECISION -DSPECTRUM_SAMPLES=3 -DMTS_SSE -DMTS_HAS_COHERENT_RT -fopenmp -fvisibility=hidden -mtls-dialect=gnu2 -fPIC -fPIC -DMTS_HAS_LIBPNG=1 -DMTS_HAS_LIBJPEG=1 -DMTS_HAS_OPENEXR=1 -DMTS_HAS_FFTW=1 -I/usr/include/eigen3 -I/usr/include/OpenEXR -Iinclude src/rfilters/lanczos.cpp
g++ -o build/release/phase/rayleigh.so -rdynamic -shared -fPIC -lstdc++ build/release/phase/rayleigh.os -Lbuild/release/libcore -Lsrc/libcore -Lbuild/release/librender -Lsrc/librender -Lbuild/release/libhw -Lsrc/libhw -Lbuild/release/libbidir -Lsrc/libbidir -lboost_system -lboost_filesystem -lboost_thread -ldl -lm -lpthread -lgomp -lmitsuba-core -lmitsuba-render -lmitsuba-hw
g++ -o build/release/rfilters/mitchell.os -c -O3 -Wall -g -pipe -march=nocona -msse2 -ftree-vectorize -mfpmath=sse -funsafe-math-optimizations -fno-rounding-math -fno-signaling-nans -fno-math-errno -fomit-frame-pointer -DMTS_DEBUG -DSINGLE_PRECISION -DSPECTRUM_SAMPLES=3 -DMTS_SSE -DMTS_HAS_COHERENT_RT -fopenmp -fvisibility=hidden -mtls-dialect=gnu2 -fPIC -fPIC -DMTS_HAS_LIBPNG=1 -DMTS_HAS_LIBJPEG=1 -DMTS_HAS_OPENEXR=1 -DMTS_HAS_FFTW=1 -I/usr/include/eigen3 -I/usr/include/OpenEXR -Iinclude src/rfilters/mitchell.cpp
g++ -o build/release/rfilters/gaussian.so -rdynamic -shared -fPIC -lstdc++ build/release/rfilters/gaussian.os -Lbuild/release/libcore -Lsrc/libcore -Lbuild/release/librender -Lsrc/librender -Lbuild/release/libhw -Lsrc/libhw -Lbuild/release/libbidir -Lsrc/libbidir -lboost_system -lboost_filesystem -lboost_thread -ldl -lm -lpthread -lgomp -lmitsuba-core -lmitsuba-render -lmitsuba-hw
g++ -o build/release/phase/mixturephase.so -rdynamic -shared -fPIC -lstdc++ build/release/phase/mixturephase.os -Lbuild/release/libcore -Lsrc/libcore -Lbuild/release/librender -Lsrc/librender -Lbuild/release/libhw -Lsrc/libhw -Lbuild/release/libbidir -Lsrc/libbidir -lboost_system -lboost_filesystem -lboost_thread -ldl -lm -lpthread -lgomp -lmitsuba-core -lmitsuba-render -lmitsuba-hw
g++ -o build/release/rfilters/tent.os -c -O3 -Wall -g -pipe -march=nocona -msse2 -ftree-vectorize -mfpmath=sse -funsafe-math-optimizations -fno-rounding-math -fno-signaling-nans -fno-math-errno -fomit-frame-pointer -DMTS_DEBUG -DSINGLE_PRECISION -DSPECTRUM_SAMPLES=3 -DMTS_SSE -DMTS_HAS_COHERENT_RT -fopenmp -fvisibility=hidden -mtls-dialect=gnu2 -fPIC -fPIC -DMTS_HAS_LIBPNG=1 -DMTS_HAS_LIBJPEG=1 -DMTS_HAS_OPENEXR=1 -DMTS_HAS_FFTW=1 -I/usr/include/eigen3 -I/usr/include/OpenEXR -Iinclude src/rfilters/tent.cpp
g++ -o build/release/phase/microflake.so -rdynamic -shared -fPIC -lstdc++ build/release/phase/microflake.os -Lbuild/release/libcore -Lsrc/libcore -Lbuild/release/librender -Lsrc/librender -Lbuild/release/libhw -Lsrc/libhw -Lbuild/release/libbidir -Lsrc/libbidir -lboost_system -lboost_filesystem -lboost_thread -ldl -lm -lpthread -lgomp -lmitsuba-core -lmitsuba-render -lmitsuba-hw
g++ -o build/release/samplers/faure.os -c -O3 -Wall -g -pipe -march=nocona -msse2 -ftree-vectorize -mfpmath=sse -funsafe-math-optimizations -fno-rounding-math -fno-signaling-nans -fno-math-errno -fomit-frame-pointer -DMTS_DEBUG -DSINGLE_PRECISION -DSPECTRUM_SAMPLES=3 -DMTS_SSE -DMTS_HAS_COHERENT_RT -fopenmp -fvisibility=hidden -mtls-dialect=gnu2 -fPIC -fPIC -DMTS_HAS_LIBPNG=1 -DMTS_HAS_LIBJPEG=1 -DMTS_HAS_OPENEXR=1 -DMTS_HAS_FFTW=1 -I/usr/include/eigen3 -I/usr/include/OpenEXR -Iinclude src/samplers/faure.cpp
g++ -o build/release/rfilters/lanczos.so -rdynamic -shared -fPIC -lstdc++ build/release/rfilters/lanczos.os -Lbuild/release/libcore -Lsrc/libcore -Lbuild/release/librender -Lsrc/librender -Lbuild/release/libhw -Lsrc/libhw -Lbuild/release/libbidir -Lsrc/libbidir -lboost_system -lboost_filesystem -lboost_thread -ldl -lm -lpthread -lgomp -lmitsuba-core -lmitsuba-render -lmitsuba-hw
g++ -o build/release/samplers/halton.os -c -O3 -Wall -g -pipe -march=nocona -msse2 -ftree-vectorize -mfpmath=sse -funsafe-math-optimizations -fno-rounding-math -fno-signaling-nans -fno-math-errno -fomit-frame-pointer -DMTS_DEBUG -DSINGLE_PRECISION -DSPECTRUM_SAMPLES=3 -DMTS_SSE -DMTS_HAS_COHERENT_RT -fopenmp -fvisibility=hidden -mtls-dialect=gnu2 -fPIC -fPIC -DMTS_HAS_LIBPNG=1 -DMTS_HAS_LIBJPEG=1 -DMTS_HAS_OPENEXR=1 -DMTS_HAS_FFTW=1 -I/usr/include/eigen3 -I/usr/include/OpenEXR -Iinclude src/samplers/halton.cpp
g++ -o build/release/rfilters/mitchell.so -rdynamic -shared -fPIC -lstdc++ build/release/rfilters/mitchell.os -Lbuild/release/libcore -Lsrc/libcore -Lbuild/release/librender -Lsrc/librender -Lbuild/release/libhw -Lsrc/libhw -Lbuild/release/libbidir -Lsrc/libbidir -lboost_system -lboost_filesystem -lboost_thread -ldl -lm -lpthread -lgomp -lmitsuba-core -lmitsuba-render -lmitsuba-hw
g++ -o build/release/samplers/hammersley.os -c -O3 -Wall -g -pipe -march=nocona -msse2 -ftree-vectorize -mfpmath=sse -funsafe-math-optimizations -fno-rounding-math -fno-signaling-nans -fno-math-errno -fomit-frame-pointer -DMTS_DEBUG -DSINGLE_PRECISION -DSPECTRUM_SAMPLES=3 -DMTS_SSE -DMTS_HAS_COHERENT_RT -fopenmp -fvisibility=hidden -mtls-dialect=gnu2 -fPIC -fPIC -DMTS_HAS_LIBPNG=1 -DMTS_HAS_LIBJPEG=1 -DMTS_HAS_OPENEXR=1 -DMTS_HAS_FFTW=1 -I/usr/include/eigen3 -I/usr/include/OpenEXR -Iinclude src/samplers/hammersley.cpp
g++ -o build/release/samplers/independent.os -c -O3 -Wall -g -pipe -march=nocona -msse2 -ftree-vectorize -mfpmath=sse -funsafe-math-optimizations -fno-rounding-math -fno-signaling-nans -fno-math-errno -fomit-frame-pointer -DMTS_DEBUG -DSINGLE_PRECISION -DSPECTRUM_SAMPLES=3 -DMTS_SSE -DMTS_HAS_COHERENT_RT -fopenmp -fvisibility=hidden -mtls-dialect=gnu2 -fPIC -fPIC -DMTS_HAS_LIBPNG=1 -DMTS_HAS_LIBJPEG=1 -DMTS_HAS_OPENEXR=1 -DMTS_HAS_FFTW=1 -I/usr/include/eigen3 -I/usr/include/OpenEXR -Iinclude src/samplers/independent.cpp
g++ -o build/release/samplers/ldsampler.os -c -O3 -Wall -g -pipe -march=nocona -msse2 -ftree-vectorize -mfpmath=sse -funsafe-math-optimizations -fno-rounding-math -fno-signaling-nans -fno-math-errno -fomit-frame-pointer -DMTS_DEBUG -DSINGLE_PRECISION -DSPECTRUM_SAMPLES=3 -DMTS_SSE -DMTS_HAS_COHERENT_RT -fopenmp -fvisibility=hidden -mtls-dialect=gnu2 -fPIC -fPIC -DMTS_HAS_LIBPNG=1 -DMTS_HAS_LIBJPEG=1 -DMTS_HAS_OPENEXR=1 -DMTS_HAS_FFTW=1 -I/usr/include/eigen3 -I/usr/include/OpenEXR -Iinclude src/samplers/ldsampler.cpp
g++ -o build/release/rfilters/tent.so -rdynamic -shared -fPIC -lstdc++ build/release/rfilters/tent.os -Lbuild/release/libcore -Lsrc/libcore -Lbuild/release/librender -Lsrc/librender -Lbuild/release/libhw -Lsrc/libhw -Lbuild/release/libbidir -Lsrc/libbidir -lboost_system -lboost_filesystem -lboost_thread -ldl -lm -lpthread -lgomp -lmitsuba-core -lmitsuba-render -lmitsuba-hw
g++ -o build/release/samplers/sobol.os -c -O3 -Wall -g -pipe -march=nocona -msse2 -ftree-vectorize -mfpmath=sse -funsafe-math-optimizations -fno-rounding-math -fno-signaling-nans -fno-math-errno -fomit-frame-pointer -DMTS_DEBUG -DSINGLE_PRECISION -DSPECTRUM_SAMPLES=3 -DMTS_SSE -DMTS_HAS_COHERENT_RT -fopenmp -fvisibility=hidden -mtls-dialect=gnu2 -fPIC -fPIC -DMTS_HAS_LIBPNG=1 -DMTS_HAS_LIBJPEG=1 -DMTS_HAS_OPENEXR=1 -DMTS_HAS_FFTW=1 -I/usr/include/eigen3 -I/usr/include/OpenEXR -Iinclude src/samplers/sobol.cpp
g++ -o build/release/samplers/sobolseq.os -c -O3 -Wall -g -pipe -march=nocona -msse2 -ftree-vectorize -mfpmath=sse -funsafe-math-optimizations -fno-rounding-math -fno-signaling-nans -fno-math-errno -fomit-frame-pointer -DMTS_DEBUG -DSINGLE_PRECISION -DSPECTRUM_SAMPLES=3 -DMTS_SSE -DMTS_HAS_COHERENT_RT -fopenmp -fvisibility=hidden -mtls-dialect=gnu2 -fPIC -fPIC -DMTS_HAS_LIBPNG=1 -DMTS_HAS_LIBJPEG=1 -DMTS_HAS_OPENEXR=1 -DMTS_HAS_FFTW=1 -I/usr/include/eigen3 -I/usr/include/OpenEXR -Iinclude src/samplers/sobolseq.cpp
g++ -o build/release/samplers/independent.so -rdynamic -shared -fPIC -lstdc++ build/release/samplers/independent.os -Lbuild/release/libcore -Lsrc/libcore -Lbuild/release/librender -Lsrc/librender -Lbuild/release/libhw -Lsrc/libhw -Lbuild/release/libbidir -Lsrc/libbidir -lboost_system -lboost_filesystem -lboost_thread -ldl -lm -lpthread -lgomp -lmitsuba-core -lmitsuba-render -lmitsuba-hw
g++ -o build/release/samplers/hammersley.so -rdynamic -shared -fPIC -lstdc++ build/release/samplers/hammersley.os build/release/samplers/faure.os -Lbuild/release/libcore -Lsrc/libcore -Lbuild/release/librender -Lsrc/librender -Lbuild/release/libhw -Lsrc/libhw -Lbuild/release/libbidir -Lsrc/libbidir -lboost_system -lboost_filesystem -lboost_thread -ldl -lm -lpthread -lgomp -lmitsuba-core -lmitsuba-render -lmitsuba-hw
g++ -o build/release/samplers/stratified.os -c -O3 -Wall -g -pipe -march=nocona -msse2 -ftree-vectorize -mfpmath=sse -funsafe-math-optimizations -fno-rounding-math -fno-signaling-nans -fno-math-errno -fomit-frame-pointer -DMTS_DEBUG -DSINGLE_PRECISION -DSPECTRUM_SAMPLES=3 -DMTS_SSE -DMTS_HAS_COHERENT_RT -fopenmp -fvisibility=hidden -mtls-dialect=gnu2 -fPIC -fPIC -DMTS_HAS_LIBPNG=1 -DMTS_HAS_LIBJPEG=1 -DMTS_HAS_OPENEXR=1 -DMTS_HAS_FFTW=1 -I/usr/include/eigen3 -I/usr/include/OpenEXR -Iinclude src/samplers/stratified.cpp
g++ -o build/release/sensors/fluencemeter.os -c -O3 -Wall -g -pipe -march=nocona -msse2 -ftree-vectorize -mfpmath=sse -funsafe-math-optimizations -fno-rounding-math -fno-signaling-nans -fno-math-errno -fomit-frame-pointer -DMTS_DEBUG -DSINGLE_PRECISION -DSPECTRUM_SAMPLES=3 -DMTS_SSE -DMTS_HAS_COHERENT_RT -fopenmp -fvisibility=hidden -mtls-dialect=gnu2 -fPIC -fPIC -DMTS_HAS_LIBPNG=1 -DMTS_HAS_LIBJPEG=1 -DMTS_HAS_OPENEXR=1 -DMTS_HAS_FFTW=1 -I/usr/include/eigen3 -I/usr/include/OpenEXR -Iinclude src/sensors/fluencemeter.cpp
g++ -o build/release/samplers/halton.so -rdynamic -shared -fPIC -lstdc++ build/release/samplers/halton.os build/release/samplers/faure.os -Lbuild/release/libcore -Lsrc/libcore -Lbuild/release/librender -Lsrc/librender -Lbuild/release/libhw -Lsrc/libhw -Lbuild/release/libbidir -Lsrc/libbidir -lboost_system -lboost_filesystem -lboost_thread -ldl -lm -lpthread -lgomp -lmitsuba-core -lmitsuba-render -lmitsuba-hw
g++ -o build/release/samplers/ldsampler.so -rdynamic -shared -fPIC -lstdc++ build/release/samplers/ldsampler.os -Lbuild/release/libcore -Lsrc/libcore -Lbuild/release/librender -Lsrc/librender -Lbuild/release/libhw -Lsrc/libhw -Lbuild/release/libbidir -Lsrc/libbidir -lboost_system -lboost_filesystem -lboost_thread -ldl -lm -lpthread -lgomp -lmitsuba-core -lmitsuba-render -lmitsuba-hw
g++ -o build/release/sensors/irradiancemeter.os -c -O3 -Wall -g -pipe -march=nocona -msse2 -ftree-vectorize -mfpmath=sse -funsafe-math-optimizations -fno-rounding-math -fno-signaling-nans -fno-math-errno -fomit-frame-pointer -DMTS_DEBUG -DSINGLE_PRECISION -DSPECTRUM_SAMPLES=3 -DMTS_SSE -DMTS_HAS_COHERENT_RT -fopenmp -fvisibility=hidden -mtls-dialect=gnu2 -fPIC -fPIC -DMTS_HAS_LIBPNG=1 -DMTS_HAS_LIBJPEG=1 -DMTS_HAS_OPENEXR=1 -DMTS_HAS_FFTW=1 -I/usr/include/eigen3 -I/usr/include/OpenEXR -Iinclude src/sensors/irradiancemeter.cpp
g++ -o build/release/sensors/orthographic.os -c -O3 -Wall -g -pipe -march=nocona -msse2 -ftree-vectorize -mfpmath=sse -funsafe-math-optimizations -fno-rounding-math -fno-signaling-nans -fno-math-errno -fomit-frame-pointer -DMTS_DEBUG -DSINGLE_PRECISION -DSPECTRUM_SAMPLES=3 -DMTS_SSE -DMTS_HAS_COHERENT_RT -fopenmp -fvisibility=hidden -mtls-dialect=gnu2 -fPIC -fPIC -DMTS_HAS_LIBPNG=1 -DMTS_HAS_LIBJPEG=1 -DMTS_HAS_OPENEXR=1 -DMTS_HAS_FFTW=1 -I/usr/include/eigen3 -I/usr/include/OpenEXR -Iinclude src/sensors/orthographic.cpp
g++ -o build/release/sensors/perspective.os -c -O3 -Wall -g -pipe -march=nocona -msse2 -ftree-vectorize -mfpmath=sse -funsafe-math-optimizations -fno-rounding-math -fno-signaling-nans -fno-math-errno -fomit-frame-pointer -DMTS_DEBUG -DSINGLE_PRECISION -DSPECTRUM_SAMPLES=3 -DMTS_SSE -DMTS_HAS_COHERENT_RT -fopenmp -fvisibility=hidden -mtls-dialect=gnu2 -fPIC -fPIC -DMTS_HAS_LIBPNG=1 -DMTS_HAS_LIBJPEG=1 -DMTS_HAS_OPENEXR=1 -DMTS_HAS_FFTW=1 -I/usr/include/eigen3 -I/usr/include/OpenEXR -Iinclude src/sensors/perspective.cpp
g++ -o build/release/samplers/sobol.so -rdynamic -shared -fPIC -lstdc++ build/release/samplers/sobol.os build/release/samplers/sobolseq.os -Lbuild/release/libcore -Lsrc/libcore -Lbuild/release/librender -Lsrc/librender -Lbuild/release/libhw -Lsrc/libhw -Lbuild/release/libbidir -Lsrc/libbidir -lboost_system -lboost_filesystem -lboost_thread -ldl -lm -lpthread -lgomp -lmitsuba-core -lmitsuba-render -lmitsuba-hw
g++ -o build/release/samplers/stratified.so -rdynamic -shared -fPIC -lstdc++ build/release/samplers/stratified.os -Lbuild/release/libcore -Lsrc/libcore -Lbuild/release/librender -Lsrc/librender -Lbuild/release/libhw -Lsrc/libhw -Lbuild/release/libbidir -Lsrc/libbidir -lboost_system -lboost_filesystem -lboost_thread -ldl -lm -lpthread -lgomp -lmitsuba-core -lmitsuba-render -lmitsuba-hw
g++ -o build/release/sensors/perspective_rdist.os -c -O3 -Wall -g -pipe -march=nocona -msse2 -ftree-vectorize -mfpmath=sse -funsafe-math-optimizations -fno-rounding-math -fno-signaling-nans -fno-math-errno -fomit-frame-pointer -DMTS_DEBUG -DSINGLE_PRECISION -DSPECTRUM_SAMPLES=3 -DMTS_SSE -DMTS_HAS_COHERENT_RT -fopenmp -fvisibility=hidden -mtls-dialect=gnu2 -fPIC -fPIC -DMTS_HAS_LIBPNG=1 -DMTS_HAS_LIBJPEG=1 -DMTS_HAS_OPENEXR=1 -DMTS_HAS_FFTW=1 -I/usr/include/eigen3 -I/usr/include/OpenEXR -Iinclude src/sensors/perspective_rdist.cpp
g++ -o build/release/sensors/radiancemeter.os -c -O3 -Wall -g -pipe -march=nocona -msse2 -ftree-vectorize -mfpmath=sse -funsafe-math-optimizations -fno-rounding-math -fno-signaling-nans -fno-math-errno -fomit-frame-pointer -DMTS_DEBUG -DSINGLE_PRECISION -DSPECTRUM_SAMPLES=3 -DMTS_SSE -DMTS_HAS_COHERENT_RT -fopenmp -fvisibility=hidden -mtls-dialect=gnu2 -fPIC -fPIC -DMTS_HAS_LIBPNG=1 -DMTS_HAS_LIBJPEG=1 -DMTS_HAS_OPENEXR=1 -DMTS_HAS_FFTW=1 -I/usr/include/eigen3 -I/usr/include/OpenEXR -Iinclude src/sensors/radiancemeter.cpp
g++ -o build/release/sensors/fluencemeter.so -rdynamic -shared -fPIC -lstdc++ build/release/sensors/fluencemeter.os -Lbuild/release/libcore -Lsrc/libcore -Lbuild/release/librender -Lsrc/librender -Lbuild/release/libhw -Lsrc/libhw -Lbuild/release/libbidir -Lsrc/libbidir -lboost_system -lboost_filesystem -lboost_thread -ldl -lm -lpthread -lgomp -lmitsuba-core -lmitsuba-render -lmitsuba-hw
g++ -o build/release/sensors/spherical.os -c -O3 -Wall -g -pipe -march=nocona -msse2 -ftree-vectorize -mfpmath=sse -funsafe-math-optimizations -fno-rounding-math -fno-signaling-nans -fno-math-errno -fomit-frame-pointer -DMTS_DEBUG -DSINGLE_PRECISION -DSPECTRUM_SAMPLES=3 -DMTS_SSE -DMTS_HAS_COHERENT_RT -fopenmp -fvisibility=hidden -mtls-dialect=gnu2 -fPIC -fPIC -DMTS_HAS_LIBPNG=1 -DMTS_HAS_LIBJPEG=1 -DMTS_HAS_OPENEXR=1 -DMTS_HAS_FFTW=1 -I/usr/include/eigen3 -I/usr/include/OpenEXR -Iinclude src/sensors/spherical.cpp
g++ -o build/release/sensors/irradiancemeter.so -rdynamic -shared -fPIC -lstdc++ build/release/sensors/irradiancemeter.os -Lbuild/release/libcore -Lsrc/libcore -Lbuild/release/librender -Lsrc/librender -Lbuild/release/libhw -Lsrc/libhw -Lbuild/release/libbidir -Lsrc/libbidir -lboost_system -lboost_filesystem -lboost_thread -ldl -lm -lpthread -lgomp -lmitsuba-core -lmitsuba-render -lmitsuba-hw
g++ -o build/release/sensors/telecentric.os -c -O3 -Wall -g -pipe -march=nocona -msse2 -ftree-vectorize -mfpmath=sse -funsafe-math-optimizations -fno-rounding-math -fno-signaling-nans -fno-math-errno -fomit-frame-pointer -DMTS_DEBUG -DSINGLE_PRECISION -DSPECTRUM_SAMPLES=3 -DMTS_SSE -DMTS_HAS_COHERENT_RT -fopenmp -fvisibility=hidden -mtls-dialect=gnu2 -fPIC -fPIC -DMTS_HAS_LIBPNG=1 -DMTS_HAS_LIBJPEG=1 -DMTS_HAS_OPENEXR=1 -DMTS_HAS_FFTW=1 -I/usr/include/eigen3 -I/usr/include/OpenEXR -Iinclude src/sensors/telecentric.cpp
g++ -o build/release/sensors/orthographic.so -rdynamic -shared -fPIC -lstdc++ build/release/sensors/orthographic.os -Lbuild/release/libcore -Lsrc/libcore -Lbuild/release/librender -Lsrc/librender -Lbuild/release/libhw -Lsrc/libhw -Lbuild/release/libbidir -Lsrc/libbidir -lboost_system -lboost_filesystem -lboost_thread -ldl -lm -lpthread -lgomp -lmitsuba-core -lmitsuba-render -lmitsuba-hw
g++ -o build/release/sensors/perspective.so -rdynamic -shared -fPIC -lstdc++ build/release/sensors/perspective.os -Lbuild/release/libcore -Lsrc/libcore -Lbuild/release/librender -Lsrc/librender -Lbuild/release/libhw -Lsrc/libhw -Lbuild/release/libbidir -Lsrc/libbidir -lboost_system -lboost_filesystem -lboost_thread -ldl -lm -lpthread -lgomp -lmitsuba-core -lmitsuba-render -lmitsuba-hw
g++ -o build/release/sensors/thinlens.os -c -O3 -Wall -g -pipe -march=nocona -msse2 -ftree-vectorize -mfpmath=sse -funsafe-math-optimizations -fno-rounding-math -fno-signaling-nans -fno-math-errno -fomit-frame-pointer -DMTS_DEBUG -DSINGLE_PRECISION -DSPECTRUM_SAMPLES=3 -DMTS_SSE -DMTS_HAS_COHERENT_RT -fopenmp -fvisibility=hidden -mtls-dialect=gnu2 -fPIC -fPIC -DMTS_HAS_LIBPNG=1 -DMTS_HAS_LIBJPEG=1 -DMTS_HAS_OPENEXR=1 -DMTS_HAS_FFTW=1 -I/usr/include/eigen3 -I/usr/include/OpenEXR -Iinclude src/sensors/thinlens.cpp
g++ -o build/release/shapes/cube.os -c -O3 -Wall -g -pipe -march=nocona -msse2 -ftree-vectorize -mfpmath=sse -funsafe-math-optimizations -fno-rounding-math -fno-signaling-nans -fno-math-errno -fomit-frame-pointer -DMTS_DEBUG -DSINGLE_PRECISION -DSPECTRUM_SAMPLES=3 -DMTS_SSE -DMTS_HAS_COHERENT_RT -fopenmp -fvisibility=hidden -mtls-dialect=gnu2 -fPIC -fPIC -DMTS_HAS_LIBPNG=1 -DMTS_HAS_LIBJPEG=1 -DMTS_HAS_OPENEXR=1 -DMTS_HAS_FFTW=1 -I/usr/include/eigen3 -I/usr/include/OpenEXR -Iinclude src/shapes/cube.cpp
g++ -o build/release/sensors/radiancemeter.so -rdynamic -shared -fPIC -lstdc++ build/release/sensors/radiancemeter.os -Lbuild/release/libcore -Lsrc/libcore -Lbuild/release/librender -Lsrc/librender -Lbuild/release/libhw -Lsrc/libhw -Lbuild/release/libbidir -Lsrc/libbidir -lboost_system -lboost_filesystem -lboost_thread -ldl -lm -lpthread -lgomp -lmitsuba-core -lmitsuba-render -lmitsuba-hw
g++ -o build/release/shapes/cylinder.os -c -O3 -Wall -g -pipe -march=nocona -msse2 -ftree-vectorize -mfpmath=sse -funsafe-math-optimizations -fno-rounding-math -fno-signaling-nans -fno-math-errno -fomit-frame-pointer -DMTS_DEBUG -DSINGLE_PRECISION -DSPECTRUM_SAMPLES=3 -DMTS_SSE -DMTS_HAS_COHERENT_RT -fopenmp -fvisibility=hidden -mtls-dialect=gnu2 -fPIC -fPIC -DMTS_HAS_LIBPNG=1 -DMTS_HAS_LIBJPEG=1 -DMTS_HAS_OPENEXR=1 -DMTS_HAS_FFTW=1 -I/usr/include/eigen3 -I/usr/include/OpenEXR -Iinclude src/shapes/cylinder.cpp
g++ -o build/release/sensors/spherical.so -rdynamic -shared -fPIC -lstdc++ build/release/sensors/spherical.os -Lbuild/release/libcore -Lsrc/libcore -Lbuild/release/librender -Lsrc/librender -Lbuild/release/libhw -Lsrc/libhw -Lbuild/release/libbidir -Lsrc/libbidir -lboost_system -lboost_filesystem -lboost_thread -ldl -lm -lpthread -lgomp -lmitsuba-core -lmitsuba-render -lmitsuba-hw
g++ -o build/release/shapes/disk.os -c -O3 -Wall -g -pipe -march=nocona -msse2 -ftree-vectorize -mfpmath=sse -funsafe-math-optimizations -fno-rounding-math -fno-signaling-nans -fno-math-errno -fomit-frame-pointer -DMTS_DEBUG -DSINGLE_PRECISION -DSPECTRUM_SAMPLES=3 -DMTS_SSE -DMTS_HAS_COHERENT_RT -fopenmp -fvisibility=hidden -mtls-dialect=gnu2 -fPIC -fPIC -DMTS_HAS_LIBPNG=1 -DMTS_HAS_LIBJPEG=1 -DMTS_HAS_OPENEXR=1 -DMTS_HAS_FFTW=1 -I/usr/include/eigen3 -I/usr/include/OpenEXR -Iinclude src/shapes/disk.cpp
g++ -o build/release/sensors/perspective_rdist.so -rdynamic -shared -fPIC -lstdc++ build/release/sensors/perspective_rdist.os -Lbuild/release/libcore -Lsrc/libcore -Lbuild/release/librender -Lsrc/librender -Lbuild/release/libhw -Lsrc/libhw -Lbuild/release/libbidir -Lsrc/libbidir -lboost_system -lboost_filesystem -lboost_thread -ldl -lm -lpthread -lgomp -lmitsuba-core -lmitsuba-render -lmitsuba-hw
g++ -o build/release/shapes/cube.so -rdynamic -shared -fPIC -lstdc++ build/release/shapes/cube.os -Lbuild/release/libcore -Lsrc/libcore -Lbuild/release/librender -Lsrc/librender -Lbuild/release/libhw -Lsrc/libhw -Lbuild/release/libbidir -Lsrc/libbidir -lboost_system -lboost_filesystem -lboost_thread -ldl -lm -lpthread -lgomp -lmitsuba-core -lmitsuba-render -lmitsuba-hw
g++ -o build/release/sensors/telecentric.so -rdynamic -shared -fPIC -lstdc++ build/release/sensors/telecentric.os -Lbuild/release/libcore -Lsrc/libcore -Lbuild/release/librender -Lsrc/librender -Lbuild/release/libhw -Lsrc/libhw -Lbuild/release/libbidir -Lsrc/libbidir -lboost_system -lboost_filesystem -lboost_thread -ldl -lm -lpthread -lgomp -lmitsuba-core -lmitsuba-render -lmitsuba-hw
g++ -o build/release/shapes/hair.os -c -O3 -Wall -g -pipe -march=nocona -msse2 -ftree-vectorize -mfpmath=sse -funsafe-math-optimizations -fno-rounding-math -fno-signaling-nans -fno-math-errno -fomit-frame-pointer -DMTS_DEBUG -DSINGLE_PRECISION -DSPECTRUM_SAMPLES=3 -DMTS_SSE -DMTS_HAS_COHERENT_RT -fopenmp -fvisibility=hidden -mtls-dialect=gnu2 -fPIC -fPIC -DMTS_HAS_LIBPNG=1 -DMTS_HAS_LIBJPEG=1 -DMTS_HAS_OPENEXR=1 -DMTS_HAS_FFTW=1 -I/usr/include/eigen3 -I/usr/include/OpenEXR -Iinclude src/shapes/hair.cpp
g++ -o build/release/shapes/heightfield.os -c -O3 -Wall -g -pipe -march=nocona -msse2 -ftree-vectorize -mfpmath=sse -funsafe-math-optimizations -fno-rounding-math -fno-signaling-nans -fno-math-errno -fomit-frame-pointer -DMTS_DEBUG -DSINGLE_PRECISION -DSPECTRUM_SAMPLES=3 -DMTS_SSE -DMTS_HAS_COHERENT_RT -fopenmp -fvisibility=hidden -mtls-dialect=gnu2 -fPIC -fPIC -DMTS_HAS_LIBPNG=1 -DMTS_HAS_LIBJPEG=1 -DMTS_HAS_OPENEXR=1 -DMTS_HAS_FFTW=1 -I/usr/include/eigen3 -I/usr/include/OpenEXR -Iinclude src/shapes/heightfield.cpp
g++ -o build/release/shapes/instance.os -c -O3 -Wall -g -pipe -march=nocona -msse2 -ftree-vectorize -mfpmath=sse -funsafe-math-optimizations -fno-rounding-math -fno-signaling-nans -fno-math-errno -fomit-frame-pointer -DMTS_DEBUG -DSINGLE_PRECISION -DSPECTRUM_SAMPLES=3 -DMTS_SSE -DMTS_HAS_COHERENT_RT -fopenmp -fvisibility=hidden -mtls-dialect=gnu2 -fPIC -fPIC -DMTS_HAS_LIBPNG=1 -DMTS_HAS_LIBJPEG=1 -DMTS_HAS_OPENEXR=1 -DMTS_HAS_FFTW=1 -I/usr/include/eigen3 -I/usr/include/OpenEXR -Iinclude src/shapes/instance.cpp
g++ -o build/release/shapes/cylinder.so -rdynamic -shared -fPIC -lstdc++ build/release/shapes/cylinder.os -Lbuild/release/libcore -Lsrc/libcore -Lbuild/release/librender -Lsrc/librender -Lbuild/release/libhw -Lsrc/libhw -Lbuild/release/libbidir -Lsrc/libbidir -lboost_system -lboost_filesystem -lboost_thread -ldl -lm -lpthread -lgomp -lmitsuba-core -lmitsuba-render -lmitsuba-hw
g++ -o build/release/shapes/disk.so -rdynamic -shared -fPIC -lstdc++ build/release/shapes/disk.os -Lbuild/release/libcore -Lsrc/libcore -Lbuild/release/librender -Lsrc/librender -Lbuild/release/libhw -Lsrc/libhw -Lbuild/release/libbidir -Lsrc/libbidir -lboost_system -lboost_filesystem -lboost_thread -ldl -lm -lpthread -lgomp -lmitsuba-core -lmitsuba-render -lmitsuba-hw
g++ -o build/release/shapes/obj.os -c -O3 -Wall -g -pipe -march=nocona -msse2 -ftree-vectorize -mfpmath=sse -funsafe-math-optimizations -fno-rounding-math -fno-signaling-nans -fno-math-errno -fomit-frame-pointer -DMTS_DEBUG -DSINGLE_PRECISION -DSPECTRUM_SAMPLES=3 -DMTS_SSE -DMTS_HAS_COHERENT_RT -fopenmp -fvisibility=hidden -mtls-dialect=gnu2 -fPIC -fPIC -DMTS_HAS_LIBPNG=1 -DMTS_HAS_LIBJPEG=1 -DMTS_HAS_OPENEXR=1 -DMTS_HAS_FFTW=1 -I/usr/include/eigen3 -I/usr/include/OpenEXR -Iinclude src/shapes/obj.cpp
g++ -o build/release/sensors/thinlens.so -rdynamic -shared -fPIC -lstdc++ build/release/sensors/thinlens.os -Lbuild/release/libcore -Lsrc/libcore -Lbuild/release/librender -Lsrc/librender -Lbuild/release/libhw -Lsrc/libhw -Lbuild/release/libbidir -Lsrc/libbidir -lboost_system -lboost_filesystem -lboost_thread -ldl -lm -lpthread -lgomp -lmitsuba-core -lmitsuba-render -lmitsuba-hw
g++ -o build/release/shapes/ply/ply_parser.os -c -O3 -Wall -g -pipe -march=nocona -msse2 -ftree-vectorize -mfpmath=sse -funsafe-math-optimizations -fno-rounding-math -fno-signaling-nans -fno-math-errno -fomit-frame-pointer -DMTS_DEBUG -DSINGLE_PRECISION -DSPECTRUM_SAMPLES=3 -DMTS_SSE -DMTS_HAS_COHERENT_RT -fopenmp -fvisibility=hidden -mtls-dialect=gnu2 -fPIC -fPIC -DMTS_HAS_LIBPNG=1 -DMTS_HAS_LIBJPEG=1 -DMTS_HAS_OPENEXR=1 -DMTS_HAS_FFTW=1 -I/usr/include/eigen3 -I/usr/include/OpenEXR -Iinclude -Isrc/shapes src/shapes/ply/ply_parser.cpp
g++ -o build/release/shapes/ply.os -c -O3 -Wall -g -pipe -march=nocona -msse2 -ftree-vectorize -mfpmath=sse -funsafe-math-optimizations -fno-rounding-math -fno-signaling-nans -fno-math-errno -fomit-frame-pointer -DMTS_DEBUG -DSINGLE_PRECISION -DSPECTRUM_SAMPLES=3 -DMTS_SSE -DMTS_HAS_COHERENT_RT -fopenmp -fvisibility=hidden -mtls-dialect=gnu2 -fPIC -fPIC -DMTS_HAS_LIBPNG=1 -DMTS_HAS_LIBJPEG=1 -DMTS_HAS_OPENEXR=1 -DMTS_HAS_FFTW=1 -I/usr/include/eigen3 -I/usr/include/OpenEXR -Iinclude -Isrc/shapes src/shapes/ply.cpp
g++ -o build/release/shapes/instance.so -rdynamic -shared -fPIC -lstdc++ build/release/shapes/instance.os -Lbuild/release/libcore -Lsrc/libcore -Lbuild/release/librender -Lsrc/librender -Lbuild/release/libhw -Lsrc/libhw -Lbuild/release/libbidir -Lsrc/libbidir -lboost_system -lboost_filesystem -lboost_thread -ldl -lm -lpthread -lgomp -lmitsuba-core -lmitsuba-render -lmitsuba-hw
g++ -o build/release/shapes/rectangle.os -c -O3 -Wall -g -pipe -march=nocona -msse2 -ftree-vectorize -mfpmath=sse -funsafe-math-optimizations -fno-rounding-math -fno-signaling-nans -fno-math-errno -fomit-frame-pointer -DMTS_DEBUG -DSINGLE_PRECISION -DSPECTRUM_SAMPLES=3 -DMTS_SSE -DMTS_HAS_COHERENT_RT -fopenmp -fvisibility=hidden -mtls-dialect=gnu2 -fPIC -fPIC -DMTS_HAS_LIBPNG=1 -DMTS_HAS_LIBJPEG=1 -DMTS_HAS_OPENEXR=1 -DMTS_HAS_FFTW=1 -I/usr/include/eigen3 -I/usr/include/OpenEXR -Iinclude src/shapes/rectangle.cpp
g++ -o build/release/shapes/heightfield.so -rdynamic -shared -fPIC -lstdc++ build/release/shapes/heightfield.os -Lbuild/release/libcore -Lsrc/libcore -Lbuild/release/librender -Lsrc/librender -Lbuild/release/libhw -Lsrc/libhw -Lbuild/release/libbidir -Lsrc/libbidir -lboost_system -lboost_filesystem -lboost_thread -ldl -lm -lpthread -lgomp -lmitsuba-core -lmitsuba-render -lmitsuba-hw
g++ -o build/release/shapes/serialized.os -c -O3 -Wall -g -pipe -march=nocona -msse2 -ftree-vectorize -mfpmath=sse -funsafe-math-optimizations -fno-rounding-math -fno-signaling-nans -fno-math-errno -fomit-frame-pointer -DMTS_DEBUG -DSINGLE_PRECISION -DSPECTRUM_SAMPLES=3 -DMTS_SSE -DMTS_HAS_COHERENT_RT -fopenmp -fvisibility=hidden -mtls-dialect=gnu2 -fPIC -fPIC -DMTS_HAS_LIBPNG=1 -DMTS_HAS_LIBJPEG=1 -DMTS_HAS_OPENEXR=1 -DMTS_HAS_FFTW=1 -I/usr/include/eigen3 -I/usr/include/OpenEXR -Iinclude src/shapes/serialized.cpp
g++ -o build/release/shapes/rectangle.so -rdynamic -shared -fPIC -lstdc++ build/release/shapes/rectangle.os -Lbuild/release/libcore -Lsrc/libcore -Lbuild/release/librender -Lsrc/librender -Lbuild/release/libhw -Lsrc/libhw -Lbuild/release/libbidir -Lsrc/libbidir -lboost_system -lboost_filesystem -lboost_thread -ldl -lm -lpthread -lgomp -lmitsuba-core -lmitsuba-render -lmitsuba-hw
g++ -o build/release/shapes/shapegroup.os -c -O3 -Wall -g -pipe -march=nocona -msse2 -ftree-vectorize -mfpmath=sse -funsafe-math-optimizations -fno-rounding-math -fno-signaling-nans -fno-math-errno -fomit-frame-pointer -DMTS_DEBUG -DSINGLE_PRECISION -DSPECTRUM_SAMPLES=3 -DMTS_SSE -DMTS_HAS_COHERENT_RT -fopenmp -fvisibility=hidden -mtls-dialect=gnu2 -fPIC -fPIC -DMTS_HAS_LIBPNG=1 -DMTS_HAS_LIBJPEG=1 -DMTS_HAS_OPENEXR=1 -DMTS_HAS_FFTW=1 -I/usr/include/eigen3 -I/usr/include/OpenEXR -Iinclude src/shapes/shapegroup.cpp
g++ -o build/release/shapes/shapegroup.so -rdynamic -shared -fPIC -lstdc++ build/release/shapes/shapegroup.os -Lbuild/release/libcore -Lsrc/libcore -Lbuild/release/librender -Lsrc/librender -Lbuild/release/libhw -Lsrc/libhw -Lbuild/release/libbidir -Lsrc/libbidir -lboost_system -lboost_filesystem -lboost_thread -ldl -lm -lpthread -lgomp -lmitsuba-core -lmitsuba-render -lmitsuba-hw
g++ -o build/release/shapes/sphere.os -c -O3 -Wall -g -pipe -march=nocona -msse2 -ftree-vectorize -mfpmath=sse -funsafe-math-optimizations -fno-rounding-math -fno-signaling-nans -fno-math-errno -fomit-frame-pointer -DMTS_DEBUG -DSINGLE_PRECISION -DSPECTRUM_SAMPLES=3 -DMTS_SSE -DMTS_HAS_COHERENT_RT -fopenmp -fvisibility=hidden -mtls-dialect=gnu2 -fPIC -fPIC -DMTS_HAS_LIBPNG=1 -DMTS_HAS_LIBJPEG=1 -DMTS_HAS_OPENEXR=1 -DMTS_HAS_FFTW=1 -I/usr/include/eigen3 -I/usr/include/OpenEXR -Iinclude src/shapes/sphere.cpp
g++ -o build/release/shapes/hair.so -rdynamic -shared -fPIC -lstdc++ build/release/shapes/hair.os -Lbuild/release/libcore -Lsrc/libcore -Lbuild/release/librender -Lsrc/librender -Lbuild/release/libhw -Lsrc/libhw -Lbuild/release/libbidir -Lsrc/libbidir -lboost_system -lboost_filesystem -lboost_thread -ldl -lm -lpthread -lgomp -lmitsuba-core -lmitsuba-render -lmitsuba-hw
g++ -o build/release/subsurface/bluenoise.os -c -O3 -Wall -g -pipe -march=nocona -msse2 -ftree-vectorize -mfpmath=sse -funsafe-math-optimizations -fno-rounding-math -fno-signaling-nans -fno-math-errno -fomit-frame-pointer -DMTS_DEBUG -DSINGLE_PRECISION -DSPECTRUM_SAMPLES=3 -DMTS_SSE -DMTS_HAS_COHERENT_RT -fopenmp -fvisibility=hidden -mtls-dialect=gnu2 -fPIC -fPIC -DMTS_HAS_LIBPNG=1 -DMTS_HAS_LIBJPEG=1 -DMTS_HAS_OPENEXR=1 -DMTS_HAS_FFTW=1 -I/usr/include/eigen3 -I/usr/include/OpenEXR -Iinclude src/subsurface/bluenoise.cpp
g++ -o build/release/subsurface/dipole.os -c -O3 -Wall -g -pipe -march=nocona -msse2 -ftree-vectorize -mfpmath=sse -funsafe-math-optimizations -fno-rounding-math -fno-signaling-nans -fno-math-errno -fomit-frame-pointer -DMTS_DEBUG -DSINGLE_PRECISION -DSPECTRUM_SAMPLES=3 -DMTS_SSE -DMTS_HAS_COHERENT_RT -fopenmp -fvisibility=hidden -mtls-dialect=gnu2 -fPIC -fPIC -DMTS_HAS_LIBPNG=1 -DMTS_HAS_LIBJPEG=1 -DMTS_HAS_OPENEXR=1 -DMTS_HAS_FFTW=1 -I/usr/include/eigen3 -I/usr/include/OpenEXR -Iinclude src/subsurface/dipole.cpp
g++ -o build/release/shapes/obj.so -rdynamic -shared -fPIC -lstdc++ build/release/shapes/obj.os -Lbuild/release/libcore -Lsrc/libcore -Lbuild/release/librender -Lsrc/librender -Lbuild/release/libhw -Lsrc/libhw -Lbuild/release/libbidir -Lsrc/libbidir -lboost_system -lboost_filesystem -lboost_thread -ldl -lm -lpthread -lgomp -lmitsuba-core -lmitsuba-render -lmitsuba-hw
g++ -o build/release/subsurface/irrproc.os -c -O3 -Wall -g -pipe -march=nocona -msse2 -ftree-vectorize -mfpmath=sse -funsafe-math-optimizations -fno-rounding-math -fno-signaling-nans -fno-math-errno -fomit-frame-pointer -DMTS_DEBUG -DSINGLE_PRECISION -DSPECTRUM_SAMPLES=3 -DMTS_SSE -DMTS_HAS_COHERENT_RT -fopenmp -fvisibility=hidden -mtls-dialect=gnu2 -fPIC -fPIC -DMTS_HAS_LIBPNG=1 -DMTS_HAS_LIBJPEG=1 -DMTS_HAS_OPENEXR=1 -DMTS_HAS_FFTW=1 -I/usr/include/eigen3 -I/usr/include/OpenEXR -Iinclude src/subsurface/irrproc.cpp
g++ -o build/release/shapes/sphere.so -rdynamic -shared -fPIC -lstdc++ build/release/shapes/sphere.os -Lbuild/release/libcore -Lsrc/libcore -Lbuild/release/librender -Lsrc/librender -Lbuild/release/libhw -Lsrc/libhw -Lbuild/release/libbidir -Lsrc/libbidir -lboost_system -lboost_filesystem -lboost_thread -ldl -lm -lpthread -lgomp -lmitsuba-core -lmitsuba-render -lmitsuba-hw
g++ -o build/release/subsurface/irrtree.os -c -O3 -Wall -g -pipe -march=nocona -msse2 -ftree-vectorize -mfpmath=sse -funsafe-math-optimizations -fno-rounding-math -fno-signaling-nans -fno-math-errno -fomit-frame-pointer -DMTS_DEBUG -DSINGLE_PRECISION -DSPECTRUM_SAMPLES=3 -DMTS_SSE -DMTS_HAS_COHERENT_RT -fopenmp -fvisibility=hidden -mtls-dialect=gnu2 -fPIC -fPIC -DMTS_HAS_LIBPNG=1 -DMTS_HAS_LIBJPEG=1 -DMTS_HAS_OPENEXR=1 -DMTS_HAS_FFTW=1 -I/usr/include/eigen3 -I/usr/include/OpenEXR -Iinclude src/subsurface/irrtree.cpp
g++ -o build/release/shapes/serialized.so -rdynamic -shared -fPIC -lstdc++ build/release/shapes/serialized.os -Lbuild/release/libcore -Lsrc/libcore -Lbuild/release/librender -Lsrc/librender -Lbuild/release/libhw -Lsrc/libhw -Lbuild/release/libbidir -Lsrc/libbidir -lboost_system -lboost_filesystem -lboost_thread -ldl -lm -lpthread -lgomp -lmitsuba-core -lmitsuba-render -lmitsuba-hw
g++ -o build/release/subsurface/singlescatter.os -c -O3 -Wall -g -pipe -march=nocona -msse2 -ftree-vectorize -mfpmath=sse -funsafe-math-optimizations -fno-rounding-math -fno-signaling-nans -fno-math-errno -fomit-frame-pointer -DMTS_DEBUG -DSINGLE_PRECISION -DSPECTRUM_SAMPLES=3 -DMTS_SSE -DMTS_HAS_COHERENT_RT -fopenmp -fvisibility=hidden -mtls-dialect=gnu2 -fPIC -fPIC -DMTS_HAS_LIBPNG=1 -DMTS_HAS_LIBJPEG=1 -DMTS_HAS_OPENEXR=1 -DMTS_HAS_FFTW=1 -I/usr/include/eigen3 -I/usr/include/OpenEXR -Iinclude src/subsurface/singlescatter.cpp
g++ -o build/release/subsurface/singlescatteroptimized.os -c -O3 -Wall -g -pipe -march=nocona -msse2 -ftree-vectorize -mfpmath=sse -funsafe-math-optimizations -fno-rounding-math -fno-signaling-nans -fno-math-errno -fomit-frame-pointer -DMTS_DEBUG -DSINGLE_PRECISION -DSPECTRUM_SAMPLES=3 -DMTS_SSE -DMTS_HAS_COHERENT_RT -fopenmp -fvisibility=hidden -mtls-dialect=gnu2 -fPIC -fPIC -DMTS_HAS_LIBPNG=1 -DMTS_HAS_LIBJPEG=1 -DMTS_HAS_OPENEXR=1 -DMTS_HAS_FFTW=1 -I/usr/include/eigen3 -I/usr/include/OpenEXR -Iinclude src/subsurface/singlescatteroptimized.cpp
g++ -o build/release/tests/test_chisquare.os -c -O3 -Wall -g -pipe -march=nocona -msse2 -ftree-vectorize -mfpmath=sse -funsafe-math-optimizations -fno-rounding-math -fno-signaling-nans -fno-math-errno -fomit-frame-pointer -DMTS_DEBUG -DSINGLE_PRECISION -DSPECTRUM_SAMPLES=3 -DMTS_SSE -DMTS_HAS_COHERENT_RT -fopenmp -fvisibility=hidden -mtls-dialect=gnu2 -fPIC -fPIC -DMTS_HAS_LIBPNG=1 -DMTS_HAS_LIBJPEG=1 -DMTS_HAS_OPENEXR=1 -DMTS_HAS_FFTW=1 -DMTS_TESTCASE=1 -I/usr/include/eigen3 -I/usr/include/OpenEXR -Iinclude src/tests/test_chisquare.cpp
g++ -o build/release/libpython/mitsuba_python3.6.so -rdynamic -shared -fPIC -lstdc++ -Wl,-R,'$ORIGIN/../..' -Wl,-no-as-needed -lmitsuba-hw -Wl,-no-as-needed -lmitsuba-bidir build/release/libpython/core_3.6.os build/release/libpython/render_3.6.os -Lbuild/release/libcore -Lsrc/libcore -Lbuild/release/librender -Lsrc/librender -Lbuild/release/libhw -Lsrc/libhw -Lbuild/release/libbidir -Lsrc/libbidir -Lsrc/libbidir -lxerces-c -lboost_python-py36 -lboost_system -lboost_filesystem -lboost_thread -ldl -lm -lpthread -lgomp -lmitsuba-core -lmitsuba-render -lmitsuba-hw -lmitsuba-bidir
g++ -o build/release/tests/test_dgeom.os -c -O3 -Wall -g -pipe -march=nocona -msse2 -ftree-vectorize -mfpmath=sse -funsafe-math-optimizations -fno-rounding-math -fno-signaling-nans -fno-math-errno -fomit-frame-pointer -DMTS_DEBUG -DSINGLE_PRECISION -DSPECTRUM_SAMPLES=3 -DMTS_SSE -DMTS_HAS_COHERENT_RT -fopenmp -fvisibility=hidden -mtls-dialect=gnu2 -fPIC -fPIC -DMTS_HAS_LIBPNG=1 -DMTS_HAS_LIBJPEG=1 -DMTS_HAS_OPENEXR=1 -DMTS_HAS_FFTW=1 -DMTS_TESTCASE=1 -I/usr/include/eigen3 -I/usr/include/OpenEXR -Iinclude src/tests/test_dgeom.cpp
g++ -o build/release/libpython/mitsuba_python2.7.so -rdynamic -shared -fPIC -lstdc++ -Wl,-R,'$ORIGIN/../..' -Wl,-no-as-needed -lmitsuba-hw -Wl,-no-as-needed -lmitsuba-bidir build/release/libpython/core_2.7.os build/release/libpython/render_2.7.os -Lbuild/release/libcore -Lsrc/libcore -Lbuild/release/librender -Lsrc/librender -Lbuild/release/libhw -Lsrc/libhw -Lbuild/release/libbidir -Lsrc/libbidir -Lsrc/libbidir -lxerces-c -lboost_python-py27 -lboost_system -lboost_filesystem -lboost_thread -ldl -lm -lpthread -lgomp -lmitsuba-core -lmitsuba-render -lmitsuba-hw -lmitsuba-bidir
g++ -o build/release/shapes/ply.so -rdynamic -shared -fPIC -lstdc++ build/release/shapes/ply.os build/release/shapes/ply/ply_parser.os -Lbuild/release/libcore -Lsrc/libcore -Lbuild/release/librender -Lsrc/librender -Lbuild/release/libhw -Lsrc/libhw -Lbuild/release/libbidir -Lsrc/libbidir -lboost_system -lboost_filesystem -lboost_thread -ldl -lm -lpthread -lgomp -lmitsuba-core -lmitsuba-render -lmitsuba-hw
g++ -o build/release/subsurface/dipole.so -rdynamic -shared -fPIC -lstdc++ build/release/subsurface/dipole.os build/release/subsurface/irrproc.os build/release/subsurface/irrtree.os build/release/subsurface/bluenoise.os -Lbuild/release/libcore -Lsrc/libcore -Lbuild/release/librender -Lsrc/librender -Lbuild/release/libhw -Lsrc/libhw -Lbuild/release/libbidir -Lsrc/libbidir -lboost_system -lboost_filesystem -lboost_thread -ldl -lm -lpthread -lgomp -lmitsuba-core -lmitsuba-render -lmitsuba-hw
g++ -o build/release/tests/test_kd.os -c -O3 -Wall -g -pipe -march=nocona -msse2 -ftree-vectorize -mfpmath=sse -funsafe-math-optimizations -fno-rounding-math -fno-signaling-nans -fno-math-errno -fomit-frame-pointer -DMTS_DEBUG -DSINGLE_PRECISION -DSPECTRUM_SAMPLES=3 -DMTS_SSE -DMTS_HAS_COHERENT_RT -fopenmp -fvisibility=hidden -mtls-dialect=gnu2 -fPIC -fPIC -DMTS_HAS_LIBPNG=1 -DMTS_HAS_LIBJPEG=1 -DMTS_HAS_OPENEXR=1 -DMTS_HAS_FFTW=1 -DMTS_TESTCASE=1 -I/usr/include/eigen3 -I/usr/include/OpenEXR -Iinclude src/tests/test_kd.cpp
strip build/release/libpython/mitsuba_python3.6.so
g++ -o build/release/tests/test_la.os -c -O3 -Wall -g -pipe -march=nocona -msse2 -ftree-vectorize -mfpmath=sse -funsafe-math-optimizations -fno-rounding-math -fno-signaling-nans -fno-math-errno -fomit-frame-pointer -DMTS_DEBUG -DSINGLE_PRECISION -DSPECTRUM_SAMPLES=3 -DMTS_SSE -DMTS_HAS_COHERENT_RT -fopenmp -fvisibility=hidden -mtls-dialect=gnu2 -fPIC -fPIC -DMTS_HAS_LIBPNG=1 -DMTS_HAS_LIBJPEG=1 -DMTS_HAS_OPENEXR=1 -DMTS_HAS_FFTW=1 -DMTS_TESTCASE=1 -I/usr/include/eigen3 -I/usr/include/OpenEXR -Iinclude src/tests/test_la.cpp
g++ -o build/release/tests/test_microfacet.os -c -O3 -Wall -g -pipe -march=nocona -msse2 -ftree-vectorize -mfpmath=sse -funsafe-math-optimizations -fno-rounding-math -fno-signaling-nans -fno-math-errno -fomit-frame-pointer -DMTS_DEBUG -DSINGLE_PRECISION -DSPECTRUM_SAMPLES=3 -DMTS_SSE -DMTS_HAS_COHERENT_RT -fopenmp -fvisibility=hidden -mtls-dialect=gnu2 -fPIC -fPIC -DMTS_HAS_LIBPNG=1 -DMTS_HAS_LIBJPEG=1 -DMTS_HAS_OPENEXR=1 -DMTS_HAS_FFTW=1 -DMTS_TESTCASE=1 -I/usr/include/eigen3 -I/usr/include/OpenEXR -Iinclude src/tests/test_microfacet.cpp
strip build/release/libpython/mitsuba_python2.7.so
g++ -o build/release/tests/test_quad.os -c -O3 -Wall -g -pipe -march=nocona -msse2 -ftree-vectorize -mfpmath=sse -funsafe-math-optimizations -fno-rounding-math -fno-signaling-nans -fno-math-errno -fomit-frame-pointer -DMTS_DEBUG -DSINGLE_PRECISION -DSPECTRUM_SAMPLES=3 -DMTS_SSE -DMTS_HAS_COHERENT_RT -fopenmp -fvisibility=hidden -mtls-dialect=gnu2 -fPIC -fPIC -DMTS_HAS_LIBPNG=1 -DMTS_HAS_LIBJPEG=1 -DMTS_HAS_OPENEXR=1 -DMTS_HAS_FFTW=1 -DMTS_TESTCASE=1 -I/usr/include/eigen3 -I/usr/include/OpenEXR -Iinclude src/tests/test_quad.cpp
g++ -o build/release/tests/test_dgeom.so -rdynamic -shared -fPIC -lstdc++ build/release/tests/test_dgeom.os -Lbuild/release/libcore -Lsrc/libcore -Lbuild/release/librender -Lsrc/librender -Lbuild/release/libhw -Lsrc/libhw -Lbuild/release/libbidir -Lsrc/libbidir -lboost_system -lboost_filesystem -lboost_thread -ldl -lm -lpthread -lgomp -lmitsuba-core -lmitsuba-render -lmitsuba-hw
g++ -o build/release/tests/test_random.os -c -O3 -Wall -g -pipe -march=nocona -msse2 -ftree-vectorize -mfpmath=sse -funsafe-math-optimizations -fno-rounding-math -fno-signaling-nans -fno-math-errno -fomit-frame-pointer -DMTS_DEBUG -DSINGLE_PRECISION -DSPECTRUM_SAMPLES=3 -DMTS_SSE -DMTS_HAS_COHERENT_RT -fopenmp -fvisibility=hidden -mtls-dialect=gnu2 -fPIC -fPIC -DMTS_HAS_LIBPNG=1 -DMTS_HAS_LIBJPEG=1 -DMTS_HAS_OPENEXR=1 -DMTS_HAS_FFTW=1 -DMTS_TESTCASE=1 -I/usr/include/eigen3 -I/usr/include/OpenEXR -Iinclude src/tests/test_random.cpp
g++ -o build/release/subsurface/singlescatter.so -rdynamic -shared -fPIC -lstdc++ build/release/subsurface/singlescatter.os -Lbuild/release/libcore -Lsrc/libcore -Lbuild/release/librender -Lsrc/librender -Lbuild/release/libhw -Lsrc/libhw -Lbuild/release/libbidir -Lsrc/libbidir -lboost_system -lboost_filesystem -lboost_thread -ldl -lm -lpthread -lgomp -lmitsuba-core -lmitsuba-render -lmitsuba-hw
g++ -o build/release/tests/test_rtrans.os -c -O3 -Wall -g -pipe -march=nocona -msse2 -ftree-vectorize -mfpmath=sse -funsafe-math-optimizations -fno-rounding-math -fno-signaling-nans -fno-math-errno -fomit-frame-pointer -DMTS_DEBUG -DSINGLE_PRECISION -DSPECTRUM_SAMPLES=3 -DMTS_SSE -DMTS_HAS_COHERENT_RT -fopenmp -fvisibility=hidden -mtls-dialect=gnu2 -fPIC -fPIC -DMTS_HAS_LIBPNG=1 -DMTS_HAS_LIBJPEG=1 -DMTS_HAS_OPENEXR=1 -DMTS_HAS_FFTW=1 -DMTS_TESTCASE=1 -I/usr/include/eigen3 -I/usr/include/OpenEXR -Iinclude src/tests/test_rtrans.cpp
g++ -o build/release/tests/test_chisquare.so -rdynamic -shared -fPIC -lstdc++ build/release/tests/test_chisquare.os -Lbuild/release/libcore -Lsrc/libcore -Lbuild/release/librender -Lsrc/librender -Lbuild/release/libhw -Lsrc/libhw -Lbuild/release/libbidir -Lsrc/libbidir -lboost_system -lboost_filesystem -lboost_thread -ldl -lm -lpthread -lgomp -lmitsuba-core -lmitsuba-render -lmitsuba-hw
g++ -o build/release/tests/test_samplers.os -c -O3 -Wall -g -pipe -march=nocona -msse2 -ftree-vectorize -mfpmath=sse -funsafe-math-optimizations -fno-rounding-math -fno-signaling-nans -fno-math-errno -fomit-frame-pointer -DMTS_DEBUG -DSINGLE_PRECISION -DSPECTRUM_SAMPLES=3 -DMTS_SSE -DMTS_HAS_COHERENT_RT -fopenmp -fvisibility=hidden -mtls-dialect=gnu2 -fPIC -fPIC -DMTS_HAS_LIBPNG=1 -DMTS_HAS_LIBJPEG=1 -DMTS_HAS_OPENEXR=1 -DMTS_HAS_FFTW=1 -DMTS_TESTCASE=1 -I/usr/include/eigen3 -I/usr/include/OpenEXR -Iinclude src/tests/test_samplers.cpp
g++ -o build/release/tests/test_quad.so -rdynamic -shared -fPIC -lstdc++ build/release/tests/test_quad.os -Lbuild/release/libcore -Lsrc/libcore -Lbuild/release/librender -Lsrc/librender -Lbuild/release/libhw -Lsrc/libhw -Lbuild/release/libbidir -Lsrc/libbidir -lboost_system -lboost_filesystem -lboost_thread -ldl -lm -lpthread -lgomp -lmitsuba-core -lmitsuba-render -lmitsuba-hw
g++ -o build/release/tests/test_sh.os -c -O3 -Wall -g -pipe -march=nocona -msse2 -ftree-vectorize -mfpmath=sse -funsafe-math-optimizations -fno-rounding-math -fno-signaling-nans -fno-math-errno -fomit-frame-pointer -DMTS_DEBUG -DSINGLE_PRECISION -DSPECTRUM_SAMPLES=3 -DMTS_SSE -DMTS_HAS_COHERENT_RT -fopenmp -fvisibility=hidden -mtls-dialect=gnu2 -fPIC -fPIC -DMTS_HAS_LIBPNG=1 -DMTS_HAS_LIBJPEG=1 -DMTS_HAS_OPENEXR=1 -DMTS_HAS_FFTW=1 -DMTS_TESTCASE=1 -I/usr/include/eigen3 -I/usr/include/OpenEXR -Iinclude src/tests/test_sh.cpp
g++ -o build/release/subsurface/singlescatteroptimized.so -rdynamic -shared -fPIC -lstdc++ build/release/subsurface/singlescatteroptimized.os -Lbuild/release/libcore -Lsrc/libcore -Lbuild/release/librender -Lsrc/librender -Lbuild/release/libhw -Lsrc/libhw -Lbuild/release/libbidir -Lsrc/libbidir -lboost_system -lboost_filesystem -lboost_thread -ldl -lm -lpthread -lgomp -lmitsuba-core -lmitsuba-render -lmitsuba-hw
g++ -o build/release/tests/test_spectrum.os -c -O3 -Wall -g -pipe -march=nocona -msse2 -ftree-vectorize -mfpmath=sse -funsafe-math-optimizations -fno-rounding-math -fno-signaling-nans -fno-math-errno -fomit-frame-pointer -DMTS_DEBUG -DSINGLE_PRECISION -DSPECTRUM_SAMPLES=3 -DMTS_SSE -DMTS_HAS_COHERENT_RT -fopenmp -fvisibility=hidden -mtls-dialect=gnu2 -fPIC -fPIC -DMTS_HAS_LIBPNG=1 -DMTS_HAS_LIBJPEG=1 -DMTS_HAS_OPENEXR=1 -DMTS_HAS_FFTW=1 -DMTS_TESTCASE=1 -I/usr/include/eigen3 -I/usr/include/OpenEXR -Iinclude src/tests/test_spectrum.cpp
g++ -o build/release/tests/test_la.so -rdynamic -shared -fPIC -lstdc++ build/release/tests/test_la.os -Lbuild/release/libcore -Lsrc/libcore -Lbuild/release/librender -Lsrc/librender -Lbuild/release/libhw -Lsrc/libhw -Lbuild/release/libbidir -Lsrc/libbidir -lboost_system -lboost_filesystem -lboost_thread -ldl -lm -lpthread -lgomp -lmitsuba-core -lmitsuba-render -lmitsuba-hw
g++ -o build/release/tests/test_microfacet.so -rdynamic -shared -fPIC -lstdc++ build/release/tests/test_microfacet.os -Lbuild/release/libcore -Lsrc/libcore -Lbuild/release/librender -Lsrc/librender -Lbuild/release/libhw -Lsrc/libhw -Lbuild/release/libbidir -Lsrc/libbidir -lboost_system -lboost_filesystem -lboost_thread -ldl -lm -lpthread -lgomp -lmitsuba-core -lmitsuba-render -lmitsuba-hw
g++ -o build/release/textures/bitmap.os -c -O3 -Wall -g -pipe -march=nocona -msse2 -ftree-vectorize -mfpmath=sse -funsafe-math-optimizations -fno-rounding-math -fno-signaling-nans -fno-math-errno -fomit-frame-pointer -DMTS_DEBUG -DSINGLE_PRECISION -DSPECTRUM_SAMPLES=3 -DMTS_SSE -DMTS_HAS_COHERENT_RT -fopenmp -fvisibility=hidden -mtls-dialect=gnu2 -fPIC -fPIC -DMTS_HAS_LIBPNG=1 -DMTS_HAS_LIBJPEG=1 -DMTS_HAS_OPENEXR=1 -DMTS_HAS_FFTW=1 -I/usr/include/eigen3 -I/usr/include/OpenEXR -Iinclude src/textures/bitmap.cpp
g++ -o build/release/tests/test_kd.so -rdynamic -shared -fPIC -lstdc++ build/release/tests/test_kd.os -Lbuild/release/libcore -Lsrc/libcore -Lbuild/release/librender -Lsrc/librender -Lbuild/release/libhw -Lsrc/libhw -Lbuild/release/libbidir -Lsrc/libbidir -lboost_system -lboost_filesystem -lboost_thread -ldl -lm -lpthread -lgomp -lmitsuba-core -lmitsuba-render -lmitsuba-hw
g++ -o build/release/textures/checkerboard.os -c -O3 -Wall -g -pipe -march=nocona -msse2 -ftree-vectorize -mfpmath=sse -funsafe-math-optimizations -fno-rounding-math -fno-signaling-nans -fno-math-errno -fomit-frame-pointer -DMTS_DEBUG -DSINGLE_PRECISION -DSPECTRUM_SAMPLES=3 -DMTS_SSE -DMTS_HAS_COHERENT_RT -fopenmp -fvisibility=hidden -mtls-dialect=gnu2 -fPIC -fPIC -DMTS_HAS_LIBPNG=1 -DMTS_HAS_LIBJPEG=1 -DMTS_HAS_OPENEXR=1 -DMTS_HAS_FFTW=1 -I/usr/include/eigen3 -I/usr/include/OpenEXR -Iinclude src/textures/checkerboard.cpp
g++ -o build/release/textures/curvature.os -c -O3 -Wall -g -pipe -march=nocona -msse2 -ftree-vectorize -mfpmath=sse -funsafe-math-optimizations -fno-rounding-math -fno-signaling-nans -fno-math-errno -fomit-frame-pointer -DMTS_DEBUG -DSINGLE_PRECISION -DSPECTRUM_SAMPLES=3 -DMTS_SSE -DMTS_HAS_COHERENT_RT -fopenmp -fvisibility=hidden -mtls-dialect=gnu2 -fPIC -fPIC -DMTS_HAS_LIBPNG=1 -DMTS_HAS_LIBJPEG=1 -DMTS_HAS_OPENEXR=1 -DMTS_HAS_FFTW=1 -I/usr/include/eigen3 -I/usr/include/OpenEXR -Iinclude src/textures/curvature.cpp
g++ -o build/release/tests/test_samplers.so -rdynamic -shared -fPIC -lstdc++ build/release/tests/test_samplers.os -Lbuild/release/libcore -Lsrc/libcore -Lbuild/release/librender -Lsrc/librender -Lbuild/release/libhw -Lsrc/libhw -Lbuild/release/libbidir -Lsrc/libbidir -lboost_system -lboost_filesystem -lboost_thread -ldl -lm -lpthread -lgomp -lmitsuba-core -lmitsuba-render -lmitsuba-hw
g++ -o build/release/textures/gridtexture.os -c -O3 -Wall -g -pipe -march=nocona -msse2 -ftree-vectorize -mfpmath=sse -funsafe-math-optimizations -fno-rounding-math -fno-signaling-nans -fno-math-errno -fomit-frame-pointer -DMTS_DEBUG -DSINGLE_PRECISION -DSPECTRUM_SAMPLES=3 -DMTS_SSE -DMTS_HAS_COHERENT_RT -fopenmp -fvisibility=hidden -mtls-dialect=gnu2 -fPIC -fPIC -DMTS_HAS_LIBPNG=1 -DMTS_HAS_LIBJPEG=1 -DMTS_HAS_OPENEXR=1 -DMTS_HAS_FFTW=1 -I/usr/include/eigen3 -I/usr/include/OpenEXR -Iinclude src/textures/gridtexture.cpp
g++ -o build/release/tests/test_rtrans.so -rdynamic -shared -fPIC -lstdc++ build/release/tests/test_rtrans.os -Lbuild/release/libcore -Lsrc/libcore -Lbuild/release/librender -Lsrc/librender -Lbuild/release/libhw -Lsrc/libhw -Lbuild/release/libbidir -Lsrc/libbidir -lboost_system -lboost_filesystem -lboost_thread -ldl -lm -lpthread -lgomp -lmitsuba-core -lmitsuba-render -lmitsuba-hw
g++ -o build/release/textures/checkerboard.so -rdynamic -shared -fPIC -lstdc++ build/release/textures/checkerboard.os -Lbuild/release/libcore -Lsrc/libcore -Lbuild/release/librender -Lsrc/librender -Lbuild/release/libhw -Lsrc/libhw -Lbuild/release/libbidir -Lsrc/libbidir -lboost_system -lboost_filesystem -lboost_thread -ldl -lm -lpthread -lgomp -lmitsuba-core -lmitsuba-render -lmitsuba-hw
g++ -o build/release/tests/test_sh.so -rdynamic -shared -fPIC -lstdc++ build/release/tests/test_sh.os -Lbuild/release/libcore -Lsrc/libcore -Lbuild/release/librender -Lsrc/librender -Lbuild/release/libhw -Lsrc/libhw -Lbuild/release/libbidir -Lsrc/libbidir -lboost_system -lboost_filesystem -lboost_thread -ldl -lm -lpthread -lgomp -lmitsuba-core -lmitsuba-render -lmitsuba-hw
g++ -o build/release/tests/test_spectrum.so -rdynamic -shared -fPIC -lstdc++ build/release/tests/test_spectrum.os -Lbuild/release/libcore -Lsrc/libcore -Lbuild/release/librender -Lsrc/librender -Lbuild/release/libhw -Lsrc/libhw -Lbuild/release/libbidir -Lsrc/libbidir -lboost_system -lboost_filesystem -lboost_thread -ldl -lm -lpthread -lgomp -lmitsuba-core -lmitsuba-render -lmitsuba-hw
g++ -o build/release/textures/scale.os -c -O3 -Wall -g -pipe -march=nocona -msse2 -ftree-vectorize -mfpmath=sse -funsafe-math-optimizations -fno-rounding-math -fno-signaling-nans -fno-math-errno -fomit-frame-pointer -DMTS_DEBUG -DSINGLE_PRECISION -DSPECTRUM_SAMPLES=3 -DMTS_SSE -DMTS_HAS_COHERENT_RT -fopenmp -fvisibility=hidden -mtls-dialect=gnu2 -fPIC -fPIC -DMTS_HAS_LIBPNG=1 -DMTS_HAS_LIBJPEG=1 -DMTS_HAS_OPENEXR=1 -DMTS_HAS_FFTW=1 -I/usr/include/eigen3 -I/usr/include/OpenEXR -Iinclude src/textures/scale.cpp
g++ -o build/release/textures/curvature.so -rdynamic -shared -fPIC -lstdc++ build/release/textures/curvature.os -Lbuild/release/libcore -Lsrc/libcore -Lbuild/release/librender -Lsrc/librender -Lbuild/release/libhw -Lsrc/libhw -Lbuild/release/libbidir -Lsrc/libbidir -lboost_system -lboost_filesystem -lboost_thread -ldl -lm -lpthread -lgomp -lmitsuba-core -lmitsuba-render -lmitsuba-hw
g++ -o build/release/textures/vertexcolors.os -c -O3 -Wall -g -pipe -march=nocona -msse2 -ftree-vectorize -mfpmath=sse -funsafe-math-optimizations -fno-rounding-math -fno-signaling-nans -fno-math-errno -fomit-frame-pointer -DMTS_DEBUG -DSINGLE_PRECISION -DSPECTRUM_SAMPLES=3 -DMTS_SSE -DMTS_HAS_COHERENT_RT -fopenmp -fvisibility=hidden -mtls-dialect=gnu2 -fPIC -fPIC -DMTS_HAS_LIBPNG=1 -DMTS_HAS_LIBJPEG=1 -DMTS_HAS_OPENEXR=1 -DMTS_HAS_FFTW=1 -I/usr/include/eigen3 -I/usr/include/OpenEXR -Iinclude src/textures/vertexcolors.cpp
g++ -o build/release/textures/wireframe.os -c -O3 -Wall -g -pipe -march=nocona -msse2 -ftree-vectorize -mfpmath=sse -funsafe-math-optimizations -fno-rounding-math -fno-signaling-nans -fno-math-errno -fomit-frame-pointer -DMTS_DEBUG -DSINGLE_PRECISION -DSPECTRUM_SAMPLES=3 -DMTS_SSE -DMTS_HAS_COHERENT_RT -fopenmp -fvisibility=hidden -mtls-dialect=gnu2 -fPIC -fPIC -DMTS_HAS_LIBPNG=1 -DMTS_HAS_LIBJPEG=1 -DMTS_HAS_OPENEXR=1 -DMTS_HAS_FFTW=1 -I/usr/include/eigen3 -I/usr/include/OpenEXR -Iinclude src/textures/wireframe.cpp
g++ -o build/release/utils/addimages.os -c -O3 -Wall -g -pipe -march=nocona -msse2 -ftree-vectorize -mfpmath=sse -funsafe-math-optimizations -fno-rounding-math -fno-signaling-nans -fno-math-errno -fomit-frame-pointer -DMTS_DEBUG -DSINGLE_PRECISION -DSPECTRUM_SAMPLES=3 -DMTS_SSE -DMTS_HAS_COHERENT_RT -fopenmp -fvisibility=hidden -mtls-dialect=gnu2 -fPIC -fPIC -DMTS_HAS_LIBPNG=1 -DMTS_HAS_LIBJPEG=1 -DMTS_HAS_OPENEXR=1 -DMTS_HAS_FFTW=1 -I/usr/include/eigen3 -I/usr/include/OpenEXR -Iinclude src/utils/addimages.cpp
g++ -o build/release/utils/cylclip.os -c -O3 -Wall -g -pipe -march=nocona -msse2 -ftree-vectorize -mfpmath=sse -funsafe-math-optimizations -fno-rounding-math -fno-signaling-nans -fno-math-errno -fomit-frame-pointer -DMTS_DEBUG -DSINGLE_PRECISION -DSPECTRUM_SAMPLES=3 -DMTS_SSE -DMTS_HAS_COHERENT_RT -fopenmp -fvisibility=hidden -mtls-dialect=gnu2 -fPIC -fPIC -DMTS_HAS_LIBPNG=1 -DMTS_HAS_LIBJPEG=1 -DMTS_HAS_OPENEXR=1 -DMTS_HAS_FFTW=1 -I/usr/include/eigen3 -I/usr/include/OpenEXR -Iinclude src/utils/cylclip.cpp
g++ -o build/release/textures/gridtexture.so -rdynamic -shared -fPIC -lstdc++ build/release/textures/gridtexture.os -Lbuild/release/libcore -Lsrc/libcore -Lbuild/release/librender -Lsrc/librender -Lbuild/release/libhw -Lsrc/libhw -Lbuild/release/libbidir -Lsrc/libbidir -lboost_system -lboost_filesystem -lboost_thread -ldl -lm -lpthread -lgomp -lmitsuba-core -lmitsuba-render -lmitsuba-hw
g++ -o build/release/utils/joinrgb.os -c -O3 -Wall -g -pipe -march=nocona -msse2 -ftree-vectorize -mfpmath=sse -funsafe-math-optimizations -fno-rounding-math -fno-signaling-nans -fno-math-errno -fomit-frame-pointer -DMTS_DEBUG -DSINGLE_PRECISION -DSPECTRUM_SAMPLES=3 -DMTS_SSE -DMTS_HAS_COHERENT_RT -fopenmp -fvisibility=hidden -mtls-dialect=gnu2 -fPIC -fPIC -DMTS_HAS_LIBPNG=1 -DMTS_HAS_LIBJPEG=1 -DMTS_HAS_OPENEXR=1 -DMTS_HAS_FFTW=1 -I/usr/include/eigen3 -I/usr/include/OpenEXR -Iinclude src/utils/joinrgb.cpp
g++ -o build/release/textures/vertexcolors.so -rdynamic -shared -fPIC -lstdc++ build/release/textures/vertexcolors.os -Lbuild/release/libcore -Lsrc/libcore -Lbuild/release/librender -Lsrc/librender -Lbuild/release/libhw -Lsrc/libhw -Lbuild/release/libbidir -Lsrc/libbidir -lboost_system -lboost_filesystem -lboost_thread -ldl -lm -lpthread -lgomp -lmitsuba-core -lmitsuba-render -lmitsuba-hw
g++ -o build/release/tests/test_random.so -rdynamic -shared -fPIC -lstdc++ build/release/tests/test_random.os -Lbuild/release/libcore -Lsrc/libcore -Lbuild/release/librender -Lsrc/librender -Lbuild/release/libhw -Lsrc/libhw -Lbuild/release/libbidir -Lsrc/libbidir -lboost_system -lboost_filesystem -lboost_thread -ldl -lm -lpthread -lgomp -lmitsuba-core -lmitsuba-render -lmitsuba-hw
g++ -o build/release/utils/kdbench.os -c -O3 -Wall -g -pipe -march=nocona -msse2 -ftree-vectorize -mfpmath=sse -funsafe-math-optimizations -fno-rounding-math -fno-signaling-nans -fno-math-errno -fomit-frame-pointer -DMTS_DEBUG -DSINGLE_PRECISION -DSPECTRUM_SAMPLES=3 -DMTS_SSE -DMTS_HAS_COHERENT_RT -fopenmp -fvisibility=hidden -mtls-dialect=gnu2 -fPIC -fPIC -DMTS_HAS_LIBPNG=1 -DMTS_HAS_LIBJPEG=1 -DMTS_HAS_OPENEXR=1 -DMTS_HAS_FFTW=1 -I/usr/include/eigen3 -I/usr/include/OpenEXR -Iinclude src/utils/kdbench.cpp
g++ -o build/release/utils/tonemap.os -c -O3 -Wall -g -pipe -march=nocona -msse2 -ftree-vectorize -mfpmath=sse -funsafe-math-optimizations -fno-rounding-math -fno-signaling-nans -fno-math-errno -fomit-frame-pointer -DMTS_DEBUG -DSINGLE_PRECISION -DSPECTRUM_SAMPLES=3 -DMTS_SSE -DMTS_HAS_COHERENT_RT -fopenmp -fvisibility=hidden -mtls-dialect=gnu2 -fPIC -fPIC -DMTS_HAS_LIBPNG=1 -DMTS_HAS_LIBJPEG=1 -DMTS_HAS_OPENEXR=1 -DMTS_HAS_FFTW=1 -I/usr/include/eigen3 -I/usr/include/OpenEXR -Iinclude src/utils/tonemap.cpp
g++ -o build/release/textures/scale.so -rdynamic -shared -fPIC -lstdc++ build/release/textures/scale.os -Lbuild/release/libcore -Lsrc/libcore -Lbuild/release/librender -Lsrc/librender -Lbuild/release/libhw -Lsrc/libhw -Lbuild/release/libbidir -Lsrc/libbidir -lboost_system -lboost_filesystem -lboost_thread -ldl -lm -lpthread -lgomp -lmitsuba-core -lmitsuba-render -lmitsuba-hw
g++ -o build/release/textures/wireframe.so -rdynamic -shared -fPIC -lstdc++ build/release/textures/wireframe.os -Lbuild/release/libcore -Lsrc/libcore -Lbuild/release/librender -Lsrc/librender -Lbuild/release/libhw -Lsrc/libhw -Lbuild/release/libbidir -Lsrc/libbidir -lboost_system -lboost_filesystem -lboost_thread -ldl -lm -lpthread -lgomp -lmitsuba-core -lmitsuba-render -lmitsuba-hw
g++ -o build/release/volume/constvolume.os -c -O3 -Wall -g -pipe -march=nocona -msse2 -ftree-vectorize -mfpmath=sse -funsafe-math-optimizations -fno-rounding-math -fno-signaling-nans -fno-math-errno -fomit-frame-pointer -DMTS_DEBUG -DSINGLE_PRECISION -DSPECTRUM_SAMPLES=3 -DMTS_SSE -DMTS_HAS_COHERENT_RT -fopenmp -fvisibility=hidden -mtls-dialect=gnu2 -fPIC -fPIC -DMTS_HAS_LIBPNG=1 -DMTS_HAS_LIBJPEG=1 -DMTS_HAS_OPENEXR=1 -DMTS_HAS_FFTW=1 -I/usr/include/eigen3 -I/usr/include/OpenEXR -Iinclude src/volume/constvolume.cpp
g++ -o build/release/volume/gridvolume.os -c -O3 -Wall -g -pipe -march=nocona -msse2 -ftree-vectorize -mfpmath=sse -funsafe-math-optimizations -fno-rounding-math -fno-signaling-nans -fno-math-errno -fomit-frame-pointer -DMTS_DEBUG -DSINGLE_PRECISION -DSPECTRUM_SAMPLES=3 -DMTS_SSE -DMTS_HAS_COHERENT_RT -fopenmp -fvisibility=hidden -mtls-dialect=gnu2 -fPIC -fPIC -DMTS_HAS_LIBPNG=1 -DMTS_HAS_LIBJPEG=1 -DMTS_HAS_OPENEXR=1 -DMTS_HAS_FFTW=1 -I/usr/include/eigen3 -I/usr/include/OpenEXR -Iinclude src/volume/gridvolume.cpp
g++ -o build/release/utils/cylclip.so -rdynamic -shared -fPIC -lstdc++ build/release/utils/cylclip.os -Lbuild/release/libcore -Lsrc/libcore -Lbuild/release/librender -Lsrc/librender -Lbuild/release/libhw -Lsrc/libhw -Lbuild/release/libbidir -Lsrc/libbidir -lboost_system -lboost_filesystem -lboost_thread -ldl -lm -lpthread -lgomp -lmitsuba-core -lmitsuba-render -lmitsuba-hw
g++ -o build/release/volume/hgridvolume.os -c -O3 -Wall -g -pipe -march=nocona -msse2 -ftree-vectorize -mfpmath=sse -funsafe-math-optimizations -fno-rounding-math -fno-signaling-nans -fno-math-errno -fomit-frame-pointer -DMTS_DEBUG -DSINGLE_PRECISION -DSPECTRUM_SAMPLES=3 -DMTS_SSE -DMTS_HAS_COHERENT_RT -fopenmp -fvisibility=hidden -mtls-dialect=gnu2 -fPIC -fPIC -DMTS_HAS_LIBPNG=1 -DMTS_HAS_LIBJPEG=1 -DMTS_HAS_OPENEXR=1 -DMTS_HAS_FFTW=1 -I/usr/include/eigen3 -I/usr/include/OpenEXR -Iinclude src/volume/hgridvolume.cpp
g++ -o build/release/utils/addimages.so -rdynamic -shared -fPIC -lstdc++ build/release/utils/addimages.os -Lbuild/release/libcore -Lsrc/libcore -Lbuild/release/librender -Lsrc/librender -Lbuild/release/libhw -Lsrc/libhw -Lbuild/release/libbidir -Lsrc/libbidir -lboost_system -lboost_filesystem -lboost_thread -ldl -lm -lpthread -lgomp -lmitsuba-core -lmitsuba-render -lmitsuba-hw
g++ -o build/release/volume/volcache.os -c -O3 -Wall -g -pipe -march=nocona -msse2 -ftree-vectorize -mfpmath=sse -funsafe-math-optimizations -fno-rounding-math -fno-signaling-nans -fno-math-errno -fomit-frame-pointer -DMTS_DEBUG -DSINGLE_PRECISION -DSPECTRUM_SAMPLES=3 -DMTS_SSE -DMTS_HAS_COHERENT_RT -fopenmp -fvisibility=hidden -mtls-dialect=gnu2 -fPIC -fPIC -DMTS_HAS_LIBPNG=1 -DMTS_HAS_LIBJPEG=1 -DMTS_HAS_OPENEXR=1 -DMTS_HAS_FFTW=1 -I/usr/include/eigen3 -I/usr/include/OpenEXR -Iinclude src/volume/volcache.cpp
g++ -o build/release/volume/constvolume.so -rdynamic -shared -fPIC -lstdc++ build/release/volume/constvolume.os -Lbuild/release/libcore -Lsrc/libcore -Lbuild/release/librender -Lsrc/librender -Lbuild/release/libhw -Lsrc/libhw -Lbuild/release/libbidir -Lsrc/libbidir -lboost_system -lboost_filesystem -lboost_thread -ldl -lm -lpthread -lgomp -lmitsuba-core -lmitsuba-render -lmitsuba-hw
Install file: "data/ior/Ag.eta.spd" as "dist/data/ior/Ag.eta.spd"
Install file: "data/ior/Ag.k.spd" as "dist/data/ior/Ag.k.spd"
Install file: "data/ior/Al.eta.spd" as "dist/data/ior/Al.eta.spd"
Install file: "data/ior/Al.k.spd" as "dist/data/ior/Al.k.spd"
Install file: "data/ior/AlAs.eta.spd" as "dist/data/ior/AlAs.eta.spd"
Install file: "data/ior/AlAs.k.spd" as "dist/data/ior/AlAs.k.spd"
Install file: "data/ior/AlAs_palik.eta.spd" as "dist/data/ior/AlAs_palik.eta.spd"
Install file: "data/ior/AlAs_palik.k.spd" as "dist/data/ior/AlAs_palik.k.spd"
Install file: "data/ior/AlSb.eta.spd" as "dist/data/ior/AlSb.eta.spd"
Install file: "data/ior/AlSb.k.spd" as "dist/data/ior/AlSb.k.spd"
Install file: "data/ior/AlSb_palik.eta.spd" as "dist/data/ior/AlSb_palik.eta.spd"
Install file: "data/ior/AlSb_palik.k.spd" as "dist/data/ior/AlSb_palik.k.spd"
Install file: "data/ior/Au.eta.spd" as "dist/data/ior/Au.eta.spd"
Install file: "data/ior/Au.k.spd" as "dist/data/ior/Au.k.spd"
Install file: "data/ior/Be.eta.spd" as "dist/data/ior/Be.eta.spd"
Install file: "data/ior/Be.k.spd" as "dist/data/ior/Be.k.spd"
Install file: "data/ior/Be_palik.eta.spd" as "dist/data/ior/Be_palik.eta.spd"
Install file: "data/ior/Be_palik.k.spd" as "dist/data/ior/Be_palik.k.spd"
Install file: "data/ior/Cr.eta.spd" as "dist/data/ior/Cr.eta.spd"
Install file: "data/ior/Cr.k.spd" as "dist/data/ior/Cr.k.spd"
Install file: "data/ior/CsI.eta.spd" as "dist/data/ior/CsI.eta.spd"
Install file: "data/ior/CsI.k.spd" as "dist/data/ior/CsI.k.spd"
Install file: "data/ior/CsI_palik.eta.spd" as "dist/data/ior/CsI_palik.eta.spd"
Install file: "data/ior/CsI_palik.k.spd" as "dist/data/ior/CsI_palik.k.spd"
Install file: "data/ior/Cu.eta.spd" as "dist/data/ior/Cu.eta.spd"
Install file: "data/ior/Cu.k.spd" as "dist/data/ior/Cu.k.spd"
Install file: "data/ior/Cu2O.eta.spd" as "dist/data/ior/Cu2O.eta.spd"
Install file: "data/ior/Cu2O.k.spd" as "dist/data/ior/Cu2O.k.spd"
Install file: "data/ior/Cu2O_palik.eta.spd" as "dist/data/ior/Cu2O_palik.eta.spd"
Install file: "data/ior/Cu2O_palik.k.spd" as "dist/data/ior/Cu2O_palik.k.spd"
Install file: "data/ior/CuO.eta.spd" as "dist/data/ior/CuO.eta.spd"
Install file: "data/ior/CuO.k.spd" as "dist/data/ior/CuO.k.spd"
Install file: "data/ior/CuO_palik.eta.spd" as "dist/data/ior/CuO_palik.eta.spd"
Install file: "data/ior/CuO_palik.k.spd" as "dist/data/ior/CuO_palik.k.spd"
Install file: "data/ior/Cu_palik.eta.spd" as "dist/data/ior/Cu_palik.eta.spd"
Install file: "data/ior/Cu_palik.k.spd" as "dist/data/ior/Cu_palik.k.spd"
Install file: "data/ior/Hg.eta.spd" as "dist/data/ior/Hg.eta.spd"
Install file: "data/ior/Hg.k.spd" as "dist/data/ior/Hg.k.spd"
Install file: "data/ior/HgTe.eta.spd" as "dist/data/ior/HgTe.eta.spd"
Install file: "data/ior/HgTe.k.spd" as "dist/data/ior/HgTe.k.spd"
Install file: "data/ior/HgTe_palik.eta.spd" as "dist/data/ior/HgTe_palik.eta.spd"
Install file: "data/ior/HgTe_palik.k.spd" as "dist/data/ior/HgTe_palik.k.spd"
Install file: "data/ior/Hg_palik.eta.spd" as "dist/data/ior/Hg_palik.eta.spd"
Install file: "data/ior/Hg_palik.k.spd" as "dist/data/ior/Hg_palik.k.spd"
Install file: "data/ior/Ir.eta.spd" as "dist/data/ior/Ir.eta.spd"
Install file: "data/ior/Ir.k.spd" as "dist/data/ior/Ir.k.spd"
Install file: "data/ior/Ir_palik.eta.spd" as "dist/data/ior/Ir_palik.eta.spd"
Install file: "data/ior/Ir_palik.k.spd" as "dist/data/ior/Ir_palik.k.spd"
Install file: "data/ior/K.eta.spd" as "dist/data/ior/K.eta.spd"
Install file: "data/ior/K.k.spd" as "dist/data/ior/K.k.spd"
Install file: "data/ior/K_palik.eta.spd" as "dist/data/ior/K_palik.eta.spd"
Install file: "data/ior/K_palik.k.spd" as "dist/data/ior/K_palik.k.spd"
Install file: "data/ior/Li.eta.spd" as "dist/data/ior/Li.eta.spd"
Install file: "data/ior/Li.k.spd" as "dist/data/ior/Li.k.spd"
Install file: "data/ior/Li_palik.eta.spd" as "dist/data/ior/Li_palik.eta.spd"
Install file: "data/ior/Li_palik.k.spd" as "dist/data/ior/Li_palik.k.spd"
Install file: "data/ior/MgO.eta.spd" as "dist/data/ior/MgO.eta.spd"
Install file: "data/ior/MgO.k.spd" as "dist/data/ior/MgO.k.spd"
Install file: "data/ior/MgO_palik.eta.spd" as "dist/data/ior/MgO_palik.eta.spd"
Install file: "data/ior/MgO_palik.k.spd" as "dist/data/ior/MgO_palik.k.spd"
Install file: "data/ior/Mo.eta.spd" as "dist/data/ior/Mo.eta.spd"
Install file: "data/ior/Mo.k.spd" as "dist/data/ior/Mo.k.spd"
Install file: "data/ior/Mo_palik.eta.spd" as "dist/data/ior/Mo_palik.eta.spd"
g++ -o build/release/utils/joinrgb.so -rdynamic -shared -fPIC -lstdc++ build/release/utils/joinrgb.os -Lbuild/release/libcore -Lsrc/libcore -Lbuild/release/librender -Lsrc/librender -Lbuild/release/libhw -Lsrc/libhw -Lbuild/release/libbidir -Lsrc/libbidir -lboost_system -lboost_filesystem -lboost_thread -ldl -lm -lpthread -lgomp -lmitsuba-core -lmitsuba-render -lmitsuba-hw
Install file: "data/ior/Mo_palik.k.spd" as "dist/data/ior/Mo_palik.k.spd"
Install file: "data/ior/Na_palik.eta.spd" as "dist/data/ior/Na_palik.eta.spd"
Install file: "data/ior/Na_palik.k.spd" as "dist/data/ior/Na_palik.k.spd"
Install file: "data/ior/Nb.eta.spd" as "dist/data/ior/Nb.eta.spd"
Install file: "data/ior/Nb.k.spd" as "dist/data/ior/Nb.k.spd"
Install file: "data/ior/Nb_palik.eta.spd" as "dist/data/ior/Nb_palik.eta.spd"
Install file: "data/ior/Nb_palik.k.spd" as "dist/data/ior/Nb_palik.k.spd"
Install file: "data/ior/Ni_palik.eta.spd" as "dist/data/ior/Ni_palik.eta.spd"
Install file: "data/ior/Ni_palik.k.spd" as "dist/data/ior/Ni_palik.k.spd"
Install file: "data/ior/Rh.eta.spd" as "dist/data/ior/Rh.eta.spd"
Install file: "data/ior/Rh.k.spd" as "dist/data/ior/Rh.k.spd"
Install file: "data/ior/Rh_palik.eta.spd" as "dist/data/ior/Rh_palik.eta.spd"
Install file: "data/ior/Rh_palik.k.spd" as "dist/data/ior/Rh_palik.k.spd"
Install file: "data/ior/Se-e.eta.spd" as "dist/data/ior/Se-e.eta.spd"
Install file: "data/ior/Se-e.k.spd" as "dist/data/ior/Se-e.k.spd"
Install file: "data/ior/Se-e_palik.eta.spd" as "dist/data/ior/Se-e_palik.eta.spd"
Install file: "data/ior/Se-e_palik.k.spd" as "dist/data/ior/Se-e_palik.k.spd"
Install file: "data/ior/Se.eta.spd" as "dist/data/ior/Se.eta.spd"
Install file: "data/ior/Se.k.spd" as "dist/data/ior/Se.k.spd"
Install file: "data/ior/Se_palik.eta.spd" as "dist/data/ior/Se_palik.eta.spd"
Install file: "data/ior/Se_palik.k.spd" as "dist/data/ior/Se_palik.k.spd"
Install file: "data/ior/SiC.eta.spd" as "dist/data/ior/SiC.eta.spd"
Install file: "data/ior/SiC.k.spd" as "dist/data/ior/SiC.k.spd"
Install file: "data/ior/SiC_palik.eta.spd" as "dist/data/ior/SiC_palik.eta.spd"
Install file: "data/ior/SiC_palik.k.spd" as "dist/data/ior/SiC_palik.k.spd"
Install file: "data/ior/SnTe.eta.spd" as "dist/data/ior/SnTe.eta.spd"
Install file: "data/ior/SnTe.k.spd" as "dist/data/ior/SnTe.k.spd"
Install file: "data/ior/SnTe_palik.eta.spd" as "dist/data/ior/SnTe_palik.eta.spd"
Install file: "data/ior/SnTe_palik.k.spd" as "dist/data/ior/SnTe_palik.k.spd"
Install file: "data/ior/Ta.eta.spd" as "dist/data/ior/Ta.eta.spd"
Install file: "data/ior/Ta.k.spd" as "dist/data/ior/Ta.k.spd"
Install file: "data/ior/Ta_palik.eta.spd" as "dist/data/ior/Ta_palik.eta.spd"
Install file: "data/ior/Ta_palik.k.spd" as "dist/data/ior/Ta_palik.k.spd"
Install file: "data/ior/Te-e.eta.spd" as "dist/data/ior/Te-e.eta.spd"
Install file: "data/ior/Te-e.k.spd" as "dist/data/ior/Te-e.k.spd"
Install file: "data/ior/Te-e_palik.eta.spd" as "dist/data/ior/Te-e_palik.eta.spd"
Install file: "data/ior/Te-e_palik.k.spd" as "dist/data/ior/Te-e_palik.k.spd"
Install file: "data/ior/Te.eta.spd" as "dist/data/ior/Te.eta.spd"
Install file: "data/ior/Te.k.spd" as "dist/data/ior/Te.k.spd"
Install file: "data/ior/Te_palik.eta.spd" as "dist/data/ior/Te_palik.eta.spd"
Install file: "data/ior/Te_palik.k.spd" as "dist/data/ior/Te_palik.k.spd"
Install file: "data/ior/ThF4.eta.spd" as "dist/data/ior/ThF4.eta.spd"
Install file: "data/ior/ThF4.k.spd" as "dist/data/ior/ThF4.k.spd"
Install file: "data/ior/ThF4_palik.eta.spd" as "dist/data/ior/ThF4_palik.eta.spd"
Install file: "data/ior/ThF4_palik.k.spd" as "dist/data/ior/ThF4_palik.k.spd"
Install file: "data/ior/TiC.eta.spd" as "dist/data/ior/TiC.eta.spd"
Install file: "data/ior/TiC.k.spd" as "dist/data/ior/TiC.k.spd"
Install file: "data/ior/TiC_palik.eta.spd" as "dist/data/ior/TiC_palik.eta.spd"
Install file: "data/ior/TiC_palik.k.spd" as "dist/data/ior/TiC_palik.k.spd"
Install file: "data/ior/TiN.eta.spd" as "dist/data/ior/TiN.eta.spd"
Install file: "data/ior/TiN.k.spd" as "dist/data/ior/TiN.k.spd"
Install file: "data/ior/TiN_palik.eta.spd" as "dist/data/ior/TiN_palik.eta.spd"
Install file: "data/ior/TiN_palik.k.spd" as "dist/data/ior/TiN_palik.k.spd"
Install file: "data/ior/TiO2-e.eta.spd" as "dist/data/ior/TiO2-e.eta.spd"
Install file: "data/ior/TiO2-e.k.spd" as "dist/data/ior/TiO2-e.k.spd"
Install file: "data/ior/TiO2-e_palik.eta.spd" as "dist/data/ior/TiO2-e_palik.eta.spd"
Install file: "data/ior/TiO2-e_palik.k.spd" as "dist/data/ior/TiO2-e_palik.k.spd"
Install file: "data/ior/TiO2.eta.spd" as "dist/data/ior/TiO2.eta.spd"
Install file: "data/ior/TiO2.k.spd" as "dist/data/ior/TiO2.k.spd"
Install file: "data/ior/TiO2_palik.eta.spd" as "dist/data/ior/TiO2_palik.eta.spd"
Install file: "data/ior/TiO2_palik.k.spd" as "dist/data/ior/TiO2_palik.k.spd"
Install file: "data/ior/VC.eta.spd" as "dist/data/ior/VC.eta.spd"
Install file: "data/ior/VC.k.spd" as "dist/data/ior/VC.k.spd"
Install file: "data/ior/VC_palik.eta.spd" as "dist/data/ior/VC_palik.eta.spd"
Install file: "data/ior/VC_palik.k.spd" as "dist/data/ior/VC_palik.k.spd"
Install file: "data/ior/VN.eta.spd" as "dist/data/ior/VN.eta.spd"
Install file: "data/ior/VN.k.spd" as "dist/data/ior/VN.k.spd"
Install file: "data/ior/VN_palik.eta.spd" as "dist/data/ior/VN_palik.eta.spd"
Install file: "data/ior/VN_palik.k.spd" as "dist/data/ior/VN_palik.k.spd"
Install file: "data/ior/V_palik.eta.spd" as "dist/data/ior/V_palik.eta.spd"
Install file: "data/ior/V_palik.k.spd" as "dist/data/ior/V_palik.k.spd"
Install file: "data/ior/W.eta.spd" as "dist/data/ior/W.eta.spd"
Install file: "data/ior/W.k.spd" as "dist/data/ior/W.k.spd"
Install file: "data/ior/a-C.eta.spd" as "dist/data/ior/a-C.eta.spd"
Install file: "data/ior/a-C.k.spd" as "dist/data/ior/a-C.k.spd"
Install file: "data/ior/d-C.eta.spd" as "dist/data/ior/d-C.eta.spd"
Install file: "data/ior/d-C.k.spd" as "dist/data/ior/d-C.k.spd"
Install file: "data/ior/d-C_palik.eta.spd" as "dist/data/ior/d-C_palik.eta.spd"
Install file: "data/ior/d-C_palik.k.spd" as "dist/data/ior/d-C_palik.k.spd"
Install file: "data/microfacet/beckmann.dat" as "dist/data/microfacet/beckmann.dat"
Install file: "data/microfacet/ggx.dat" as "dist/data/microfacet/ggx.dat"
Install file: "data/microfacet/phong.dat" as "dist/data/microfacet/phong.dat"
Install file: "data/schema/scene.xsd" as "dist/data/schema/scene.xsd"
Install file: "data/schema/upgrade_0.3.0.xsl" as "dist/data/schema/upgrade_0.3.0.xsl"
Install file: "data/schema/upgrade_0.4.0.xsl" as "dist/data/schema/upgrade_0.4.0.xsl"
Install file: "data/schema/upgrade_0.5.0.xsl" as "dist/data/schema/upgrade_0.5.0.xsl"
Install file: "data/schema/upgrade_0.6.0.xsl" as "dist/data/schema/upgrade_0.6.0.xsl"
Install file: "build/release/libbidir/libmitsuba-bidir.so" as "dist/libmitsuba-bidir.so"
Install file: "build/release/libcore/libmitsuba-core.so" as "dist/libmitsuba-core.so"
Install file: "build/release/libhw/libmitsuba-hw.so" as "dist/libmitsuba-hw.so"
Install file: "build/release/librender/libmitsuba-render.so" as "dist/libmitsuba-render.so"
Install file: "build/release/mitsuba/mitsuba" as "dist/mitsuba"
Install file: "build/release/mtsgui/mtsgui" as "dist/mtsgui"
Install file: "build/release/mitsuba/mtssrv" as "dist/mtssrv"
Install file: "build/release/mitsuba/mtsutil" as "dist/mtsutil"
Install file: "build/release/integrators/adaptive.so" as "dist/plugins/adaptive.so"
Install file: "build/release/utils/addimages.so" as "dist/plugins/addimages.so"
Install file: "build/release/integrators/ao.so" as "dist/plugins/ao.so"
Install file: "build/release/emitters/area.so" as "dist/plugins/area.so"
Install file: "build/release/integrators/bdpt.so" as "dist/plugins/bdpt.so"
Install file: "build/release/bsdfs/blendbsdf.so" as "dist/plugins/blendbsdf.so"
Install file: "build/release/rfilters/box.so" as "dist/plugins/box.so"
Install file: "build/release/bsdfs/bumpmap.so" as "dist/plugins/bumpmap.so"
Install file: "build/release/rfilters/catmullrom.so" as "dist/plugins/catmullrom.so"
Install file: "build/release/textures/checkerboard.so" as "dist/plugins/checkerboard.so"
Install file: "build/release/bsdfs/coating.so" as "dist/plugins/coating.so"
Install file: "build/release/emitters/collimated.so" as "dist/plugins/collimated.so"
Install file: "build/release/bsdfs/conductor.so" as "dist/plugins/conductor.so"
Install file: "build/release/emitters/constant.so" as "dist/plugins/constant.so"
Install file: "build/release/volume/constvolume.so" as "dist/plugins/constvolume.so"
Install file: "build/release/shapes/cube.so" as "dist/plugins/cube.so"
Install file: "build/release/textures/curvature.so" as "dist/plugins/curvature.so"
Install file: "build/release/utils/cylclip.so" as "dist/plugins/cylclip.so"
Install file: "build/release/shapes/cylinder.so" as "dist/plugins/cylinder.so"
Install file: "build/release/bsdfs/dielectric.so" as "dist/plugins/dielectric.so"
Install file: "build/release/bsdfs/difftrans.so" as "dist/plugins/difftrans.so"
Install file: "build/release/bsdfs/diffuse.so" as "dist/plugins/diffuse.so"
Install file: "build/release/subsurface/dipole.so" as "dist/plugins/dipole.so"
Install file: "build/release/integrators/direct.so" as "dist/plugins/direct.so"
Install file: "build/release/emitters/directional.so" as "dist/plugins/directional.so"
Install file: "build/release/shapes/disk.so" as "dist/plugins/disk.so"
Install file: "build/release/emitters/envmap.so" as "dist/plugins/envmap.so"
Install file: "build/release/integrators/erpt.so" as "dist/plugins/erpt.so"
Install file: "build/release/integrators/field.so" as "dist/plugins/field.so"
Install file: "build/release/sensors/fluencemeter.so" as "dist/plugins/fluencemeter.so"
Install file: "build/release/rfilters/gaussian.so" as "dist/plugins/gaussian.so"
Install file: "build/release/textures/gridtexture.so" as "dist/plugins/gridtexture.so"
Install file: "build/release/shapes/hair.so" as "dist/plugins/hair.so"
g++ -o build/release/textures/bitmap.so -rdynamic -shared -fPIC -lstdc++ build/release/textures/bitmap.os -Lbuild/release/libcore -Lsrc/libcore -Lbuild/release/librender -Lsrc/librender -Lbuild/release/libhw -Lsrc/libhw -Lbuild/release/libbidir -Lsrc/libbidir -lboost_system -lboost_filesystem -lboost_thread -ldl -lm -lpthread -lgomp -lmitsuba-core -lmitsuba-render -lmitsuba-hw
Install file: "build/release/samplers/halton.so" as "dist/plugins/halton.so"
Install file: "build/release/samplers/hammersley.so" as "dist/plugins/hammersley.so"
Install file: "build/release/films/hdrfilm.so" as "dist/plugins/hdrfilm.so"
Install file: "build/release/shapes/heightfield.so" as "dist/plugins/heightfield.so"
Install file: "build/release/medium/heterogeneous.so" as "dist/plugins/heterogeneous.so"
Install file: "build/release/phase/hg.so" as "dist/plugins/hg.so"
Install file: "build/release/bsdfs/hk.so" as "dist/plugins/hk.so"
Install file: "build/release/medium/homogeneous.so" as "dist/plugins/homogeneous.so"
Install file: "build/release/samplers/independent.so" as "dist/plugins/independent.so"
Install file: "build/release/shapes/instance.so" as "dist/plugins/instance.so"
Install file: "build/release/bsdfs/irawan.so" as "dist/plugins/irawan.so"
Install file: "build/release/sensors/irradiancemeter.so" as "dist/plugins/irradiancemeter.so"
Install file: "build/release/integrators/irrcache.so" as "dist/plugins/irrcache.so"
Install file: "build/release/phase/isotropic.so" as "dist/plugins/isotropic.so"
Install file: "build/release/utils/joinrgb.so" as "dist/plugins/joinrgb.so"
Install file: "build/release/phase/kkay.so" as "dist/plugins/kkay.so"
Install file: "build/release/rfilters/lanczos.so" as "dist/plugins/lanczos.so"
Install file: "build/release/films/ldrfilm.so" as "dist/plugins/ldrfilm.so"
Install file: "build/release/samplers/ldsampler.so" as "dist/plugins/ldsampler.so"
Install file: "build/release/bsdfs/mask.so" as "dist/plugins/mask.so"
Install file: "build/release/films/mfilm.so" as "dist/plugins/mfilm.so"
Install file: "build/release/phase/microflake.so" as "dist/plugins/microflake.so"
Install file: "build/release/rfilters/mitchell.so" as "dist/plugins/mitchell.so"
Install file: "build/release/bsdfs/mixturebsdf.so" as "dist/plugins/mixturebsdf.so"
Install file: "build/release/phase/mixturephase.so" as "dist/plugins/mixturephase.so"
Install file: "build/release/integrators/mlt.so" as "dist/plugins/mlt.so"
Install file: "build/release/integrators/motion.so" as "dist/plugins/motion.so"
Install file: "build/release/integrators/multichannel.so" as "dist/plugins/multichannel.so"
Install file: "build/release/bsdfs/normalmap.so" as "dist/plugins/normalmap.so"
Install file: "build/release/bsdfs/null.so" as "dist/plugins/null.so"
Install file: "build/release/shapes/obj.so" as "dist/plugins/obj.so"
Install file: "build/release/sensors/orthographic.so" as "dist/plugins/orthographic.so"
Install file: "build/release/integrators/path.so" as "dist/plugins/path.so"
Install file: "build/release/sensors/perspective.so" as "dist/plugins/perspective.so"
Install file: "build/release/sensors/perspective_rdist.so" as "dist/plugins/perspective_rdist.so"
Install file: "build/release/bsdfs/phong.so" as "dist/plugins/phong.so"
Install file: "build/release/integrators/photonmapper.so" as "dist/plugins/photonmapper.so"
Install file: "build/release/bsdfs/plastic.so" as "dist/plugins/plastic.so"
Install file: "build/release/shapes/ply.so" as "dist/plugins/ply.so"
Install file: "build/release/emitters/point.so" as "dist/plugins/point.so"
Install file: "build/release/integrators/ppm.so" as "dist/plugins/ppm.so"
Install file: "build/release/integrators/pssmlt.so" as "dist/plugins/pssmlt.so"
Install file: "build/release/integrators/ptracer.so" as "dist/plugins/ptracer.so"
Install file: "build/release/sensors/radiancemeter.so" as "dist/plugins/radiancemeter.so"
Install file: "build/release/phase/rayleigh.so" as "dist/plugins/rayleigh.so"
Install file: "build/release/shapes/rectangle.so" as "dist/plugins/rectangle.so"
Install file: "build/release/bsdfs/roughcoating.so" as "dist/plugins/roughcoating.so"
Install file: "build/release/bsdfs/roughconductor.so" as "dist/plugins/roughconductor.so"
Install file: "build/release/bsdfs/roughdielectric.so" as "dist/plugins/roughdielectric.so"
Install file: "build/release/bsdfs/roughdiffuse.so" as "dist/plugins/roughdiffuse.so"
Install file: "build/release/bsdfs/roughplastic.so" as "dist/plugins/roughplastic.so"
Install file: "build/release/textures/scale.so" as "dist/plugins/scale.so"
Install file: "build/release/shapes/serialized.so" as "dist/plugins/serialized.so"
Install file: "build/release/textures/bitmap.so" as "dist/plugins/bitmap.so"
Install file: "build/release/shapes/shapegroup.so" as "dist/plugins/shapegroup.so"
Install file: "build/release/subsurface/singlescatter.so" as "dist/plugins/singlescatter.so"
Install file: "build/release/subsurface/singlescatteroptimized.so" as "dist/plugins/singlescatteroptimized.so"
Install file: "build/release/emitters/sky.so" as "dist/plugins/sky.so"
Install file: "build/release/samplers/sobol.so" as "dist/plugins/sobol.so"
Install file: "build/release/shapes/sphere.so" as "dist/plugins/sphere.so"
Install file: "build/release/sensors/spherical.so" as "dist/plugins/spherical.so"
Install file: "build/release/emitters/spot.so" as "dist/plugins/spot.so"
Install file: "build/release/integrators/sppm.so" as "dist/plugins/sppm.so"
Install file: "build/release/samplers/stratified.so" as "dist/plugins/stratified.so"
Install file: "build/release/emitters/sun.so" as "dist/plugins/sun.so"
Install file: "build/release/emitters/sunsky.so" as "dist/plugins/sunsky.so"
Install file: "build/release/sensors/telecentric.so" as "dist/plugins/telecentric.so"
Install file: "build/release/rfilters/tent.so" as "dist/plugins/tent.so"
Install file: "build/release/tests/test_chisquare.so" as "dist/plugins/test_chisquare.so"
Install file: "build/release/tests/test_dgeom.so" as "dist/plugins/test_dgeom.so"
Install file: "build/release/tests/test_kd.so" as "dist/plugins/test_kd.so"
Install file: "build/release/tests/test_la.so" as "dist/plugins/test_la.so"
Install file: "build/release/tests/test_microfacet.so" as "dist/plugins/test_microfacet.so"
Install file: "build/release/tests/test_quad.so" as "dist/plugins/test_quad.so"
Install file: "build/release/tests/test_random.so" as "dist/plugins/test_random.so"
Install file: "build/release/tests/test_rtrans.so" as "dist/plugins/test_rtrans.so"
Install file: "build/release/tests/test_samplers.so" as "dist/plugins/test_samplers.so"
Install file: "build/release/tests/test_spectrum.so" as "dist/plugins/test_spectrum.so"
Install file: "build/release/bsdfs/thindielectric.so" as "dist/plugins/thindielectric.so"
Install file: "build/release/sensors/thinlens.so" as "dist/plugins/thinlens.so"
Install file: "build/release/films/tiledhdrfilm.so" as "dist/plugins/tiledhdrfilm.so"
Install file: "build/release/tests/test_sh.so" as "dist/plugins/test_sh.so"
Install file: "build/release/bsdfs/twosided.so" as "dist/plugins/twosided.so"
Install file: "build/release/textures/vertexcolors.so" as "dist/plugins/vertexcolors.so"
Install file: "build/release/integrators/volpath.so" as "dist/plugins/volpath.so"
Install file: "build/release/integrators/volpath_simple.so" as "dist/plugins/volpath_simple.so"
Install file: "build/release/integrators/vpl.so" as "dist/plugins/vpl.so"
Install file: "build/release/bsdfs/ward.so" as "dist/plugins/ward.so"
Install file: "build/release/textures/wireframe.so" as "dist/plugins/wireframe.so"
Install file: "build/release/libpython/mitsuba_python2.7.so" as "dist/python/2.7/mitsuba.so"
Install file: "build/release/libpython/mitsuba_python3.6.so" as "dist/python/3.6/mitsuba.so"
g++ -o build/release/volume/hgridvolume.so -rdynamic -shared -fPIC -lstdc++ build/release/volume/hgridvolume.os -Lbuild/release/libcore -Lsrc/libcore -Lbuild/release/librender -Lsrc/librender -Lbuild/release/libhw -Lsrc/libhw -Lbuild/release/libbidir -Lsrc/libbidir -lboost_system -lboost_filesystem -lboost_thread -ldl -lm -lpthread -lgomp -lmitsuba-core -lmitsuba-render -lmitsuba-hw
Install file: "build/release/volume/hgridvolume.so" as "dist/plugins/hgridvolume.so"
g++ -o build/release/volume/gridvolume.so -rdynamic -shared -fPIC -lstdc++ build/release/volume/gridvolume.os -Lbuild/release/libcore -Lsrc/libcore -Lbuild/release/librender -Lsrc/librender -Lbuild/release/libhw -Lsrc/libhw -Lbuild/release/libbidir -Lsrc/libbidir -lboost_system -lboost_filesystem -lboost_thread -ldl -lm -lpthread -lgomp -lmitsuba-core -lmitsuba-render -lmitsuba-hw
Install file: "build/release/volume/gridvolume.so" as "dist/plugins/gridvolume.so"
g++ -o build/release/utils/kdbench.so -rdynamic -shared -fPIC -lstdc++ build/release/utils/kdbench.os -Lbuild/release/libcore -Lsrc/libcore -Lbuild/release/librender -Lsrc/librender -Lbuild/release/libhw -Lsrc/libhw -Lbuild/release/libbidir -Lsrc/libbidir -lboost_system -lboost_filesystem -lboost_thread -ldl -lm -lpthread -lgomp -lmitsuba-core -lmitsuba-render -lmitsuba-hw
Install file: "build/release/utils/kdbench.so" as "dist/plugins/kdbench.so"
g++ -o build/release/utils/tonemap.so -rdynamic -shared -fPIC -lstdc++ build/release/utils/tonemap.os -Lbuild/release/libcore -Lsrc/libcore -Lbuild/release/librender -Lsrc/librender -Lbuild/release/libhw -Lsrc/libhw -Lbuild/release/libbidir -Lsrc/libbidir -lboost_system -lboost_filesystem -lboost_thread -ldl -lm -lpthread -lgomp -lmitsuba-core -lmitsuba-render -lmitsuba-hw
Install file: "build/release/utils/tonemap.so" as "dist/plugins/tonemap.so"
g++ -o build/release/volume/volcache.so -rdynamic -shared -fPIC -lstdc++ build/release/volume/volcache.os -Lbuild/release/libcore -Lsrc/libcore -Lbuild/release/librender -Lsrc/librender -Lbuild/release/libhw -Lsrc/libhw -Lbuild/release/libbidir -Lsrc/libbidir -lboost_system -lboost_filesystem -lboost_thread -ldl -lm -lpthread -lgomp -lmitsuba-core -lmitsuba-render -lmitsuba-hw
Install file: "build/release/volume/volcache.so" as "dist/plugins/volcache.so"
scons: done building targets.
